Archive member included because of file (symbol)

c:\Users\student\AppData\Roaming\Code\User\globalStorage\vexrobotics.vexcode\sdk\cpp\V5\V5_20240802_15_00_00/vexv5\libv5rt.a(v5_startup.c.obj)
                              (vexStartup)
c:\Users\student\AppData\Roaming\Code\User\globalStorage\vexrobotics.vexcode\sdk\cpp\V5\V5_20240802_15_00_00/vexv5\libv5rt.a(v5_util.c.obj)
                              c:\Users\student\AppData\Roaming\Code\User\globalStorage\vexrobotics.vexcode\sdk\cpp\V5\V5_20240802_15_00_00/vexv5\libv5rt.a(v5_startup.c.obj) (vexStdlibVersionLinked)
c:\Users\student\AppData\Roaming\Code\User\globalStorage\vexrobotics.vexcode\sdk\cpp\V5\V5_20240802_15_00_00/vexv5\libv5rt.a(v5_apijump.c.obj)
                              c:\Users\student\AppData\Roaming\Code\User\globalStorage\vexrobotics.vexcode\sdk\cpp\V5\V5_20240802_15_00_00/vexv5\libv5rt.a(v5_startup.c.obj) (vexPrivateApiEnable)
c:\Users\student\AppData\Roaming\Code\User\globalStorage\vexrobotics.vexcode\sdk\cpp\V5\V5_20240802_15_00_00/vexv5\libv5rt.a(v5_apiversions.c.obj)
                              c:\Users\student\AppData\Roaming\Code\User\globalStorage\vexrobotics.vexcode\sdk\cpp\V5\V5_20240802_15_00_00/vexv5\libv5rt.a(v5_apijump.c.obj) (vexSystemVersion)
c:\Users\student\AppData\Roaming\Code\User\globalStorage\vexrobotics.vexcode\sdk\cpp\V5\V5_20240802_15_00_00/vexv5\libv5rt.a(vex_global.cpp.obj)
                              build/../../Common/MCEC_Objects.o (vex::rpm)
c:\Users\student\AppData\Roaming\Code\User\globalStorage\vexrobotics.vexcode\sdk\cpp\V5\V5_20240802_15_00_00/vexv5\libv5rt.a(vex_motor.cpp.obj)
                              build/src/main.o (vex::motor::~motor())
c:\Users\student\AppData\Roaming\Code\User\globalStorage\vexrobotics.vexcode\sdk\cpp\V5\V5_20240802_15_00_00/vexv5\libv5rt.a(vex_imu.cpp.obj)
                              build/src/main.o (vex::inertial::setHeading(double, vex::rotationUnits))
c:\Users\student\AppData\Roaming\Code\User\globalStorage\vexrobotics.vexcode\sdk\cpp\V5\V5_20240802_15_00_00/vexv5\libv5rt.a(vex_rotation.cpp.obj)
                              build/src/main.o (vex::rotation::~rotation())
c:\Users\student\AppData\Roaming\Code\User\globalStorage\vexrobotics.vexcode\sdk\cpp\V5\V5_20240802_15_00_00/vexv5\libv5rt.a(vex_controller.cpp.obj)
                              build/src/main.o (vex::controller::~controller())
c:\Users\student\AppData\Roaming\Code\User\globalStorage\vexrobotics.vexcode\sdk\cpp\V5\V5_20240802_15_00_00/vexv5\libv5rt.a(vex_thread.cpp.obj)
                              build/src/main.o (vex::this_thread::sleep_for(unsigned long))
c:\Users\student\AppData\Roaming\Code\User\globalStorage\vexrobotics.vexcode\sdk\cpp\V5\V5_20240802_15_00_00/vexv5\libv5rt.a(vex_event.cpp.obj)
                              c:\Users\student\AppData\Roaming\Code\User\globalStorage\vexrobotics.vexcode\sdk\cpp\V5\V5_20240802_15_00_00/vexv5\libv5rt.a(vex_imu.cpp.obj) (vex::event::init(unsigned long, unsigned long, void (*)()))
c:\Users\student\AppData\Roaming\Code\User\globalStorage\vexrobotics.vexcode\sdk\cpp\V5\V5_20240802_15_00_00/vexv5\libv5rt.a(vex_mevent.cpp.obj)
                              c:\Users\student\AppData\Roaming\Code\User\globalStorage\vexrobotics.vexcode\sdk\cpp\V5\V5_20240802_15_00_00/vexv5\libv5rt.a(vex_controller.cpp.obj) (vex::mevent::mevent(unsigned long, unsigned long))
c:\Users\student\AppData\Roaming\Code\User\globalStorage\vexrobotics.vexcode\sdk\cpp\V5\V5_20240802_15_00_00/vexv5\libv5rt.a(vex_brain.cpp.obj)
                              build/src/main.o (vex::brain::brain())
c:\Users\student\AppData\Roaming\Code\User\globalStorage\vexrobotics.vexcode\sdk\cpp\V5\V5_20240802_15_00_00/vexv5\libv5rt.a(vex_competition.cpp.obj)
                              build/src/main.o (vex::competition::competition())
c:\Users\student\AppData\Roaming\Code\User\globalStorage\vexrobotics.vexcode\sdk\cpp\V5\V5_20240802_15_00_00/vexv5\libv5rt.a(vex_triport.cpp.obj)
                              c:\Users\student\AppData\Roaming\Code\User\globalStorage\vexrobotics.vexcode\sdk\cpp\V5\V5_20240802_15_00_00/vexv5\libv5rt.a(vex_brain.cpp.obj) (vex::triport::~triport())
c:\Users\student\AppData\Roaming\Code\User\globalStorage\vexrobotics.vexcode\sdk\cpp\V5\V5_20240802_15_00_00/vexv5\libv5rt.a(vex_color.cpp.obj)
                              c:\Users\student\AppData\Roaming\Code\User\globalStorage\vexrobotics.vexcode\sdk\cpp\V5\V5_20240802_15_00_00/vexv5\libv5rt.a(vex_brain.cpp.obj) (vex::color::operator unsigned long() const)
c:\Users\student\AppData\Roaming\Code\User\globalStorage\vexrobotics.vexcode\sdk\cpp\V5\V5_20240802_15_00_00/vexv5\libv5rt.a(vex_timer.cpp.obj)
                              c:\Users\student\AppData\Roaming\Code\User\globalStorage\vexrobotics.vexcode\sdk\cpp\V5\V5_20240802_15_00_00/vexv5\libv5rt.a(vex_brain.cpp.obj) (vex::timer::~timer())
[...]
Memory Configuration

Name             Origin             Length             Attributes
ps7_ddr_0_S_AXI_BASEADDR 0x03800000         0x04800000
*default*        0x00000000         0xffffffff

Linker script and memory map

                0x00002000                _STACK_SIZE = DEFINED (_STACK_SIZE)?_STACK_SIZE:0x2000
                0x00100000                _HEAP_SIZE = DEFINED (_HEAP_SIZE)?_HEAP_SIZE:0x100000
                0x00000400                _ABORT_STACK_SIZE = DEFINED (_ABORT_STACK_SIZE)?_ABORT_STACK_SIZE:0x400
                0x00000800                _SUPERVISOR_STACK_SIZE = DEFINED (_SUPERVISOR_STACK_SIZE)?_SUPERVISOR_STACK_SIZE:0x800
                0x00000400                _IRQ_STACK_SIZE = DEFINED (_IRQ_STACK_SIZE)?_IRQ_STACK_SIZE:0x400
                0x00000400                _FIQ_STACK_SIZE = DEFINED (_FIQ_STACK_SIZE)?_FIQ_STACK_SIZE:0x400
                0x00000400                _UNDEF_STACK_SIZE = DEFINED (_UNDEF_STACK_SIZE)?_UNDEF_STACK_SIZE:0x400

.text           0x03800000     0x6680
 *(.vectors)
 *(.boot_data)
 .boot_data     0x03800000       0x20 c:\Users\student\AppData\Roaming\Code\User\globalStorage\vexrobotics.vexcode\sdk\cpp\V5\V5_20240802_15_00_00/vexv5\libv5rt.a(v5_startup.c.obj)
                0x03800000                vexCodeSig
                0x00000020                . = 0x20
 *(.boot)
 .boot          0x03800020       0xbc c:\Users\student\AppData\Roaming\Code\User\globalStorage\vexrobotics.vexcode\sdk\cpp\V5\V5_20240802_15_00_00/vexv5\libv5rt.a(v5_startup.c.obj)
                0x03800020                vexStartup
                0x03800100                . = ALIGN (0x40)
 *fill*         0x038000dc       0x24 
 *(.freertos_vectors)
 *(.text)
 *(.text.*)
 .text._ZN4MCEC11SwerveDriveC2Ellllllllllll
                0x03800100       0xa0 build/src/main.o
                0x03800100                MCEC::SwerveDrive::SwerveDrive(long, long, long, long, long, long, long, long, long, long, long, long)
 .text._ZN4MCEC11SwerveDriveD2Ev
                0x038001a0       0x84 build/src/main.o
                0x038001a0                MCEC::SwerveDrive::~SwerveDrive()
 .text._ZN4MCEC10ControllerC2Ev
                0x03800224       0x90 build/src/main.o
                0x03800224                MCEC::Controller::Controller()
 .text._ZN4MCEC10ControllerD2Ev
                0x038002b4      0x32c build/src/main.o
                0x038002b4                MCEC::Controller::~Controller()
 .text._Z10DriverLoopv
                0x038005e0      0x168 build/src/main.o
                0x038005e0                DriverLoop()
 .text._Z11IntakeStorev
                0x03800748       0x78 build/src/main.o
                0x03800748                IntakeStore()
 .text._Z14IntakeNotStorev
                0x038007c0       0x78 build/src/main.o
                0x038007c0                IntakeNotStore()
 .text._Z8IntakeGov
                0x03800838       0x90 build/src/main.o
                0x03800838                IntakeGo()
 .text._Z11IntakeNotGov
                0x038008c8       0x90 build/src/main.o
                0x038008c8                IntakeNotGo()
 .text._Z10IntakeStopv
                0x03800958       0x30 build/src/main.o
                0x03800958                IntakeStop()
 .text._Z8TurretUpv
                0x03800988       0x78 build/src/main.o
                0x03800988                TurretUp()
 .text._Z10TurretDownv
                0x03800a00       0x78 build/src/main.o
                0x03800a00                TurretDown()
 .text._Z6Driverv
                0x03800a78       0x54 build/src/main.o
                0x03800a78                Driver()
 *fill*         0x03800acc        0x4 
 .text._Z5Autonv
                0x03800ad0      0x2b0 build/src/main.o
                0x03800ad0                Auton()
 .text._Z10FaceDriverv
                0x03800d80       0x14 build/src/main.o
                0x03800d80                FaceDriver()
 .text._Z12FaceOpponentv
                0x03800d94       0x10 build/src/main.o
                0x03800d94                FaceOpponent()
 .text._Z8FaceLeftv
                0x03800da4       0x14 build/src/main.o
                0x03800da4                FaceLeft()
 .text._Z9FaceRightv
                0x03800db8       0x14 build/src/main.o
                0x03800db8                FaceRight()
 .text._Z11SetControlsv
                0x03800dcc      0x35c build/src/main.o
                0x03800dcc                SetControls()
 .text._Z12InitInertialv
                0x03801128       0x84 build/src/main.o
                0x03801128                InitInertial()
 .text._Z17SetupFieldControlv
                0x038011ac       0x6c build/src/main.o
                0x038011ac                SetupFieldControl()
 .text.main     0x03801218      0x18c build/src/main.o
                0x03801218                main
 .text._ZN4MCEC9SwervePodC2Elll
                0x038013a4       0x8c build/src/main.o
                0x038013a4                MCEC::SwervePod::SwervePod(long, long, long)
 .text._ZNSt8functionIFvvEEaSERKS1_
                0x03801430       0xa4 build/src/main.o
                0x03801430                std::function<void ()>::operator=(std::function<void ()> const&)
 .text._ZNSt17_Function_handlerIFvvEPS0_E9_M_invokeERKSt9_Any_data
                0x038014d4        0x8 build/src/main.o
                0x038014d4                std::_Function_handler<void (), void (*)()>::_M_invoke(std::_Any_data const&)
 .text._ZNSt14_Function_base13_Base_managerIPFvvEE10_M_managerERSt9_Any_dataRKS4_St18_Manager_operation
                0x038014dc       0x24 build/src/main.o
                0x038014dc                std::_Function_base::_Base_manager<void (*)()>::_M_manager(std::_Any_data&, std::_Any_data const&, std::_Manager_operation)
 .text._ZNSt6vectorIN4MCEC9PathPointESaIS1_EE13_M_assign_auxIPKS1_EEvT_S7_St20forward_iterator_tag
                0x03801500      0x104 build/src/main.o
                0x03801500                void std::vector<MCEC::PathPoint, std::allocator<MCEC::PathPoint> >::_M_assign_aux<MCEC::PathPoint const*>(MCEC::PathPoint const*, MCEC::PathPoint const*, std::forward_iterator_tag)
 .text._ZNSt12_Vector_baseIN4MCEC9PathPointESaIS1_EE11_M_allocateEj
                0x03801604       0x30 build/src/main.o
                0x03801604                std::_Vector_base<MCEC::PathPoint, std::allocator<MCEC::PathPoint> >::_M_allocate(unsigned int)
 .text._GLOBAL__sub_I_main.cpp
                0x03801634      0x248 build/src/main.o
 .text._ZN4MCEC4abs2Ef
                0x0380187c       0x1c build/../../Common/MCEC_Objects.o
                0x0380187c                MCEC::abs2(float)
 .text._ZN4MCEC9AngleDiffEff
                0x03801898       0x80 build/../../Common/MCEC_Objects.o
                0x03801898                MCEC::AngleDiff(float, float)
 .text._ZN4MCEC8Joystick7isMovedEv
                0x03801918       0x60 build/../../Common/MCEC_Objects.o
                0x03801918                MCEC::Joystick::isMoved()
 .text._ZN4MCEC11RotationPID6UpdateEff
                0x03801978       0x88 build/../../Common/MCEC_Objects.o
                0x03801978                MCEC::RotationPID::Update(float, float)
 .text._ZN4MCEC10Controller3SetEv
                0x03801a00      0x150 build/../../Common/MCEC_Objects.o
                0x03801a00                MCEC::Controller::Set()
 .text._ZN4MCEC6Button3SetEb
                0x03801b50       0x60 build/../../Common/MCEC_Objects.o
                0x03801b50                MCEC::Button::Set(bool)
 .text._ZN4MCEC9SwervePod9SetPowersE7Vector2b
                0x03801bb0      0x150 build/../../Common/MCEC_Objects.o
                0x03801bb0                MCEC::SwervePod::SetPowers(Vector2, bool)
 .text._ZN4MCEC9SwervePod10GoToVectorE7Vector2b
                0x03801d00      0x288 build/../../Common/MCEC_Objects.o
                0x03801d00                MCEC::SwervePod::GoToVector(Vector2, bool)
 .text._ZN4MCEC9SwervePod8GetAngleEv
                0x03801f88       0x8c build/../../Common/MCEC_Objects.o
                0x03801f88                MCEC::SwervePod::GetAngle()
 .text._ZN4MCEC9SwervePod15SetPIDVariablesEfff
                0x03802014        0xc build/../../Common/MCEC_Objects.o
                0x03802014                MCEC::SwervePod::SetPIDVariables(float, float, float)
 .text._ZN4MCEC9SwervePod8IsMovingEv
                0x03802020       0x8c build/../../Common/MCEC_Objects.o
                0x03802020                MCEC::SwervePod::IsMoving()
 .text._ZN4MCEC11SwerveDrive14UpdatePositionEf
                0x038020ac      0x148 build/../../Common/MCEC_Objects.o
                0x038020ac                MCEC::SwerveDrive::UpdatePosition(float)
 .text._ZN4MCEC11SwerveDrive5DriveE7Vector2f
                0x038021f4      0x39c build/../../Common/MCEC_Objects.o
                0x038021f4                MCEC::SwerveDrive::Drive(Vector2, float)
 .text._ZN4MCEC11SwerveDrive4StopEN3vex9brakeTypeE
                0x03802590       0x70 build/../../Common/MCEC_Objects.o
                0x03802590                MCEC::SwerveDrive::Stop(vex::brakeType)
 .text._ZN4MCEC11SwerveDrive9AutonMoveENS_9PathPointE
                0x03802600      0x25c build/../../Common/MCEC_Objects.o
                0x03802600                MCEC::SwerveDrive::AutonMove(MCEC::PathPoint)
 *fill*         0x0380285c        0x4 
 .text._ZN4MCEC11SwerveDrive18SetRotationOffsetsEffff
                0x03802860      0x250 build/../../Common/MCEC_Objects.o
                0x03802860                MCEC::SwerveDrive::SetRotationOffsets(float, float, float, float)
 .text._ZN4MCEC11SwerveDrive13FaceDirectionEf
                0x03802ab0      0x200 build/../../Common/MCEC_Objects.o
                0x03802ab0                MCEC::SwerveDrive::FaceDirection(float)
 .text._ZN4MCEC11SwerveDrive9GoToPointEv
                0x03802cb0      0x1c4 build/../../Common/MCEC_Objects.o
                0x03802cb0                MCEC::SwerveDrive::GoToPoint()
 .text._ZN7Vector2mLEf
                0x03802e74       0x20 build/../../Common/Vectors.o
                0x03802e74                Vector2::operator*=(float)
 .text._ZN7Vector2C2ES_S_
                0x03802e94       0x24 build/../../Common/Vectors.o
                0x03802e94                Vector2::Vector2(Vector2, Vector2)
                0x03802e94                Vector2::Vector2(Vector2, Vector2)
 .text._ZN7Vector212GetMagnitudeEv
                0x03802eb8       0x2c build/../../Common/Vectors.o
                0x03802eb8                Vector2::GetMagnitude()
 *fill*         0x03802ee4        0x4 
 .text._ZN7Vector26RotateEf
                0x03802ee8       0xa0 build/../../Common/Vectors.o
                0x03802ee8                Vector2::Rotate(float)
 .text._ZN7Vector28GetAngleEv
                0x03802f88       0x38 build/../../Common/Vectors.o
                0x03802f88                Vector2::GetAngle()
 .text._ZNK7Vector2mlEf
                0x03802fc0       0x20 build/../../Common/Vectors.o
                0x03802fc0                Vector2::operator*(float) const
 .text._ZNK7Vector2mlES_
                0x03802fe0       0x20 build/../../Common/Vectors.o
                0x03802fe0                Vector2::operator*(Vector2) const
 .text._ZN7Vector2pLES_
                0x03803000       0x24 build/../../Common/Vectors.o
                0x03803000                Vector2::operator+=(Vector2)
 .text._ZNK7Vector2plES_
                0x03803024       0x24 build/../../Common/Vectors.o
                0x03803024                Vector2::operator+(Vector2) const
 .text.vexMain  0x03803048       0xb0 c:\Users\student\AppData\Roaming\Code\User\globalStorage\vexrobotics.vexcode\sdk\cpp\V5\V5_20240802_15_00_00/vexv5\libv5rt.a(v5_startup.c.obj)
                0x03803048                vexMain
 .text.__vex_function_prolog
                0x038030f8       0x18 c:\Users\student\AppData\Roaming\Code\User\globalStorage\vexrobotics.vexcode\sdk\cpp\V5\V5_20240802_15_00_00/vexv5\libv5rt.a(v5_startup.c.obj)
                0x038030f8                __vex_function_prolog
 .text._init    0x03803110        0x4 c:\Users\student\AppData\Roaming\Code\User\globalStorage\vexrobotics.vexcode\sdk\cpp\V5\V5_20240802_15_00_00/vexv5\libv5rt.a(v5_startup.c.obj)
                0x03803110                _init
 .text._fini    0x03803114        0x4 c:\Users\student\AppData\Roaming\Code\User\globalStorage\vexrobotics.vexcode\sdk\cpp\V5\V5_20240802_15_00_00/vexv5\libv5rt.a(v5_startup.c.obj)
                0x03803114                _fini
 .text.vexStdlibVersionLinked
                0x03803118        0xc c:\Users\student\AppData\Roaming\Code\User\globalStorage\vexrobotics.vexcode\sdk\cpp\V5\V5_20240802_15_00_00/vexv5\libv5rt.a(v5_util.c.obj)
                0x03803118                vexStdlibVersionLinked
 .text.vexStdlibVersionVerify
                0x03803124       0x30 c:\Users\student\AppData\Roaming\Code\User\globalStorage\vexrobotics.vexcode\sdk\cpp\V5\V5_20240802_15_00_00/vexv5\libv5rt.a(v5_util.c.obj)
                0x03803124                vexStdlibVersionVerify
 .text.vexPrivateApiEnable
                0x03803154       0x10 c:\Users\student\AppData\Roaming\Code\User\globalStorage\vexrobotics.vexcode\sdk\cpp\V5\V5_20240802_15_00_00/vexv5\libv5rt.a(v5_apijump.c.obj)
                0x03803154                vexPrivateApiEnable
 .text.vexStdlibMismatchError
                0x03803164       0x3c c:\Users\student\AppData\Roaming\Code\User\globalStorage\vexrobotics.vexcode\sdk\cpp\V5\V5_20240802_15_00_00/vexv5\libv5rt.a(v5_apijump.c.obj)
                0x03803164                vexStdlibMismatchError
 .text.vexTaskAdd
                0x038031a0       0x10 c:\Users\student\AppData\Roaming\Code\User\globalStorage\vexrobotics.vexcode\sdk\cpp\V5\V5_20240802_15_00_00/vexv5\libv5rt.a(v5_apijump.c.obj)
                0x038031a0                vexTaskAdd
 .text.vexTasksRun
                0x038031b0       0x10 c:\Users\student\AppData\Roaming\Code\User\globalStorage\vexrobotics.vexcode\sdk\cpp\V5\V5_20240802_15_00_00/vexv5\libv5rt.a(v5_apijump.c.obj)
                0x038031b0                vexTasksRun
 .text.vexTaskYield
                0x038031c0       0x10 c:\Users\student\AppData\Roaming\Code\User\globalStorage\vexrobotics.vexcode\sdk\cpp\V5\V5_20240802_15_00_00/vexv5\libv5rt.a(v5_apijump.c.obj)
                0x038031c0                vexTaskYield
 .text.vexTaskCheckTimeslice
                0x038031d0       0x10 c:\Users\student\AppData\Roaming\Code\User\globalStorage\vexrobotics.vexcode\sdk\cpp\V5\V5_20240802_15_00_00/vexv5\libv5rt.a(v5_apijump.c.obj)
                0x038031d0                vexTaskCheckTimeslice
 .text.vexTaskSleep
                0x038031e0       0x10 c:\Users\student\AppData\Roaming\Code\User\globalStorage\vexrobotics.vexcode\sdk\cpp\V5\V5_20240802_15_00_00/vexv5\libv5rt.a(v5_apijump.c.obj)
                0x038031e0                vexTaskSleep
 .text.vexTasksDump
                0x038031f0       0x1c c:\Users\student\AppData\Roaming\Code\User\globalStorage\vexrobotics.vexcode\sdk\cpp\V5\V5_20240802_15_00_00/vexv5\libv5rt.a(v5_apijump.c.obj)
                0x038031f0                vexTasksDump
 .text.vexTaskGetTaskIndex
                0x0380320c       0x10 c:\Users\student\AppData\Roaming\Code\User\globalStorage\vexrobotics.vexcode\sdk\cpp\V5\V5_20240802_15_00_00/vexv5\libv5rt.a(v5_apijump.c.obj)
                0x0380320c                vexTaskGetTaskIndex
 .text.vexTaskStopAll
                0x0380321c       0x10 c:\Users\student\AppData\Roaming\Code\User\globalStorage\vexrobotics.vexcode\sdk\cpp\V5\V5_20240802_15_00_00/vexv5\libv5rt.a(v5_apijump.c.obj)
                0x0380321c                vexTaskStopAll
 .text.vexTaskRemoveAllUser
                0x0380322c       0x34 c:\Users\student\AppData\Roaming\Code\User\globalStorage\vexrobotics.vexcode\sdk\cpp\V5\V5_20240802_15_00_00/vexv5\libv5rt.a(v5_apijump.c.obj)
                0x0380322c                vexTaskRemoveAllUser
 .text.vexTaskCompletionIdSet
                0x03803260       0x10 c:\Users\student\AppData\Roaming\Code\User\globalStorage\vexrobotics.vexcode\sdk\cpp\V5\V5_20240802_15_00_00/vexv5\libv5rt.a(v5_apijump.c.obj)
                0x03803260                vexTaskCompletionIdSet
 .text.vexTaskStopWithId
                0x03803270       0x10 c:\Users\student\AppData\Roaming\Code\User\globalStorage\vexrobotics.vexcode\sdk\cpp\V5\V5_20240802_15_00_00/vexv5\libv5rt.a(v5_apijump.c.obj)
                0x03803270                vexTaskStopWithId
 .text.vexEventAdd
                0x03803280       0x34 c:\Users\student\AppData\Roaming\Code\User\globalStorage\vexrobotics.vexcode\sdk\cpp\V5\V5_20240802_15_00_00/vexv5\libv5rt.a(v5_apijump.c.obj)
                0x03803280                vexEventAdd
 .text.vexEventUserIndexGet
                0x038032b4       0x1c c:\Users\student\AppData\Roaming\Code\User\globalStorage\vexrobotics.vexcode\sdk\cpp\V5\V5_20240802_15_00_00/vexv5\libv5rt.a(v5_apijump.c.obj)
                0x038032b4                vexEventUserIndexGet
 .text.vexEventAddWithArg
                0x038032d0       0x3c c:\Users\student\AppData\Roaming\Code\User\globalStorage\vexrobotics.vexcode\sdk\cpp\V5\V5_20240802_15_00_00/vexv5\libv5rt.a(v5_apijump.c.obj)
                0x038032d0                vexEventAddWithArg
 .text.vexEventsCleanup
                0x0380330c       0x2c c:\Users\student\AppData\Roaming\Code\User\globalStorage\vexrobotics.vexcode\sdk\cpp\V5\V5_20240802_15_00_00/vexv5\libv5rt.a(v5_apijump.c.obj)
                0x0380330c                vexEventsCleanup
 .text.vexDebug
                0x03803338       0x38 c:\Users\student\AppData\Roaming\Code\User\globalStorage\vexrobotics.vexcode\sdk\cpp\V5\V5_20240802_15_00_00/vexv5\libv5rt.a(v5_apijump.c.obj)
                0x03803338                vexDebug
 .text.vex_sprintf
                0x03803370       0x40 c:\Users\student\AppData\Roaming\Code\User\globalStorage\vexrobotics.vexcode\sdk\cpp\V5\V5_20240802_15_00_00/vexv5\libv5rt.a(v5_apijump.c.obj)
                0x03803370                vex_sprintf
 .text.vex_vsnprintf
                0x038033b0       0x3c c:\Users\student\AppData\Roaming\Code\User\globalStorage\vexrobotics.vexcode\sdk\cpp\V5\V5_20240802_15_00_00/vexv5\libv5rt.a(v5_apijump.c.obj)
                0x038033b0                vex_vsnprintf
 .text.vexSystemTimeGet
                0x038033ec       0x1c c:\Users\student\AppData\Roaming\Code\User\globalStorage\vexrobotics.vexcode\sdk\cpp\V5\V5_20240802_15_00_00/vexv5\libv5rt.a(v5_apijump.c.obj)
                0x038033ec                vexSystemTimeGet
 .text.vexSystemExitRequest
                0x03803408       0x1c c:\Users\student\AppData\Roaming\Code\User\globalStorage\vexrobotics.vexcode\sdk\cpp\V5\V5_20240802_15_00_00/vexv5\libv5rt.a(v5_apijump.c.obj)
                0x03803408                vexSystemExitRequest
 .text.vexDeviceGetByIndex
                0x03803424       0x24 c:\Users\student\AppData\Roaming\Code\User\globalStorage\vexrobotics.vexcode\sdk\cpp\V5\V5_20240802_15_00_00/vexv5\libv5rt.a(v5_apijump.c.obj)
                0x03803424                vexDeviceGetByIndex
 .text.vexControllerGet
                0x03803448       0x2c c:\Users\student\AppData\Roaming\Code\User\globalStorage\vexrobotics.vexcode\sdk\cpp\V5\V5_20240802_15_00_00/vexv5\libv5rt.a(v5_apijump.c.obj)
                0x03803448                vexControllerGet
 .text.vexControllerTextSet
                0x03803474       0x74 c:\Users\student\AppData\Roaming\Code\User\globalStorage\vexrobotics.vexcode\sdk\cpp\V5\V5_20240802_15_00_00/vexv5\libv5rt.a(v5_apijump.c.obj)
                0x03803474                vexControllerTextSet
 .text.vexDeviceAdiPortConfigSet
                0x038034e8       0x34 c:\Users\student\AppData\Roaming\Code\User\globalStorage\vexrobotics.vexcode\sdk\cpp\V5\V5_20240802_15_00_00/vexv5\libv5rt.a(v5_apijump.c.obj)
                0x038034e8                vexDeviceAdiPortConfigSet
 .text.vexDeviceAdiPortConfigGet
                0x0380351c       0x2c c:\Users\student\AppData\Roaming\Code\User\globalStorage\vexrobotics.vexcode\sdk\cpp\V5\V5_20240802_15_00_00/vexv5\libv5rt.a(v5_apijump.c.obj)
                0x0380351c                vexDeviceAdiPortConfigGet
 .text.vexDeviceAdiValueSet
                0x03803548       0x34 c:\Users\student\AppData\Roaming\Code\User\globalStorage\vexrobotics.vexcode\sdk\cpp\V5\V5_20240802_15_00_00/vexv5\libv5rt.a(v5_apijump.c.obj)
                0x03803548                vexDeviceAdiValueSet
 .text.vexDeviceMotorVelocitySet
                0x0380357c       0x2c c:\Users\student\AppData\Roaming\Code\User\globalStorage\vexrobotics.vexcode\sdk\cpp\V5\V5_20240802_15_00_00/vexv5\libv5rt.a(v5_apijump.c.obj)
                0x0380357c                vexDeviceMotorVelocitySet
 .text.vexDeviceMotorActualVelocityGet
                0x038035a8       0x24 c:\Users\student\AppData\Roaming\Code\User\globalStorage\vexrobotics.vexcode\sdk\cpp\V5\V5_20240802_15_00_00/vexv5\libv5rt.a(v5_apijump.c.obj)
                0x038035a8                vexDeviceMotorActualVelocityGet
 .text.vexDeviceMotorBrakeModeSet
                0x038035cc       0x2c c:\Users\student\AppData\Roaming\Code\User\globalStorage\vexrobotics.vexcode\sdk\cpp\V5\V5_20240802_15_00_00/vexv5\libv5rt.a(v5_apijump.c.obj)
                0x038035cc                vexDeviceMotorBrakeModeSet
 .text.vexDeviceMotorPositionSet
                0x038035f8       0x34 c:\Users\student\AppData\Roaming\Code\User\globalStorage\vexrobotics.vexcode\sdk\cpp\V5\V5_20240802_15_00_00/vexv5\libv5rt.a(v5_apijump.c.obj)
                0x038035f8                vexDeviceMotorPositionSet
 .text.vexDeviceMotorGearingGet
                0x0380362c       0x24 c:\Users\student\AppData\Roaming\Code\User\globalStorage\vexrobotics.vexcode\sdk\cpp\V5\V5_20240802_15_00_00/vexv5\libv5rt.a(v5_apijump.c.obj)
                0x0380362c                vexDeviceMotorGearingGet
 .text.vexDeviceImuReset
                0x03803650       0x24 c:\Users\student\AppData\Roaming\Code\User\globalStorage\vexrobotics.vexcode\sdk\cpp\V5\V5_20240802_15_00_00/vexv5\libv5rt.a(v5_apijump.c.obj)
                0x03803650                vexDeviceImuReset
 .text.vexDeviceImuHeadingGet
                0x03803674       0x24 c:\Users\student\AppData\Roaming\Code\User\globalStorage\vexrobotics.vexcode\sdk\cpp\V5\V5_20240802_15_00_00/vexv5\libv5rt.a(v5_apijump.c.obj)
                0x03803674                vexDeviceImuHeadingGet
 .text.vexDeviceImuDegreesGet
                0x03803698       0x24 c:\Users\student\AppData\Roaming\Code\User\globalStorage\vexrobotics.vexcode\sdk\cpp\V5\V5_20240802_15_00_00/vexv5\libv5rt.a(v5_apijump.c.obj)
                0x03803698                vexDeviceImuDegreesGet
 .text.vexDeviceImuRawAccelGet
                0x038036bc       0x2c c:\Users\student\AppData\Roaming\Code\User\globalStorage\vexrobotics.vexcode\sdk\cpp\V5\V5_20240802_15_00_00/vexv5\libv5rt.a(v5_apijump.c.obj)
                0x038036bc                vexDeviceImuRawAccelGet
 .text.vexDeviceImuStatusGet
                0x038036e8       0x24 c:\Users\student\AppData\Roaming\Code\User\globalStorage\vexrobotics.vexcode\sdk\cpp\V5\V5_20240802_15_00_00/vexv5\libv5rt.a(v5_apijump.c.obj)
                0x038036e8                vexDeviceImuStatusGet
 .text.vexDeviceAbsEncAngleGet
                0x0380370c       0x24 c:\Users\student\AppData\Roaming\Code\User\globalStorage\vexrobotics.vexcode\sdk\cpp\V5\V5_20240802_15_00_00/vexv5\libv5rt.a(v5_apijump.c.obj)
                0x0380370c                vexDeviceAbsEncAngleGet
 .text.vexDeviceAbsEncReverseFlagSet
                0x03803730       0x2c c:\Users\student\AppData\Roaming\Code\User\globalStorage\vexrobotics.vexcode\sdk\cpp\V5\V5_20240802_15_00_00/vexv5\libv5rt.a(v5_apijump.c.obj)
                0x03803730                vexDeviceAbsEncReverseFlagSet
 .text.vexDisplayForegroundColor
                0x0380375c       0x24 c:\Users\student\AppData\Roaming\Code\User\globalStorage\vexrobotics.vexcode\sdk\cpp\V5\V5_20240802_15_00_00/vexv5\libv5rt.a(v5_apijump.c.obj)
                0x0380375c                vexDisplayForegroundColor
 .text.vexDisplayBackgroundColor
                0x03803780       0x24 c:\Users\student\AppData\Roaming\Code\User\globalStorage\vexrobotics.vexcode\sdk\cpp\V5\V5_20240802_15_00_00/vexv5\libv5rt.a(v5_apijump.c.obj)
                0x03803780                vexDisplayBackgroundColor
 .text.vexDisplayTextReference
                0x038037a4       0x24 c:\Users\student\AppData\Roaming\Code\User\globalStorage\vexrobotics.vexcode\sdk\cpp\V5\V5_20240802_15_00_00/vexv5\libv5rt.a(v5_apijump.c.obj)
                0x038037a4                vexDisplayTextReference
 .text.vexDisplayTextSize
                0x038037c8       0x2c c:\Users\student\AppData\Roaming\Code\User\globalStorage\vexrobotics.vexcode\sdk\cpp\V5\V5_20240802_15_00_00/vexv5\libv5rt.a(v5_apijump.c.obj)
                0x038037c8                vexDisplayTextSize
 .text.vexDisplayFontNamedSet
                0x038037f4       0x24 c:\Users\student\AppData\Roaming\Code\User\globalStorage\vexrobotics.vexcode\sdk\cpp\V5\V5_20240802_15_00_00/vexv5\libv5rt.a(v5_apijump.c.obj)
                0x038037f4                vexDisplayFontNamedSet
 .text.vexSystemStdlibImpureDataAddr
                0x03803818       0x28 c:\Users\student\AppData\Roaming\Code\User\globalStorage\vexrobotics.vexcode\sdk\cpp\V5\V5_20240802_15_00_00/vexv5\libv5rt.a(v5_apijump.c.obj)
                0x03803818                vexSystemStdlibImpureDataAddr
 .text.vexSystemStdlibImpureDataSize
                0x03803840       0x28 c:\Users\student\AppData\Roaming\Code\User\globalStorage\vexrobotics.vexcode\sdk\cpp\V5\V5_20240802_15_00_00/vexv5\libv5rt.a(v5_apijump.c.obj)
                0x03803840                vexSystemStdlibImpureDataSize
 .text.vexSystemSaveUserData
                0x03803868       0x3c c:\Users\student\AppData\Roaming\Code\User\globalStorage\vexrobotics.vexcode\sdk\cpp\V5\V5_20240802_15_00_00/vexv5\libv5rt.a(v5_apijump.c.obj)
                0x03803868                vexSystemSaveUserData
 .text.vexDisplayThemeIdGet
                0x038038a4       0x38 c:\Users\student\AppData\Roaming\Code\User\globalStorage\vexrobotics.vexcode\sdk\cpp\V5\V5_20240802_15_00_00/vexv5\libv5rt.a(v5_apijump.c.obj)
                0x038038a4                vexDisplayThemeIdGet
 .text.vexCompetitionStatus
                0x038038dc       0x1c c:\Users\student\AppData\Roaming\Code\User\globalStorage\vexrobotics.vexcode\sdk\cpp\V5\V5_20240802_15_00_00/vexv5\libv5rt.a(v5_apijump.c.obj)
                0x038038dc                vexCompetitionStatus
 .text.vexDeviceEventMaskSet
                0x038038f8       0x48 c:\Users\student\AppData\Roaming\Code\User\globalStorage\vexrobotics.vexcode\sdk\cpp\V5\V5_20240802_15_00_00/vexv5\libv5rt.a(v5_apijump.c.obj)
                0x038038f8                vexDeviceEventMaskSet
 .text.vexDeviceEventMaskGet
                0x03803940       0x3c c:\Users\student\AppData\Roaming\Code\User\globalStorage\vexrobotics.vexcode\sdk\cpp\V5\V5_20240802_15_00_00/vexv5\libv5rt.a(v5_apijump.c.obj)
                0x03803940                vexDeviceEventMaskGet
 .text.vexSystemVersion
                0x0380397c       0x10 c:\Users\student\AppData\Roaming\Code\User\globalStorage\vexrobotics.vexcode\sdk\cpp\V5\V5_20240802_15_00_00/vexv5\libv5rt.a(v5_apiversions.c.obj)
                0x0380397c                vexSystemVersion
 .text.vexStdlibVersion
                0x0380398c       0x10 c:\Users\student\AppData\Roaming\Code\User\globalStorage\vexrobotics.vexcode\sdk\cpp\V5\V5_20240802_15_00_00/vexv5\libv5rt.a(v5_apiversions.c.obj)
                0x0380398c                vexStdlibVersion
 .text._ZN3vex5motorD2Ev
                0x0380399c       0x20 c:\Users\student\AppData\Roaming\Code\User\globalStorage\vexrobotics.vexcode\sdk\cpp\V5\V5_20240802_15_00_00/vexv5\libv5rt.a(vex_motor.cpp.obj)
                0x0380399c                vex::motor::~motor()
                0x0380399c                vex::motor::~motor()
 .text._ZN3vex5motorD0Ev
                0x038039bc       0x1c c:\Users\student\AppData\Roaming\Code\User\globalStorage\vexrobotics.vexcode\sdk\cpp\V5\V5_20240802_15_00_00/vexv5\libv5rt.a(vex_motor.cpp.obj)
                0x038039bc                vex::motor::~motor()
 .text._ZN3vex5motor9installedEv
                0x038039d8       0x18 c:\Users\student\AppData\Roaming\Code\User\globalStorage\vexrobotics.vexcode\sdk\cpp\V5\V5_20240802_15_00_00/vexv5\libv5rt.a(vex_motor.cpp.obj)
                0x038039d8                vex::motor::installed()
 .text._ZN3vex5motor15defaultStoppingENS_9brakeTypeE
                0x038039f0       0x30 c:\Users\student\AppData\Roaming\Code\User\globalStorage\vexrobotics.vexcode\sdk\cpp\V5\V5_20240802_15_00_00/vexv5\libv5rt.a(vex_motor.cpp.obj)
                0x038039f0                vex::motor::defaultStopping(vex::brakeType)
 .text._ZN3vex5motorC2El
                0x03803a20       0x78 c:\Users\student\AppData\Roaming\Code\User\globalStorage\vexrobotics.vexcode\sdk\cpp\V5\V5_20240802_15_00_00/vexv5\libv5rt.a(vex_motor.cpp.obj)
                0x03803a20                vex::motor::motor(long)
                0x03803a20                vex::motor::motor(long)
 .text._ZN3vex5motor4stopENS_9brakeTypeE
                0x03803a98       0x30 c:\Users\student\AppData\Roaming\Code\User\globalStorage\vexrobotics.vexcode\sdk\cpp\V5\V5_20240802_15_00_00/vexv5\libv5rt.a(vex_motor.cpp.obj)
                0x03803a98                vex::motor::stop(vex::brakeType)
 .text._ZN3vex5motor4stopEv
                0x03803ac8        0x8 c:\Users\student\AppData\Roaming\Code\User\globalStorage\vexrobotics.vexcode\sdk\cpp\V5\V5_20240802_15_00_00/vexv5\libv5rt.a(vex_motor.cpp.obj)
                0x03803ac8                vex::motor::stop()
 .text._ZN3vex5motor16velocityToScaledEdNS_13velocityUnitsE
                0x03803ad0       0x5c c:\Users\student\AppData\Roaming\Code\User\globalStorage\vexrobotics.vexcode\sdk\cpp\V5\V5_20240802_15_00_00/vexv5\libv5rt.a(vex_motor.cpp.obj)
                0x03803ad0                vex::motor::velocityToScaled(double, vex::velocityUnits)
 .text._ZN3vex5motor8velocityENS_13velocityUnitsE
                0x03803b2c       0x30 c:\Users\student\AppData\Roaming\Code\User\globalStorage\vexrobotics.vexcode\sdk\cpp\V5\V5_20240802_15_00_00/vexv5\libv5rt.a(vex_motor.cpp.obj)
                0x03803b2c                vex::motor::velocity(vex::velocityUnits)
 .text._ZN3vex5motor5valueEv
                0x03803b5c       0x1c c:\Users\student\AppData\Roaming\Code\User\globalStorage\vexrobotics.vexcode\sdk\cpp\V5\V5_20240802_15_00_00/vexv5\libv5rt.a(vex_motor.cpp.obj)
                0x03803b5c                vex::motor::value()
 .text._ZN3vex5motor16scaledToVelocityEdNS_13velocityUnitsE
                0x03803b78       0xa4 c:\Users\student\AppData\Roaming\Code\User\globalStorage\vexrobotics.vexcode\sdk\cpp\V5\V5_20240802_15_00_00/vexv5\libv5rt.a(vex_motor.cpp.obj)
                0x03803b78                vex::motor::scaledToVelocity(double, vex::velocityUnits)
 .text._ZN3vex5motor4spinENS_13directionTypeEdNS_13velocityUnitsE
                0x03803c1c       0x5c c:\Users\student\AppData\Roaming\Code\User\globalStorage\vexrobotics.vexcode\sdk\cpp\V5\V5_20240802_15_00_00/vexv5\libv5rt.a(vex_motor.cpp.obj)
                0x03803c1c                vex::motor::spin(vex::directionType, double, vex::velocityUnits)
 .text._ZN3vex8inertial11getTurnTypeEv
                0x03803c78        0x8 c:\Users\student\AppData\Roaming\Code\User\globalStorage\vexrobotics.vexcode\sdk\cpp\V5\V5_20240802_15_00_00/vexv5\libv5rt.a(vex_imu.cpp.obj)
                0x03803c78                vex::inertial::getTurnType()
 .text._ZThn16_N3vex8inertial11getTurnTypeEv
                0x03803c80        0x8 c:\Users\student\AppData\Roaming\Code\User\globalStorage\vexrobotics.vexcode\sdk\cpp\V5\V5_20240802_15_00_00/vexv5\libv5rt.a(vex_imu.cpp.obj)
                0x03803c80                non-virtual thunk to vex::inertial::getTurnType()
 .text._ZN3vex8inertial10setHeadingEdNS_13rotationUnitsE
                0x03803c88       0x58 c:\Users\student\AppData\Roaming\Code\User\globalStorage\vexrobotics.vexcode\sdk\cpp\V5\V5_20240802_15_00_00/vexv5\libv5rt.a(vex_imu.cpp.obj)
                0x03803c88                vex::inertial::setHeading(double, vex::rotationUnits)
 .text._ZThn16_N3vex8inertial10setHeadingEdNS_13rotationUnitsE
                0x03803ce0        0x8 c:\Users\student\AppData\Roaming\Code\User\globalStorage\vexrobotics.vexcode\sdk\cpp\V5\V5_20240802_15_00_00/vexv5\libv5rt.a(vex_imu.cpp.obj)
                0x03803ce0                non-virtual thunk to vex::inertial::setHeading(double, vex::rotationUnits)
 .text._ZN3vex8inertial11setRotationEdNS_13rotationUnitsE
                0x03803ce8       0x58 c:\Users\student\AppData\Roaming\Code\User\globalStorage\vexrobotics.vexcode\sdk\cpp\V5\V5_20240802_15_00_00/vexv5\libv5rt.a(vex_imu.cpp.obj)
                0x03803ce8                vex::inertial::setRotation(double, vex::rotationUnits)
 .text._ZThn16_N3vex8inertial11setRotationEdNS_13rotationUnitsE
                0x03803d40        0x8 c:\Users\student\AppData\Roaming\Code\User\globalStorage\vexrobotics.vexcode\sdk\cpp\V5\V5_20240802_15_00_00/vexv5\libv5rt.a(vex_imu.cpp.obj)
                0x03803d40                non-virtual thunk to vex::inertial::setRotation(double, vex::rotationUnits)
 .text._ZN3vex8inertialD2Ev
                0x03803d48       0x20 c:\Users\student\AppData\Roaming\Code\User\globalStorage\vexrobotics.vexcode\sdk\cpp\V5\V5_20240802_15_00_00/vexv5\libv5rt.a(vex_imu.cpp.obj)
                0x03803d48                vex::inertial::~inertial()
                0x03803d48                vex::inertial::~inertial()
 .text._ZThn16_N3vex8inertialD1Ev
                0x03803d68        0x8 c:\Users\student\AppData\Roaming\Code\User\globalStorage\vexrobotics.vexcode\sdk\cpp\V5\V5_20240802_15_00_00/vexv5\libv5rt.a(vex_imu.cpp.obj)
                0x03803d68                non-virtual thunk to vex::inertial::~inertial()
 .text._ZN3vex8inertialD0Ev
                0x03803d70       0x1c c:\Users\student\AppData\Roaming\Code\User\globalStorage\vexrobotics.vexcode\sdk\cpp\V5\V5_20240802_15_00_00/vexv5\libv5rt.a(vex_imu.cpp.obj)
                0x03803d70                vex::inertial::~inertial()
 .text._ZThn16_N3vex8inertialD0Ev
                0x03803d8c        0x8 c:\Users\student\AppData\Roaming\Code\User\globalStorage\vexrobotics.vexcode\sdk\cpp\V5\V5_20240802_15_00_00/vexv5\libv5rt.a(vex_imu.cpp.obj)
                0x03803d8c                non-virtual thunk to vex::inertial::~inertial()
 .text._ZN3vex8inertial9installedEv
                0x03803d94       0x18 c:\Users\student\AppData\Roaming\Code\User\globalStorage\vexrobotics.vexcode\sdk\cpp\V5\V5_20240802_15_00_00/vexv5\libv5rt.a(vex_imu.cpp.obj)
                0x03803d94                vex::inertial::installed()
 .text._ZN3vex8inertial5angleENS_13rotationUnitsE
                0x03803dac       0x6c c:\Users\student\AppData\Roaming\Code\User\globalStorage\vexrobotics.vexcode\sdk\cpp\V5\V5_20240802_15_00_00/vexv5\libv5rt.a(vex_imu.cpp.obj)
                0x03803dac                vex::inertial::angle(vex::rotationUnits)
 .text._ZThn16_N3vex8inertial5angleENS_13rotationUnitsE
                0x03803e18        0x8 c:\Users\student\AppData\Roaming\Code\User\globalStorage\vexrobotics.vexcode\sdk\cpp\V5\V5_20240802_15_00_00/vexv5\libv5rt.a(vex_imu.cpp.obj)
                0x03803e18                non-virtual thunk to vex::inertial::angle(vex::rotationUnits)
 .text._ZN3vex8inertial7headingENS_13rotationUnitsE
                0x03803e20        0x4 c:\Users\student\AppData\Roaming\Code\User\globalStorage\vexrobotics.vexcode\sdk\cpp\V5\V5_20240802_15_00_00/vexv5\libv5rt.a(vex_imu.cpp.obj)
                0x03803e20                vex::inertial::heading(vex::rotationUnits)
 .text._ZThn16_N3vex8inertial7headingENS_13rotationUnitsE
                0x03803e24        0x8 c:\Users\student\AppData\Roaming\Code\User\globalStorage\vexrobotics.vexcode\sdk\cpp\V5\V5_20240802_15_00_00/vexv5\libv5rt.a(vex_imu.cpp.obj)
                0x03803e24                non-virtual thunk to vex::inertial::heading(vex::rotationUnits)
 .text._ZN3vex8inertial5valueEv
                0x03803e2c       0x1c c:\Users\student\AppData\Roaming\Code\User\globalStorage\vexrobotics.vexcode\sdk\cpp\V5\V5_20240802_15_00_00/vexv5\libv5rt.a(vex_imu.cpp.obj)
                0x03803e2c                vex::inertial::value()
 .text._ZN3vex8inertial8rotationENS_13rotationUnitsE
                0x03803e48       0x48 c:\Users\student\AppData\Roaming\Code\User\globalStorage\vexrobotics.vexcode\sdk\cpp\V5\V5_20240802_15_00_00/vexv5\libv5rt.a(vex_imu.cpp.obj)
                0x03803e48                vex::inertial::rotation(vex::rotationUnits)
 .text._ZThn16_N3vex8inertial8rotationENS_13rotationUnitsE
                0x03803e90        0x8 c:\Users\student\AppData\Roaming\Code\User\globalStorage\vexrobotics.vexcode\sdk\cpp\V5\V5_20240802_15_00_00/vexv5\libv5rt.a(vex_imu.cpp.obj)
                0x03803e90                non-virtual thunk to vex::inertial::rotation(vex::rotationUnits)
 .text._ZN3vex8inertial13isCalibratingEv
                0x03803e98       0x38 c:\Users\student\AppData\Roaming\Code\User\globalStorage\vexrobotics.vexcode\sdk\cpp\V5\V5_20240802_15_00_00/vexv5\libv5rt.a(vex_imu.cpp.obj)
                0x03803e98                vex::inertial::isCalibrating()
 .text._ZThn16_N3vex8inertial13isCalibratingEv
                0x03803ed0        0x8 c:\Users\student\AppData\Roaming\Code\User\globalStorage\vexrobotics.vexcode\sdk\cpp\V5\V5_20240802_15_00_00/vexv5\libv5rt.a(vex_imu.cpp.obj)
                0x03803ed0                non-virtual thunk to vex::inertial::isCalibrating()
 .text._ZN3vex8inertialC2ElNS_8turnTypeE
                0x03803ed8       0x4c c:\Users\student\AppData\Roaming\Code\User\globalStorage\vexrobotics.vexcode\sdk\cpp\V5\V5_20240802_15_00_00/vexv5\libv5rt.a(vex_imu.cpp.obj)
                0x03803ed8                vex::inertial::inertial(long, vex::turnType)
                0x03803ed8                vex::inertial::inertial(long, vex::turnType)
 .text._ZN3vex8inertial12resetHeadingEv
                0x03803f24       0x20 c:\Users\student\AppData\Roaming\Code\User\globalStorage\vexrobotics.vexcode\sdk\cpp\V5\V5_20240802_15_00_00/vexv5\libv5rt.a(vex_imu.cpp.obj)
                0x03803f24                vex::inertial::resetHeading()
 .text._ZN3vex8inertial16startCalibrationEl
                0x03803f44       0x20 c:\Users\student\AppData\Roaming\Code\User\globalStorage\vexrobotics.vexcode\sdk\cpp\V5\V5_20240802_15_00_00/vexv5\libv5rt.a(vex_imu.cpp.obj)
                0x03803f44                vex::inertial::startCalibration(long)
 .text._ZN3vex8inertial9calibrateEl
                0x03803f64        0xc c:\Users\student\AppData\Roaming\Code\User\globalStorage\vexrobotics.vexcode\sdk\cpp\V5\V5_20240802_15_00_00/vexv5\libv5rt.a(vex_imu.cpp.obj)
                0x03803f64                vex::inertial::calibrate(long)
                0x03803f68                non-virtual thunk to vex::inertial::calibrate(long)
 .text._ZN3vex8inertial12accelerationENS_8axisTypeE
                0x03803f70       0x38 c:\Users\student\AppData\Roaming\Code\User\globalStorage\vexrobotics.vexcode\sdk\cpp\V5\V5_20240802_15_00_00/vexv5\libv5rt.a(vex_imu.cpp.obj)
                0x03803f70                vex::inertial::acceleration(vex::axisType)
 .text._ZN3vex8rotationD2Ev
                0x03803fa8       0x20 c:\Users\student\AppData\Roaming\Code\User\globalStorage\vexrobotics.vexcode\sdk\cpp\V5\V5_20240802_15_00_00/vexv5\libv5rt.a(vex_rotation.cpp.obj)
                0x03803fa8                vex::rotation::~rotation()
                0x03803fa8                vex::rotation::~rotation()
 .text._ZN3vex8rotationD0Ev
                0x03803fc8       0x1c c:\Users\student\AppData\Roaming\Code\User\globalStorage\vexrobotics.vexcode\sdk\cpp\V5\V5_20240802_15_00_00/vexv5\libv5rt.a(vex_rotation.cpp.obj)
                0x03803fc8                vex::rotation::~rotation()
 .text._ZN3vex8rotation9installedEv
                0x03803fe4       0x18 c:\Users\student\AppData\Roaming\Code\User\globalStorage\vexrobotics.vexcode\sdk\cpp\V5\V5_20240802_15_00_00/vexv5\libv5rt.a(vex_rotation.cpp.obj)
                0x03803fe4                vex::rotation::installed()
 .text._ZN3vex8rotation5valueEv
                0x03803ffc        0x8 c:\Users\student\AppData\Roaming\Code\User\globalStorage\vexrobotics.vexcode\sdk\cpp\V5\V5_20240802_15_00_00/vexv5\libv5rt.a(vex_rotation.cpp.obj)
                0x03803ffc                vex::rotation::value()
 .text._ZN3vex8rotationC2Elb
                0x03804004       0x30 c:\Users\student\AppData\Roaming\Code\User\globalStorage\vexrobotics.vexcode\sdk\cpp\V5\V5_20240802_15_00_00/vexv5\libv5rt.a(vex_rotation.cpp.obj)
                0x03804004                vex::rotation::rotation(long, bool)
                0x03804004                vex::rotation::rotation(long, bool)
 *fill*         0x03804034        0x4 
 .text._ZN3vex8rotation5angleENS_13rotationUnitsE
                0x03804038       0x50 c:\Users\student\AppData\Roaming\Code\User\globalStorage\vexrobotics.vexcode\sdk\cpp\V5\V5_20240802_15_00_00/vexv5\libv5rt.a(vex_rotation.cpp.obj)
                0x03804038                vex::rotation::angle(vex::rotationUnits)
 .text._ZN3vex10controllerD2Ev
                0x03804088        0x4 c:\Users\student\AppData\Roaming\Code\User\globalStorage\vexrobotics.vexcode\sdk\cpp\V5\V5_20240802_15_00_00/vexv5\libv5rt.a(vex_controller.cpp.obj)
                0x03804088                vex::controller::~controller()
                0x03804088                vex::controller::~controller()
 .text._ZN3vex10controller5valueE19_V5_ControllerIndex
                0x0380408c        0x8 c:\Users\student\AppData\Roaming\Code\User\globalStorage\vexrobotics.vexcode\sdk\cpp\V5\V5_20240802_15_00_00/vexv5\libv5rt.a(vex_controller.cpp.obj)
                0x0380408c                vex::controller::value(_V5_ControllerIndex)
 .text._ZN3vex10controller6rumbleEPKc
                0x03804094       0x4c c:\Users\student\AppData\Roaming\Code\User\globalStorage\vexrobotics.vexcode\sdk\cpp\V5\V5_20240802_15_00_00/vexv5\libv5rt.a(vex_controller.cpp.obj)
                0x03804094                vex::controller::rumble(char const*)
 .text._ZNK3vex10controller6button8pressingEv
                0x038040e0       0xc8 c:\Users\student\AppData\Roaming\Code\User\globalStorage\vexrobotics.vexcode\sdk\cpp\V5\V5_20240802_15_00_00/vexv5\libv5rt.a(vex_controller.cpp.obj)
                0x038040e0                vex::controller::button::pressing() const
 .text._ZNK3vex10controller6button21_buttonToPressedEventEv
                0x038041a8       0x20 c:\Users\student\AppData\Roaming\Code\User\globalStorage\vexrobotics.vexcode\sdk\cpp\V5\V5_20240802_15_00_00/vexv5\libv5rt.a(vex_controller.cpp.obj)
                0x038041a8                vex::controller::button::_buttonToPressedEvent() const
 .text._ZNK3vex10controller6button22_buttonToReleasedEventEv
                0x038041c8       0x20 c:\Users\student\AppData\Roaming\Code\User\globalStorage\vexrobotics.vexcode\sdk\cpp\V5\V5_20240802_15_00_00/vexv5\libv5rt.a(vex_controller.cpp.obj)
                0x038041c8                vex::controller::button::_buttonToReleasedEvent() const
 .text._ZN3vex10controller6buttonC2ENS0_11tButtonTypeEPS0_
                0x038041e8       0x48 c:\Users\student\AppData\Roaming\Code\User\globalStorage\vexrobotics.vexcode\sdk\cpp\V5\V5_20240802_15_00_00/vexv5\libv5rt.a(vex_controller.cpp.obj)
                0x038041e8                vex::controller::button::button(vex::controller::tButtonType, vex::controller*)
                0x038041e8                vex::controller::button::button(vex::controller::tButtonType, vex::controller*)
 .text._ZNK3vex10controller4axis5valueEv
                0x03804230       0x58 c:\Users\student\AppData\Roaming\Code\User\globalStorage\vexrobotics.vexcode\sdk\cpp\V5\V5_20240802_15_00_00/vexv5\libv5rt.a(vex_controller.cpp.obj)
                0x03804230                vex::controller::axis::value() const
 .text._ZNK3vex10controller4axis8positionENS_12percentUnitsE
                0x03804288       0x1c c:\Users\student\AppData\Roaming\Code\User\globalStorage\vexrobotics.vexcode\sdk\cpp\V5\V5_20240802_15_00_00/vexv5\libv5rt.a(vex_controller.cpp.obj)
                0x03804288                vex::controller::axis::position(vex::percentUnits) const
 .text._ZNK3vex10controller4axis23_joystickToChangedEventEv
                0x038042a4       0x20 c:\Users\student\AppData\Roaming\Code\User\globalStorage\vexrobotics.vexcode\sdk\cpp\V5\V5_20240802_15_00_00/vexv5\libv5rt.a(vex_controller.cpp.obj)
                0x038042a4                vex::controller::axis::_joystickToChangedEvent() const
 .text._ZN3vex10controller4axisC2ENS0_9tAxisTypeEPS0_
                0x038042c4       0x2c c:\Users\student\AppData\Roaming\Code\User\globalStorage\vexrobotics.vexcode\sdk\cpp\V5\V5_20240802_15_00_00/vexv5\libv5rt.a(vex_controller.cpp.obj)
                0x038042c4                vex::controller::axis::axis(vex::controller::tAxisType, vex::controller*)
                0x038042c4                vex::controller::axis::axis(vex::controller::tAxisType, vex::controller*)
 .text._ZN3vex10controllerC2Ev
                0x038042f0      0x164 c:\Users\student\AppData\Roaming\Code\User\globalStorage\vexrobotics.vexcode\sdk\cpp\V5\V5_20240802_15_00_00/vexv5\libv5rt.a(vex_controller.cpp.obj)
                0x038042f0                vex::controller::controller()
                0x038042f0                vex::controller::controller()
 .text._ZN3vex10controller3lcd15getControllerIdEv
                0x03804454       0x10 c:\Users\student\AppData\Roaming\Code\User\globalStorage\vexrobotics.vexcode\sdk\cpp\V5\V5_20240802_15_00_00/vexv5\libv5rt.a(vex_controller.cpp.obj)
                0x03804454                vex::controller::lcd::getControllerId()
 .text._ZN3vex10controller3lcd9setCursorEll
                0x03804464       0x40 c:\Users\student\AppData\Roaming\Code\User\globalStorage\vexrobotics.vexcode\sdk\cpp\V5\V5_20240802_15_00_00/vexv5\libv5rt.a(vex_controller.cpp.obj)
                0x03804464                vex::controller::lcd::setCursor(long, long)
 .text._ZN3vex10controller3lcd5printEPKcz
                0x038044a4       0x80 c:\Users\student\AppData\Roaming\Code\User\globalStorage\vexrobotics.vexcode\sdk\cpp\V5\V5_20240802_15_00_00/vexv5\libv5rt.a(vex_controller.cpp.obj)
                0x038044a4                vex::controller::lcd::print(char const*, ...)
 .text._ZN3vex10controller3lcd9clearLineEi
                0x03804524       0x80 c:\Users\student\AppData\Roaming\Code\User\globalStorage\vexrobotics.vexcode\sdk\cpp\V5\V5_20240802_15_00_00/vexv5\libv5rt.a(vex_controller.cpp.obj)
                0x03804524                vex::controller::lcd::clearLine(int)
 .text._ZN3vex10controller3lcd11clearScreenEv
                0x038045a4       0x5c c:\Users\student\AppData\Roaming\Code\User\globalStorage\vexrobotics.vexcode\sdk\cpp\V5\V5_20240802_15_00_00/vexv5\libv5rt.a(vex_controller.cpp.obj)
                0x038045a4                vex::controller::lcd::clearScreen()
 .text._ZN3vex11this_thread9sleep_forEm
                0x03804600        0x4 c:\Users\student\AppData\Roaming\Code\User\globalStorage\vexrobotics.vexcode\sdk\cpp\V5\V5_20240802_15_00_00/vexv5\libv5rt.a(vex_thread.cpp.obj)
                0x03804600                vex::this_thread::sleep_for(unsigned long)
 .text._ZN3vex5event4initEmmPFvvE
                0x03804604        0x4 c:\Users\student\AppData\Roaming\Code\User\globalStorage\vexrobotics.vexcode\sdk\cpp\V5\V5_20240802_15_00_00/vexv5\libv5rt.a(vex_event.cpp.obj)
                0x03804604                vex::event::init(unsigned long, unsigned long, void (*)())
 .text._ZN3vex5event4initEmmPFvPvES1_
                0x03804608        0x4 c:\Users\student\AppData\Roaming\Code\User\globalStorage\vexrobotics.vexcode\sdk\cpp\V5\V5_20240802_15_00_00/vexv5\libv5rt.a(vex_event.cpp.obj)
                0x03804608                vex::event::init(unsigned long, unsigned long, void (*)(void*), void*)
 .text._ZN3vex5event9userindexEv
                0x0380460c        0x4 c:\Users\student\AppData\Roaming\Code\User\globalStorage\vexrobotics.vexcode\sdk\cpp\V5\V5_20240802_15_00_00/vexv5\libv5rt.a(vex_event.cpp.obj)
                0x0380460c                vex::event::userindex()
 .text._ZZN3vex6meventC4EmmENUlvE_4_FUNEv
                0x03804610        0x4 c:\Users\student\AppData\Roaming\Code\User\globalStorage\vexrobotics.vexcode\sdk\cpp\V5\V5_20240802_15_00_00/vexv5\libv5rt.a(vex_mevent.cpp.obj)
 .text._ZN3vex6meventC2Emm
                0x03804614       0x70 c:\Users\student\AppData\Roaming\Code\User\globalStorage\vexrobotics.vexcode\sdk\cpp\V5\V5_20240802_15_00_00/vexv5\libv5rt.a(vex_mevent.cpp.obj)
                0x03804614                vex::mevent::mevent(unsigned long, unsigned long)
                0x03804614                vex::mevent::mevent(unsigned long, unsigned long)
 .text._ZN3vex5brain9_getIndexEv
                0x03804684       0x10 c:\Users\student\AppData\Roaming\Code\User\globalStorage\vexrobotics.vexcode\sdk\cpp\V5\V5_20240802_15_00_00/vexv5\libv5rt.a(vex_brain.cpp.obj)
                0x03804684                vex::brain::_getIndex()
 .text._ZN3vex5brain3lcd9setCursorEll
                0x03804694       0x44 c:\Users\student\AppData\Roaming\Code\User\globalStorage\vexrobotics.vexcode\sdk\cpp\V5\V5_20240802_15_00_00/vexv5\libv5rt.a(vex_brain.cpp.obj)
                0x03804694                vex::brain::lcd::setCursor(long, long)
 .text._ZN3vex5brain3lcd7setFontENS_8fontTypeE
                0x038046d8      0x23c c:\Users\student\AppData\Roaming\Code\User\globalStorage\vexrobotics.vexcode\sdk\cpp\V5\V5_20240802_15_00_00/vexv5\libv5rt.a(vex_brain.cpp.obj)
                0x038046d8                vex::brain::lcd::setFont(vex::fontType)
 .text._ZN3vex5brain3lcdC2Ev
                0x03804914       0x94 c:\Users\student\AppData\Roaming\Code\User\globalStorage\vexrobotics.vexcode\sdk\cpp\V5\V5_20240802_15_00_00/vexv5\libv5rt.a(vex_brain.cpp.obj)
                0x03804914                vex::brain::lcd::lcd()
                0x03804914                vex::brain::lcd::lcd()
 .text._ZN3vex5brainC2Ev
                0x038049a8       0x3c c:\Users\student\AppData\Roaming\Code\User\globalStorage\vexrobotics.vexcode\sdk\cpp\V5\V5_20240802_15_00_00/vexv5\libv5rt.a(vex_brain.cpp.obj)
                0x038049a8                vex::brain::brain()
                0x038049a8                vex::brain::brain()
 .text._ZN3vex5brainD2Ev
                0x038049e4       0x20 c:\Users\student\AppData\Roaming\Code\User\globalStorage\vexrobotics.vexcode\sdk\cpp\V5\V5_20240802_15_00_00/vexv5\libv5rt.a(vex_brain.cpp.obj)
                0x038049e4                vex::brain::~brain()
                0x038049e4                vex::brain::~brain()
 .text._ZN3vex11competition8_disableEPv
                0x03804a04       0xa4 c:\Users\student\AppData\Roaming\Code\User\globalStorage\vexrobotics.vexcode\sdk\cpp\V5\V5_20240802_15_00_00/vexv5\libv5rt.a(vex_competition.cpp.obj)
                0x03804a04                vex::competition::_disable(void*)
 .text._ZN3vex11competition11_autonomousEv
                0x03804aa8       0x80 c:\Users\student\AppData\Roaming\Code\User\globalStorage\vexrobotics.vexcode\sdk\cpp\V5\V5_20240802_15_00_00/vexv5\libv5rt.a(vex_competition.cpp.obj)
                0x03804aa8                vex::competition::_autonomous()
 .text._ZN3vex11competition14_drivercontrolEv
                0x03804b28       0x80 c:\Users\student\AppData\Roaming\Code\User\globalStorage\vexrobotics.vexcode\sdk\cpp\V5\V5_20240802_15_00_00/vexv5\libv5rt.a(vex_competition.cpp.obj)
                0x03804b28                vex::competition::_drivercontrol()
 .text._ZN3vex11competitionC2Ev
                0x03804ba8      0x13c c:\Users\student\AppData\Roaming\Code\User\globalStorage\vexrobotics.vexcode\sdk\cpp\V5\V5_20240802_15_00_00/vexv5\libv5rt.a(vex_competition.cpp.obj)
                0x03804ba8                vex::competition::competition()
                0x03804ba8                vex::competition::competition()
 .text._ZN3vex11competitionD2Ev
                0x03804ce4        0x4 c:\Users\student\AppData\Roaming\Code\User\globalStorage\vexrobotics.vexcode\sdk\cpp\V5\V5_20240802_15_00_00/vexv5\libv5rt.a(vex_competition.cpp.obj)
                0x03804ce4                vex::competition::~competition()
                0x03804ce4                vex::competition::~competition()
 .text._ZN3vex11competition10autonomousEPFvvE
                0x03804ce8       0x44 c:\Users\student\AppData\Roaming\Code\User\globalStorage\vexrobotics.vexcode\sdk\cpp\V5\V5_20240802_15_00_00/vexv5\libv5rt.a(vex_competition.cpp.obj)
                0x03804ce8                vex::competition::autonomous(void (*)())
 .text._ZN3vex11competition13drivercontrolEPFvvE
                0x03804d2c       0x44 c:\Users\student\AppData\Roaming\Code\User\globalStorage\vexrobotics.vexcode\sdk\cpp\V5\V5_20240802_15_00_00/vexv5\libv5rt.a(vex_competition.cpp.obj)
                0x03804d2c                vex::competition::drivercontrol(void (*)())
 .text._ZN3vex11competition15isDriverControlEv
                0x03804d70       0x14 c:\Users\student\AppData\Roaming\Code\User\globalStorage\vexrobotics.vexcode\sdk\cpp\V5\V5_20240802_15_00_00/vexv5\libv5rt.a(vex_competition.cpp.obj)
                0x03804d70                vex::competition::isDriverControl()
 .text._ZN3vex11competition14isFieldControlEv
                0x03804d84       0x10 c:\Users\student\AppData\Roaming\Code\User\globalStorage\vexrobotics.vexcode\sdk\cpp\V5\V5_20240802_15_00_00/vexv5\libv5rt.a(vex_competition.cpp.obj)
                0x03804d84                vex::competition::isFieldControl()
 .text._ZN3vex7triportD2Ev
                0x03804d94       0x38 c:\Users\student\AppData\Roaming\Code\User\globalStorage\vexrobotics.vexcode\sdk\cpp\V5\V5_20240802_15_00_00/vexv5\libv5rt.a(vex_triport.cpp.obj)
                0x03804d94                vex::triport::~triport()
                0x03804d94                vex::triport::~triport()
 .text._ZN3vex7triportD0Ev
                0x03804dcc       0x1c c:\Users\student\AppData\Roaming\Code\User\globalStorage\vexrobotics.vexcode\sdk\cpp\V5\V5_20240802_15_00_00/vexv5\libv5rt.a(vex_triport.cpp.obj)
                0x03804dcc                vex::triport::~triport()
 .text._ZN3vex7triport9installedEv
                0x03804de8       0x18 c:\Users\student\AppData\Roaming\Code\User\globalStorage\vexrobotics.vexcode\sdk\cpp\V5\V5_20240802_15_00_00/vexv5\libv5rt.a(vex_triport.cpp.obj)
                0x03804de8                vex::triport::installed()
 .text._ZN3vex7triport4portC2ElPS0_
                0x03804e00       0x74 c:\Users\student\AppData\Roaming\Code\User\globalStorage\vexrobotics.vexcode\sdk\cpp\V5\V5_20240802_15_00_00/vexv5\libv5rt.a(vex_triport.cpp.obj)
                0x03804e00                vex::triport::port::port(long, vex::triport*)
                0x03804e00                vex::triport::port::port(long, vex::triport*)
 .text._ZN3vex7triportC2El
                0x03804e74       0xf0 c:\Users\student\AppData\Roaming\Code\User\globalStorage\vexrobotics.vexcode\sdk\cpp\V5\V5_20240802_15_00_00/vexv5\libv5rt.a(vex_triport.cpp.obj)
                0x03804e74                vex::triport::triport(long)
                0x03804e74                vex::triport::triport(long)
 .text._ZN3vex7triport4port4typeENS_11triportTypeE
                0x03804f64       0x30 c:\Users\student\AppData\Roaming\Code\User\globalStorage\vexrobotics.vexcode\sdk\cpp\V5\V5_20240802_15_00_00/vexv5\libv5rt.a(vex_triport.cpp.obj)
                0x03804f64                vex::triport::port::type(vex::triportType)
 .text._ZN3vex7triport4port4typeEv
                0x03804f94       0x38 c:\Users\student\AppData\Roaming\Code\User\globalStorage\vexrobotics.vexcode\sdk\cpp\V5\V5_20240802_15_00_00/vexv5\libv5rt.a(vex_triport.cpp.obj)
                0x03804f94                vex::triport::port::type()
 .text._ZN3vex7triport4port5valueEl
                0x03804fcc       0x18 c:\Users\student\AppData\Roaming\Code\User\globalStorage\vexrobotics.vexcode\sdk\cpp\V5\V5_20240802_15_00_00/vexv5\libv5rt.a(vex_triport.cpp.obj)
                0x03804fcc                vex::triport::port::value(long)
 .text._ZN3vex11__trideviceC2ERNS_7triport4portENS_11triportTypeE
                0x03804fe4       0x5c c:\Users\student\AppData\Roaming\Code\User\globalStorage\vexrobotics.vexcode\sdk\cpp\V5\V5_20240802_15_00_00/vexv5\libv5rt.a(vex_triport.cpp.obj)
                0x03804fe4                vex::__tridevice::__tridevice(vex::triport::port&, vex::triportType)
                0x03804fe4                vex::__tridevice::__tridevice(vex::triport::port&, vex::triportType)
 .text._ZN3vex11digital_outC2ERNS_7triport4portE
                0x03805040       0x18 c:\Users\student\AppData\Roaming\Code\User\globalStorage\vexrobotics.vexcode\sdk\cpp\V5\V5_20240802_15_00_00/vexv5\libv5rt.a(vex_triport.cpp.obj)
                0x03805040                vex::digital_out::digital_out(vex::triport::port&)
                0x03805040                vex::digital_out::digital_out(vex::triport::port&)
 .text._ZN3vex11digital_outD2Ev
                0x03805058        0x4 c:\Users\student\AppData\Roaming\Code\User\globalStorage\vexrobotics.vexcode\sdk\cpp\V5\V5_20240802_15_00_00/vexv5\libv5rt.a(vex_triport.cpp.obj)
                0x03805058                vex::digital_out::~digital_out()
                0x03805058                vex::digital_out::~digital_out()
 .text._ZN3vex11digital_out3setEb
                0x0380505c        0x8 c:\Users\student\AppData\Roaming\Code\User\globalStorage\vexrobotics.vexcode\sdk\cpp\V5\V5_20240802_15_00_00/vexv5\libv5rt.a(vex_triport.cpp.obj)
                0x0380505c                vex::digital_out::set(bool)
 .text._ZN3vex5colorD2Ev
                0x03805064        0x4 c:\Users\student\AppData\Roaming\Code\User\globalStorage\vexrobotics.vexcode\sdk\cpp\V5\V5_20240802_15_00_00/vexv5\libv5rt.a(vex_color.cpp.obj)
                0x03805064                vex::color::~color()
                0x03805064                vex::color::~color()
 .text.startup._GLOBAL__sub_I__ZN3vex5color5blackE
                0x03805068      0x164 c:\Users\student\AppData\Roaming\Code\User\globalStorage\vexrobotics.vexcode\sdk\cpp\V5\V5_20240802_15_00_00/vexv5\libv5rt.a(vex_color.cpp.obj)
 .text._ZN3vex5timerD2Ev
                0x038051cc        0x4 c:\Users\student\AppData\Roaming\Code\User\globalStorage\vexrobotics.vexcode\sdk\cpp\V5\V5_20240802_15_00_00/vexv5\libv5rt.a(vex_timer.cpp.obj)
                0x038051cc                vex::timer::~timer()
                0x038051cc                vex::timer::~timer()
 .text._ZN3vex5timer5clearEv
                0x038051d0       0x1c c:\Users\student\AppData\Roaming\Code\User\globalStorage\vexrobotics.vexcode\sdk\cpp\V5\V5_20240802_15_00_00/vexv5\libv5rt.a(vex_timer.cpp.obj)
                0x038051d0                vex::timer::clear()
 .text._ZN3vex5timerC2Ev
                0x038051ec       0x14 c:\Users\student\AppData\Roaming\Code\User\globalStorage\vexrobotics.vexcode\sdk\cpp\V5\V5_20240802_15_00_00/vexv5\libv5rt.a(vex_timer.cpp.obj)
                0x038051ec                vex::timer::timer()
                0x038051ec                vex::timer::timer()
 .text._ZN3vex5timer6systemEv
                0x03805200        0x4 c:\Users\student\AppData\Roaming\Code\User\globalStorage\vexrobotics.vexcode\sdk\cpp\V5\V5_20240802_15_00_00/vexv5\libv5rt.a(vex_timer.cpp.obj)
                0x03805200                vex::timer::system()
 .text.vexAdiPortConfigSet
                0x03805204       0x28 c:\Users\student\AppData\Roaming\Code\User\globalStorage\vexrobotics.vexcode\sdk\cpp\V5\V5_20240802_15_00_00/vexv5\libv5rt.a(v5_apiuser.c.obj)
                0x03805204                vexAdiPortConfigSet
 .text.vexAdiPortConfigGet
                0x0380522c       0x28 c:\Users\student\AppData\Roaming\Code\User\globalStorage\vexrobotics.vexcode\sdk\cpp\V5\V5_20240802_15_00_00/vexv5\libv5rt.a(v5_apiuser.c.obj)
                0x0380522c                vexAdiPortConfigGet
 .text.vexAdiValueSet
                0x03805254       0x28 c:\Users\student\AppData\Roaming\Code\User\globalStorage\vexrobotics.vexcode\sdk\cpp\V5\V5_20240802_15_00_00/vexv5\libv5rt.a(v5_apiuser.c.obj)
                0x03805254                vexAdiValueSet
 .text.vexMotorVelocitySet
                0x0380527c       0x20 c:\Users\student\AppData\Roaming\Code\User\globalStorage\vexrobotics.vexcode\sdk\cpp\V5\V5_20240802_15_00_00/vexv5\libv5rt.a(v5_apiuser.c.obj)
                0x0380527c                vexMotorVelocitySet
 .text.vexMotorActualVelocityGet
                0x0380529c       0x24 c:\Users\student\AppData\Roaming\Code\User\globalStorage\vexrobotics.vexcode\sdk\cpp\V5\V5_20240802_15_00_00/vexv5\libv5rt.a(v5_apiuser.c.obj)
                0x0380529c                vexMotorActualVelocityGet
 .text.vexMotorBrakeModeSet
                0x038052c0       0x20 c:\Users\student\AppData\Roaming\Code\User\globalStorage\vexrobotics.vexcode\sdk\cpp\V5\V5_20240802_15_00_00/vexv5\libv5rt.a(v5_apiuser.c.obj)
                0x038052c0                vexMotorBrakeModeSet
 .text.vexMotorPositionSet
                0x038052e0       0x28 c:\Users\student\AppData\Roaming\Code\User\globalStorage\vexrobotics.vexcode\sdk\cpp\V5\V5_20240802_15_00_00/vexv5\libv5rt.a(v5_apiuser.c.obj)
                0x038052e0                vexMotorPositionSet
 .text.vexMotorGearingGet
                0x03805308       0x18 c:\Users\student\AppData\Roaming\Code\User\globalStorage\vexrobotics.vexcode\sdk\cpp\V5\V5_20240802_15_00_00/vexv5\libv5rt.a(v5_apiuser.c.obj)
                0x03805308                vexMotorGearingGet
 .text.vexImuReset
                0x03805320       0x10 c:\Users\student\AppData\Roaming\Code\User\globalStorage\vexrobotics.vexcode\sdk\cpp\V5\V5_20240802_15_00_00/vexv5\libv5rt.a(v5_apiuser.c.obj)
                0x03805320                vexImuReset
 .text.vexImuHeadingGet
                0x03805330       0x10 c:\Users\student\AppData\Roaming\Code\User\globalStorage\vexrobotics.vexcode\sdk\cpp\V5\V5_20240802_15_00_00/vexv5\libv5rt.a(v5_apiuser.c.obj)
                0x03805330                vexImuHeadingGet
 .text.vexImuDegreesGet
                0x03805340       0x10 c:\Users\student\AppData\Roaming\Code\User\globalStorage\vexrobotics.vexcode\sdk\cpp\V5\V5_20240802_15_00_00/vexv5\libv5rt.a(v5_apiuser.c.obj)
                0x03805340                vexImuDegreesGet
 .text.vexImuRawAccelGet
                0x03805350       0x18 c:\Users\student\AppData\Roaming\Code\User\globalStorage\vexrobotics.vexcode\sdk\cpp\V5\V5_20240802_15_00_00/vexv5\libv5rt.a(v5_apiuser.c.obj)
                0x03805350                vexImuRawAccelGet
 .text.vexImuStatusGet
                0x03805368       0x10 c:\Users\student\AppData\Roaming\Code\User\globalStorage\vexrobotics.vexcode\sdk\cpp\V5\V5_20240802_15_00_00/vexv5\libv5rt.a(v5_apiuser.c.obj)
                0x03805368                vexImuStatusGet
 .text.vexAbsEncAngleGet
                0x03805378       0x10 c:\Users\student\AppData\Roaming\Code\User\globalStorage\vexrobotics.vexcode\sdk\cpp\V5\V5_20240802_15_00_00/vexv5\libv5rt.a(v5_apiuser.c.obj)
                0x03805378                vexAbsEncAngleGet
 .text.vexAbsEncReverseFlagSet
                0x03805388       0x18 c:\Users\student\AppData\Roaming\Code\User\globalStorage\vexrobotics.vexcode\sdk\cpp\V5\V5_20240802_15_00_00/vexv5\libv5rt.a(v5_apiuser.c.obj)
                0x03805388                vexAbsEncReverseFlagSet
 .text.vexEventMaskSet
                0x038053a0       0x28 c:\Users\student\AppData\Roaming\Code\User\globalStorage\vexrobotics.vexcode\sdk\cpp\V5\V5_20240802_15_00_00/vexv5\libv5rt.a(v5_apiuser.c.obj)
                0x038053a0                vexEventMaskSet
 .text.vexEventMaskGet
                0x038053c8       0x18 c:\Users\student\AppData\Roaming\Code\User\globalStorage\vexrobotics.vexcode\sdk\cpp\V5\V5_20240802_15_00_00/vexv5\libv5rt.a(v5_apiuser.c.obj)
                0x038053c8                vexEventMaskGet
 .text._ZN3vex6deviceD2Ev
                0x038053e0        0x4 c:\Users\student\AppData\Roaming\Code\User\globalStorage\vexrobotics.vexcode\sdk\cpp\V5\V5_20240802_15_00_00/vexv5\libv5rt.a(vex_device.cpp.obj)
                0x038053e0                vex::device::~device()
                0x038053e0                vex::device::~device()
 .text._ZN3vex6device5valueEv
                0x038053e4        0x8 c:\Users\student\AppData\Roaming\Code\User\globalStorage\vexrobotics.vexcode\sdk\cpp\V5\V5_20240802_15_00_00/vexv5\libv5rt.a(vex_device.cpp.obj)
                0x038053e4                vex::device::value()
 .text._ZN3vex6deviceD0Ev
                0x038053ec       0x14 c:\Users\student\AppData\Roaming\Code\User\globalStorage\vexrobotics.vexcode\sdk\cpp\V5\V5_20240802_15_00_00/vexv5\libv5rt.a(vex_device.cpp.obj)
                0x038053ec                vex::device::~device()
 .text._ZN3vex6device4initEl
                0x03805400       0x30 c:\Users\student\AppData\Roaming\Code\User\globalStorage\vexrobotics.vexcode\sdk\cpp\V5\V5_20240802_15_00_00/vexv5\libv5rt.a(vex_device.cpp.obj)
                0x03805400                vex::device::init(long)
 .text._ZN3vex6deviceC2El
                0x03805430       0x20 c:\Users\student\AppData\Roaming\Code\User\globalStorage\vexrobotics.vexcode\sdk\cpp\V5\V5_20240802_15_00_00/vexv5\libv5rt.a(vex_device.cpp.obj)
                0x03805430                vex::device::device(long)
                0x03805430                vex::device::device(long)
 .text._ZN3vex6device4typeEv
                0x03805450       0x10 c:\Users\student\AppData\Roaming\Code\User\globalStorage\vexrobotics.vexcode\sdk\cpp\V5\V5_20240802_15_00_00/vexv5\libv5rt.a(vex_device.cpp.obj)
                0x03805450                vex::device::type()
 .text._ZN3vex6device9installedEv
                0x03805460       0x14 c:\Users\student\AppData\Roaming\Code\User\globalStorage\vexrobotics.vexcode\sdk\cpp\V5\V5_20240802_15_00_00/vexv5\libv5rt.a(vex_device.cpp.obj)
                0x03805460                vex::device::installed()
 .text._ZN3vex4taskC2EPFivE
                0x03805474       0x5c c:\Users\student\AppData\Roaming\Code\User\globalStorage\vexrobotics.vexcode\sdk\cpp\V5\V5_20240802_15_00_00/vexv5\libv5rt.a(vex_task.cpp.obj)
                0x03805474                vex::task::task(int (*)())
                0x03805474                vex::task::task(int (*)())
 .text._ZN3vex4taskD2Ev
                0x038054d0        0x4 c:\Users\student\AppData\Roaming\Code\User\globalStorage\vexrobotics.vexcode\sdk\cpp\V5\V5_20240802_15_00_00/vexv5\libv5rt.a(vex_task.cpp.obj)
                0x038054d0                vex::task::~task()
                0x038054d0                vex::task::~task()
 .text._ZN3vex4task4stopEPvi
                0x038054d4       0x1c c:\Users\student\AppData\Roaming\Code\User\globalStorage\vexrobotics.vexcode\sdk\cpp\V5\V5_20240802_15_00_00/vexv5\libv5rt.a(vex_task.cpp.obj)
                0x038054d4                vex::task::stop(void*, int)
 .text._ZN3vex4task6_indexEPFivE
                0x038054f0       0x14 c:\Users\student\AppData\Roaming\Code\User\globalStorage\vexrobotics.vexcode\sdk\cpp\V5\V5_20240802_15_00_00/vexv5\libv5rt.a(vex_task.cpp.obj)
                0x038054f0                vex::task::_index(int (*)())
 .text._ZN3vex4task8_stopAllEv
                0x03805504       0x3c c:\Users\student\AppData\Roaming\Code\User\globalStorage\vexrobotics.vexcode\sdk\cpp\V5\V5_20240802_15_00_00/vexv5\libv5rt.a(vex_task.cpp.obj)
                0x03805504                vex::task::_stopAll()
 .text.__libc_fini_array
                0x03805540       0x30 c:\Users\student\AppData\Roaming\Code\User\globalStorage\vexrobotics.vexcode\sdk\cpp\V5\V5_20240802_15_00_00/vexv5/gcc/libs\libc.a(lib_a-fini.o)
                0x03805540                __libc_fini_array
 .text.__libc_init_array
                0x03805570       0x58 c:\Users\student\AppData\Roaming\Code\User\globalStorage\vexrobotics.vexcode\sdk\cpp\V5\V5_20240802_15_00_00/vexv5/gcc/libs\libc.a(lib_a-init.o)
                0x03805570                __libc_init_array
 .text.cosf     0x038055c8       0x94 c:\Users\student\AppData\Roaming\Code\User\globalStorage\vexrobotics.vexcode\sdk\cpp\V5\V5_20240802_15_00_00/vexv5/gcc/libs\libm.a(lib_a-sf_cos.o)
                0x038055c8                cosf
 .text.sinf     0x0380565c       0xa0 c:\Users\student\AppData\Roaming\Code\User\globalStorage\vexrobotics.vexcode\sdk\cpp\V5\V5_20240802_15_00_00/vexv5/gcc/libs\libm.a(lib_a-sf_sin.o)
                0x0380565c                sinf
 .text.atan2f   0x038056fc        0x4 c:\Users\student\AppData\Roaming\Code\User\globalStorage\vexrobotics.vexcode\sdk\cpp\V5\V5_20240802_15_00_00/vexv5/gcc/libs\libm.a(lib_a-wf_atan2.o)
                0x038056fc                atan2f
 .text.__ieee754_atan2f
                0x03805700      0x188 c:\Users\student\AppData\Roaming\Code\User\globalStorage\vexrobotics.vexcode\sdk\cpp\V5\V5_20240802_15_00_00/vexv5/gcc/libs\libm.a(lib_a-ef_atan2.o)
                0x03805700                __ieee754_atan2f
 .text.__ieee754_rem_pio2f
                0x03805888      0x278 c:\Users\student\AppData\Roaming\Code\User\globalStorage\vexrobotics.vexcode\sdk\cpp\V5\V5_20240802_15_00_00/vexv5/gcc/libs\libm.a(lib_a-ef_rem_pio2.o)
                0x03805888                __ieee754_rem_pio2f
 .text.__kernel_cosf
                0x03805b00      0x118 c:\Users\student\AppData\Roaming\Code\User\globalStorage\vexrobotics.vexcode\sdk\cpp\V5\V5_20240802_15_00_00/vexv5/gcc/libs\libm.a(lib_a-kf_cos.o)
                0x03805b00                __kernel_cosf
 .text.__kernel_rem_pio2f
                0x03805c18      0x628 c:\Users\student\AppData\Roaming\Code\User\globalStorage\vexrobotics.vexcode\sdk\cpp\V5\V5_20240802_15_00_00/vexv5/gcc/libs\libm.a(lib_a-kf_rem_pio2.o)
                0x03805c18                __kernel_rem_pio2f
 .text.__kernel_sinf
                0x03806240       0x98 c:\Users\student\AppData\Roaming\Code\User\globalStorage\vexrobotics.vexcode\sdk\cpp\V5\V5_20240802_15_00_00/vexv5/gcc/libs\libm.a(lib_a-kf_sin.o)
                0x03806240                __kernel_sinf
 .text.atanf    0x038062d8      0x1c0 c:\Users\student\AppData\Roaming\Code\User\globalStorage\vexrobotics.vexcode\sdk\cpp\V5\V5_20240802_15_00_00/vexv5/gcc/libs\libm.a(lib_a-sf_atan.o)
                0x038062d8                atanf
 .text.fabsf    0x03806498        0x8 c:\Users\student\AppData\Roaming\Code\User\globalStorage\vexrobotics.vexcode\sdk\cpp\V5\V5_20240802_15_00_00/vexv5/gcc/libs\libm.a(lib_a-sf_fabs.o)
                0x03806498                fabsf
 .text.floorf   0x038064a0       0xb4 c:\Users\student\AppData\Roaming\Code\User\globalStorage\vexrobotics.vexcode\sdk\cpp\V5\V5_20240802_15_00_00/vexv5/gcc/libs\libm.a(lib_a-sf_floor.o)
                0x038064a0                floorf
 .text.scalbnf  0x03806554      0x100 c:\Users\student\AppData\Roaming\Code\User\globalStorage\vexrobotics.vexcode\sdk\cpp\V5\V5_20240802_15_00_00/vexv5/gcc/libs\libm.a(lib_a-sf_scalbn.o)
                0x03806554                scalbnf
 .text.copysignf
                0x03806654        0xc c:\Users\student\AppData\Roaming\Code\User\globalStorage\vexrobotics.vexcode\sdk\cpp\V5\V5_20240802_15_00_00/vexv5/gcc/libs\libm.a(lib_a-sf_copysign.o)
                0x03806654                copysignf
 .text.copysignf.__stub
                0x03806660       0x20 linker stubs
 *(.gnu.linkonce.t.*)
 *(.plt)
 *(.gnu_warning)
 *(.gcc_except_table)
 *(.glue_7)
 .glue_7        0x00000000        0x0 linker stubs
 *(.glue_7t)
 .glue_7t       0x00000000        0x0 linker stubs
 *(.vfp11_veneer)
 .vfp11_veneer  0x00000000        0x0 linker stubs
 *(.ARM.extab)
 *(.gnu.linkonce.armextab.*)

.v4_bx          0x03806680        0x0
 .v4_bx         0x00000000        0x0 linker stubs

.iplt           0x03806680        0x0
 .iplt          0x00000000        0x0 build/src/main.o

.init
 *(.init)

.fini
 *(.fini)

.rodata         0x03806680      0x668
                0x03806680                __rodata_start = .
 *(.rodata)
 *(.rodata.*)
 .rodata.str1.1
                0x03806680       0x22 build/src/main.o
                                 0x24 (size before relaxing)
 .rodata.str1.1
                0x038066a2       0x61 build/../../Common/MCEC_Objects.o
                                 0x63 (size before relaxing)
 *fill*         0x03806703        0x1 
 .rodata._ZN7Vector24zeroE
                0x03806704        0x8 build/../../Common/Vectors.o
                0x03806704                Vector2::zero
 .rodata.str1.1
                0x0380670c       0x2e c:\Users\student\AppData\Roaming\Code\User\globalStorage\vexrobotics.vexcode\sdk\cpp\V5\V5_20240802_15_00_00/vexv5\libv5rt.a(v5_startup.c.obj)
 *fill*         0x0380673a        0x2 
 .rodata._ZN3vex6PORT20E
                0x0380673c        0x4 c:\Users\student\AppData\Roaming\Code\User\globalStorage\vexrobotics.vexcode\sdk\cpp\V5\V5_20240802_15_00_00/vexv5\libv5rt.a(vex_global.cpp.obj)
                0x0380673c                vex::PORT20
 .rodata._ZN3vex5PORT3E
                0x03806740        0x4 c:\Users\student\AppData\Roaming\Code\User\globalStorage\vexrobotics.vexcode\sdk\cpp\V5\V5_20240802_15_00_00/vexv5\libv5rt.a(vex_global.cpp.obj)
                0x03806740                vex::PORT3
 .rodata._ZN3vex5PORT1E
                0x03806744        0x4 c:\Users\student\AppData\Roaming\Code\User\globalStorage\vexrobotics.vexcode\sdk\cpp\V5\V5_20240802_15_00_00/vexv5\libv5rt.a(vex_global.cpp.obj)
                0x03806744                vex::PORT1
 .rodata._ZN3vex7reverseE
                0x03806748        0x4 c:\Users\student\AppData\Roaming\Code\User\globalStorage\vexrobotics.vexcode\sdk\cpp\V5\V5_20240802_15_00_00/vexv5\libv5rt.a(vex_global.cpp.obj)
                0x03806748                vex::reverse
 .rodata._ZN3vex6PORT10E
                0x0380674c        0x4 c:\Users\student\AppData\Roaming\Code\User\globalStorage\vexrobotics.vexcode\sdk\cpp\V5\V5_20240802_15_00_00/vexv5\libv5rt.a(vex_global.cpp.obj)
                0x0380674c                vex::PORT10
 .rodata._ZN3vex5PORT5E
                0x03806750        0x4 c:\Users\student\AppData\Roaming\Code\User\globalStorage\vexrobotics.vexcode\sdk\cpp\V5\V5_20240802_15_00_00/vexv5\libv5rt.a(vex_global.cpp.obj)
                0x03806750                vex::PORT5
 .rodata._ZN3vex7forwardE
                0x03806754        0x4 c:\Users\student\AppData\Roaming\Code\User\globalStorage\vexrobotics.vexcode\sdk\cpp\V5\V5_20240802_15_00_00/vexv5\libv5rt.a(vex_global.cpp.obj)
                0x03806754                vex::forward
 .rodata._ZN3vex3pctE
                0x03806758        0x4 c:\Users\student\AppData\Roaming\Code\User\globalStorage\vexrobotics.vexcode\sdk\cpp\V5\V5_20240802_15_00_00/vexv5\libv5rt.a(vex_global.cpp.obj)
                0x03806758                vex::pct
 .rodata._ZN3vex6PORT18E
                0x0380675c        0x4 c:\Users\student\AppData\Roaming\Code\User\globalStorage\vexrobotics.vexcode\sdk\cpp\V5\V5_20240802_15_00_00/vexv5\libv5rt.a(vex_global.cpp.obj)
                0x0380675c                vex::PORT18
 .rodata._ZN3vex5PORT9E
                0x03806760        0x4 c:\Users\student\AppData\Roaming\Code\User\globalStorage\vexrobotics.vexcode\sdk\cpp\V5\V5_20240802_15_00_00/vexv5\libv5rt.a(vex_global.cpp.obj)
                0x03806760                vex::PORT9
 .rodata._ZN3vex5PORT2E
                0x03806764        0x4 c:\Users\student\AppData\Roaming\Code\User\globalStorage\vexrobotics.vexcode\sdk\cpp\V5\V5_20240802_15_00_00/vexv5\libv5rt.a(vex_global.cpp.obj)
                0x03806764                vex::PORT2
 .rodata._ZN3vex6PORT11E
                0x03806768        0x4 c:\Users\student\AppData\Roaming\Code\User\globalStorage\vexrobotics.vexcode\sdk\cpp\V5\V5_20240802_15_00_00/vexv5\libv5rt.a(vex_global.cpp.obj)
                0x03806768                vex::PORT11
 .rodata._ZN3vex5PORT6E
                0x0380676c        0x4 c:\Users\student\AppData\Roaming\Code\User\globalStorage\vexrobotics.vexcode\sdk\cpp\V5\V5_20240802_15_00_00/vexv5\libv5rt.a(vex_global.cpp.obj)
                0x0380676c                vex::PORT6
 .rodata._ZN3vex3degE
                0x03806770        0x4 c:\Users\student\AppData\Roaming\Code\User\globalStorage\vexrobotics.vexcode\sdk\cpp\V5\V5_20240802_15_00_00/vexv5\libv5rt.a(vex_global.cpp.obj)
                0x03806770                vex::deg
 .rodata._ZN3vex6PORT19E
                0x03806774        0x4 c:\Users\student\AppData\Roaming\Code\User\globalStorage\vexrobotics.vexcode\sdk\cpp\V5\V5_20240802_15_00_00/vexv5\libv5rt.a(vex_global.cpp.obj)
                0x03806774                vex::PORT19
 .rodata._ZN3vex6PORT22E
                0x03806778        0x4 c:\Users\student\AppData\Roaming\Code\User\globalStorage\vexrobotics.vexcode\sdk\cpp\V5\V5_20240802_15_00_00/vexv5\libv5rt.a(vex_global.cpp.obj)
                0x03806778                vex::PORT22
 .rodata._ZN3vex6PORT12E
                0x0380677c        0x4 c:\Users\student\AppData\Roaming\Code\User\globalStorage\vexrobotics.vexcode\sdk\cpp\V5\V5_20240802_15_00_00/vexv5\libv5rt.a(vex_global.cpp.obj)
                0x0380677c                vex::PORT12
 .rodata._ZN3vex5PORT7E
                0x03806780        0x4 c:\Users\student\AppData\Roaming\Code\User\globalStorage\vexrobotics.vexcode\sdk\cpp\V5\V5_20240802_15_00_00/vexv5\libv5rt.a(vex_global.cpp.obj)
                0x03806780                vex::PORT7
 .rodata._ZN3vex6PORT16E
                0x03806784        0x4 c:\Users\student\AppData\Roaming\Code\User\globalStorage\vexrobotics.vexcode\sdk\cpp\V5\V5_20240802_15_00_00/vexv5\libv5rt.a(vex_global.cpp.obj)
                0x03806784                vex::PORT16
 .rodata._ZN3vex6PORT13E
                0x03806788        0x4 c:\Users\student\AppData\Roaming\Code\User\globalStorage\vexrobotics.vexcode\sdk\cpp\V5\V5_20240802_15_00_00/vexv5\libv5rt.a(vex_global.cpp.obj)
                0x03806788                vex::PORT13
 .rodata._ZN3vex5PORT8E
                0x0380678c        0x4 c:\Users\student\AppData\Roaming\Code\User\globalStorage\vexrobotics.vexcode\sdk\cpp\V5\V5_20240802_15_00_00/vexv5\libv5rt.a(vex_global.cpp.obj)
                0x0380678c                vex::PORT8
 .rodata._ZTVN3vex5motorE
                0x03806790       0x18 c:\Users\student\AppData\Roaming\Code\User\globalStorage\vexrobotics.vexcode\sdk\cpp\V5\V5_20240802_15_00_00/vexv5\libv5rt.a(vex_motor.cpp.obj)
                0x03806790                vtable for vex::motor
 .rodata._ZTVN3vex8inertialE
                0x038067a8       0x68 c:\Users\student\AppData\Roaming\Code\User\globalStorage\vexrobotics.vexcode\sdk\cpp\V5\V5_20240802_15_00_00/vexv5\libv5rt.a(vex_imu.cpp.obj)
                0x038067a8                vtable for vex::inertial
 .rodata._ZTVN3vex8rotationE
                0x03806810       0x18 c:\Users\student\AppData\Roaming\Code\User\globalStorage\vexrobotics.vexcode\sdk\cpp\V5\V5_20240802_15_00_00/vexv5\libv5rt.a(vex_rotation.cpp.obj)
                0x03806810                vtable for vex::rotation
 .rodata.str1.1
                0x03806828       0x1f c:\Users\student\AppData\Roaming\Code\User\globalStorage\vexrobotics.vexcode\sdk\cpp\V5\V5_20240802_15_00_00/vexv5\libv5rt.a(vex_controller.cpp.obj)
                                 0x20 (size before relaxing)
 .rodata.CSWTCH.16
                0x03806847        0xb c:\Users\student\AppData\Roaming\Code\User\globalStorage\vexrobotics.vexcode\sdk\cpp\V5\V5_20240802_15_00_00/vexv5\libv5rt.a(vex_controller.cpp.obj)
 .rodata.CSWTCH.18
                0x03806852        0xb c:\Users\student\AppData\Roaming\Code\User\globalStorage\vexrobotics.vexcode\sdk\cpp\V5\V5_20240802_15_00_00/vexv5\libv5rt.a(vex_controller.cpp.obj)
 .rodata.CSWTCH.24
                0x0380685d        0x3 c:\Users\student\AppData\Roaming\Code\User\globalStorage\vexrobotics.vexcode\sdk\cpp\V5\V5_20240802_15_00_00/vexv5\libv5rt.a(vex_controller.cpp.obj)
 .rodata.str1.1
                0x03806860       0x2d c:\Users\student\AppData\Roaming\Code\User\globalStorage\vexrobotics.vexcode\sdk\cpp\V5\V5_20240802_15_00_00/vexv5\libv5rt.a(vex_brain.cpp.obj)
 *fill*         0x0380688d        0x3 
 .rodata._ZTVN3vex7triportE
                0x03806890       0x18 c:\Users\student\AppData\Roaming\Code\User\globalStorage\vexrobotics.vexcode\sdk\cpp\V5\V5_20240802_15_00_00/vexv5\libv5rt.a(vex_triport.cpp.obj)
                0x03806890                vtable for vex::triport
 .rodata.CSWTCH.39
                0x038068a8        0xe c:\Users\student\AppData\Roaming\Code\User\globalStorage\vexrobotics.vexcode\sdk\cpp\V5\V5_20240802_15_00_00/vexv5\libv5rt.a(vex_triport.cpp.obj)
 .rodata.CSWTCH.44
                0x038068b6       0x10 c:\Users\student\AppData\Roaming\Code\User\globalStorage\vexrobotics.vexcode\sdk\cpp\V5\V5_20240802_15_00_00/vexv5\libv5rt.a(vex_triport.cpp.obj)
 *fill*         0x038068c6        0x2 
 .rodata._ZTVN3vex6deviceE
                0x038068c8       0x18 c:\Users\student\AppData\Roaming\Code\User\globalStorage\vexrobotics.vexcode\sdk\cpp\V5\V5_20240802_15_00_00/vexv5\libv5rt.a(vex_device.cpp.obj)
                0x038068c8                vtable for vex::device
 .rodata.str1.1
                0x038068e0       0x14 c:\Users\student\AppData\Roaming\Code\User\globalStorage\vexrobotics.vexcode\sdk\cpp\V5\V5_20240802_15_00_00/vexv5\libv5rt.a(vex_task.cpp.obj)
 .rodata.str1.4
                0x038068f4        0x4 c:\Users\student\AppData\Roaming\Code\User\globalStorage\vexrobotics.vexcode\sdk\cpp\V5\V5_20240802_15_00_00/vexv5/gcc/libs\libc.a(lib_a-impure.o)
                                  0x2 (size before relaxing)
 .rodata.npio2_hw
                0x038068f8       0x80 c:\Users\student\AppData\Roaming\Code\User\globalStorage\vexrobotics.vexcode\sdk\cpp\V5\V5_20240802_15_00_00/vexv5/gcc/libs\libm.a(lib_a-ef_rem_pio2.o)
 .rodata.two_over_pi
                0x03806978      0x318 c:\Users\student\AppData\Roaming\Code\User\globalStorage\vexrobotics.vexcode\sdk\cpp\V5\V5_20240802_15_00_00/vexv5/gcc/libs\libm.a(lib_a-ef_rem_pio2.o)
 .rodata.init_jk
                0x03806c90        0xc c:\Users\student\AppData\Roaming\Code\User\globalStorage\vexrobotics.vexcode\sdk\cpp\V5\V5_20240802_15_00_00/vexv5/gcc/libs\libm.a(lib_a-kf_rem_pio2.o)
 .rodata.PIo2   0x03806c9c       0x2c c:\Users\student\AppData\Roaming\Code\User\globalStorage\vexrobotics.vexcode\sdk\cpp\V5\V5_20240802_15_00_00/vexv5/gcc/libs\libm.a(lib_a-kf_rem_pio2.o)
 .rodata.atanlo
                0x03806cc8       0x10 c:\Users\student\AppData\Roaming\Code\User\globalStorage\vexrobotics.vexcode\sdk\cpp\V5\V5_20240802_15_00_00/vexv5/gcc/libs\libm.a(lib_a-sf_atan.o)
 .rodata.atanhi
                0x03806cd8       0x10 c:\Users\student\AppData\Roaming\Code\User\globalStorage\vexrobotics.vexcode\sdk\cpp\V5\V5_20240802_15_00_00/vexv5/gcc/libs\libm.a(lib_a-sf_atan.o)
 *(.gnu.linkonce.r.*)
                0x03806ce8                __rodata_end = .

.rodata1        0x03806ce8        0x0
                0x03806ce8                __rodata1_start = .
 *(.rodata1)
 *(.rodata1.*)
                0x03806ce8                __rodata1_end = .

.sdata2         0x03806ce8        0x0
                0x03806ce8                __sdata2_start = .
 *(.sdata2)
 *(.sdata2.*)
 *(.gnu.linkonce.s2.*)
                0x03806ce8                __sdata2_end = .

.sbss2          0x03806ce8        0x0
                0x03806ce8                __sbss2_start = .
 *(.sbss2)
 *(.sbss2.*)
 *(.gnu.linkonce.sb2.*)
                0x03806ce8                __sbss2_end = .

.data           0x03806ce8      0x434
                0x03806ce8                __data_start = .
 *(.data)
 *(.data.*)
 .data.appRunning
                0x03806ce8        0x4 c:\Users\student\AppData\Roaming\Code\User\globalStorage\vexrobotics.vexcode\sdk\cpp\V5\V5_20240802_15_00_00/vexv5\libv5rt.a(v5_startup.c.obj)
                0x03806ce8                appRunning
 .data._ZN3vex24__default_motor_velocityE
                0x03806cec        0x4 c:\Users\student\AppData\Roaming\Code\User\globalStorage\vexrobotics.vexcode\sdk\cpp\V5\V5_20240802_15_00_00/vexv5\libv5rt.a(vex_motor.cpp.obj)
                0x03806cec                vex::__default_motor_velocity
 .data.impure_data
                0x03806cf0      0x428 c:\Users\student\AppData\Roaming\Code\User\globalStorage\vexrobotics.vexcode\sdk\cpp\V5\V5_20240802_15_00_00/vexv5/gcc/libs\libc.a(lib_a-impure.o)
 .data._impure_ptr
                0x03807118        0x4 c:\Users\student\AppData\Roaming\Code\User\globalStorage\vexrobotics.vexcode\sdk\cpp\V5\V5_20240802_15_00_00/vexv5/gcc/libs\libc.a(lib_a-impure.o)
                0x03807118                _impure_ptr
 *(.gnu.linkonce.d.*)
 *(.jcr)
 *(.got)
 *(.got.plt)
                0x0380711c                __data_end = .

.igot.plt       0x0380711c        0x0
 .igot.plt      0x00000000        0x0 build/src/main.o

.data1          0x0380711c        0x0
                0x0380711c                __data1_start = .
 *(.data1)
 *(.data1.*)
                0x0380711c                __data1_end = .

.got
 *(.got)

.ctors          0x0380711c        0x0
                0x0380711c                __CTOR_LIST__ = .
                0x0380711c                ___CTORS_LIST___ = .
 *crtbegin.o(.ctors)
 *(EXCLUDE_FILE(*crtend.o) .ctors)
 *(SORT(.ctors.*))
 *(.ctors)
                0x0380711c                __CTOR_END__ = .
                0x0380711c                ___CTORS_END___ = .

.dtors          0x0380711c        0x0
                0x0380711c                __DTOR_LIST__ = .
                0x0380711c                ___DTORS_LIST___ = .
 *crtbegin.o(.dtors)
 *(EXCLUDE_FILE(*crtend.o) .dtors)
 *(SORT(.dtors.*))
 *(.dtors)
                0x0380711c                __DTOR_END__ = .
                0x0380711c                ___DTORS_END___ = .

.fixup          0x0380711c        0x0
                0x0380711c                __fixup_start = .
 *(.fixup)
                0x0380711c                __fixup_end = .

.eh_frame
 *(.eh_frame)

.eh_framehdr    0x0380711c        0x0
                0x0380711c                __eh_framehdr_start = .
 *(.eh_framehdr)
                0x0380711c                __eh_framehdr_end = .

.gcc_except_table
 *(.gcc_except_table)

.mmu_tbl        0x03808000        0x0
                0x03808000                __mmu_tbl_start = .
 *(.mmu_tbl)
                0x03808000                __mmu_tbl_end = .

.ARM.exidx      0x0380711c        0x8
                0x0380711c                __exidx_start = .
 *(.ARM.exidx*)
 .ARM.exidx.text._ZN4MCEC11SwerveDriveC2Ellllllllllll
                0x0380711c        0x8 build/src/main.o
 .ARM.exidx.text._ZN4MCEC11SwerveDriveD2Ev
                0x03807124        0x0 build/src/main.o
                                  0x8 (size before relaxing)
 .ARM.exidx.text._ZN4MCEC10ControllerC2Ev
                0x03807124        0x0 build/src/main.o
                                  0x8 (size before relaxing)
 .ARM.exidx.text._ZN4MCEC10ControllerD2Ev
                0x03807124        0x0 build/src/main.o
                                  0x8 (size before relaxing)
 .ARM.exidx.text._Z10DriverLoopv
                0x03807124        0x0 build/src/main.o
                                  0x8 (size before relaxing)
 .ARM.exidx.text._Z11IntakeStorev
                0x03807124        0x0 build/src/main.o
                                  0x8 (size before relaxing)
 .ARM.exidx.text._Z14IntakeNotStorev
                0x03807124        0x0 build/src/main.o
                                  0x8 (size before relaxing)
 .ARM.exidx.text._Z8IntakeGov
                0x03807124        0x0 build/src/main.o
                                  0x8 (size before relaxing)
 .ARM.exidx.text._Z11IntakeNotGov
                0x03807124        0x0 build/src/main.o
                                  0x8 (size before relaxing)
 .ARM.exidx.text._Z10IntakeStopv
                0x03807124        0x0 build/src/main.o
                                  0x8 (size before relaxing)
 .ARM.exidx.text._Z8TurretUpv
                0x03807124        0x0 build/src/main.o
                                  0x8 (size before relaxing)
 .ARM.exidx.text._Z10TurretDownv
                0x03807124        0x0 build/src/main.o
                                  0x8 (size before relaxing)
 .ARM.exidx.text._Z6Driverv
                0x03807124        0x0 build/src/main.o
                                  0x8 (size before relaxing)
 .ARM.exidx.text._Z5Autonv
                0x03807124        0x0 build/src/main.o
                                  0x8 (size before relaxing)
 .ARM.exidx.text._Z10FaceDriverv
                0x03807124        0x0 build/src/main.o
                                  0x8 (size before relaxing)
 .ARM.exidx.text._Z12FaceOpponentv
                0x03807124        0x0 build/src/main.o
                                  0x8 (size before relaxing)
 .ARM.exidx.text._Z8FaceLeftv
                0x03807124        0x0 build/src/main.o
                                  0x8 (size before relaxing)
 .ARM.exidx.text._Z9FaceRightv
                0x03807124        0x0 build/src/main.o
                                  0x8 (size before relaxing)
 .ARM.exidx.text._Z11SetControlsv
                0x03807124        0x0 build/src/main.o
                                  0x8 (size before relaxing)
 .ARM.exidx.text._Z12InitInertialv
                0x03807124        0x0 build/src/main.o
                                  0x8 (size before relaxing)
 .ARM.exidx.text._Z17SetupFieldControlv
                0x03807124        0x0 build/src/main.o
                                  0x8 (size before relaxing)
 .ARM.exidx.text.main
                0x03807124        0x0 build/src/main.o
                                  0x8 (size before relaxing)
 .ARM.exidx.text._ZN4MCEC9SwervePodC2Elll
                0x03807124        0x0 build/src/main.o
                                  0x8 (size before relaxing)
 .ARM.exidx.text._ZNSt8functionIFvvEEaSERKS1_
                0x03807124        0x0 build/src/main.o
                                  0x8 (size before relaxing)
 .ARM.exidx.text._ZNSt17_Function_handlerIFvvEPS0_E9_M_invokeERKSt9_Any_data
                0x03807124        0x0 build/src/main.o
                                  0x8 (size before relaxing)
 .ARM.exidx.text._ZNSt14_Function_base13_Base_managerIPFvvEE10_M_managerERSt9_Any_dataRKS4_St18_Manager_operation
                0x03807124        0x0 build/src/main.o
                                  0x8 (size before relaxing)
 .ARM.exidx.text._ZNSt6vectorIN4MCEC9PathPointESaIS1_EE13_M_assign_auxIPKS1_EEvT_S7_St20forward_iterator_tag
                0x03807124        0x0 build/src/main.o
                                  0x8 (size before relaxing)
 .ARM.exidx.text._ZNSt12_Vector_baseIN4MCEC9PathPointESaIS1_EE11_M_allocateEj
                0x03807124        0x0 build/src/main.o
                                  0x8 (size before relaxing)
 .ARM.exidx.text._GLOBAL__sub_I_main.cpp
                0x03807124        0x0 build/src/main.o
                                  0x8 (size before relaxing)
 .ARM.exidx.text._ZN4MCEC4abs2Ef
                0x03807124        0x0 build/../../Common/MCEC_Objects.o
                                  0x8 (size before relaxing)
 .ARM.exidx.text._ZN4MCEC9AngleDiffEff
                0x03807124        0x0 build/../../Common/MCEC_Objects.o
                                  0x8 (size before relaxing)
 .ARM.exidx.text._ZN4MCEC8Joystick7isMovedEv
                0x03807124        0x0 build/../../Common/MCEC_Objects.o
                                  0x8 (size before relaxing)
 .ARM.exidx.text._ZN4MCEC11RotationPID6UpdateEff
                0x03807124        0x0 build/../../Common/MCEC_Objects.o
                                  0x8 (size before relaxing)
 .ARM.exidx.text._ZN4MCEC10Controller3SetEv
                0x03807124        0x0 build/../../Common/MCEC_Objects.o
                                  0x8 (size before relaxing)
 .ARM.exidx.text._ZN4MCEC6Button3SetEb
                0x03807124        0x0 build/../../Common/MCEC_Objects.o
                                  0x8 (size before relaxing)
 .ARM.exidx.text._ZN4MCEC9SwervePod9SetPowersE7Vector2b
                0x03807124        0x0 build/../../Common/MCEC_Objects.o
                                  0x8 (size before relaxing)
 .ARM.exidx.text._ZN4MCEC9SwervePod10GoToVectorE7Vector2b
                0x03807124        0x0 build/../../Common/MCEC_Objects.o
                                  0x8 (size before relaxing)
 .ARM.exidx.text._ZN4MCEC9SwervePod8GetAngleEv
                0x03807124        0x0 build/../../Common/MCEC_Objects.o
                                  0x8 (size before relaxing)
 .ARM.exidx.text._ZN4MCEC9SwervePod15SetPIDVariablesEfff
                0x03807124        0x0 build/../../Common/MCEC_Objects.o
                                  0x8 (size before relaxing)
 .ARM.exidx.text._ZN4MCEC9SwervePod8IsMovingEv
                0x03807124        0x0 build/../../Common/MCEC_Objects.o
                                  0x8 (size before relaxing)
 .ARM.exidx.text._ZN4MCEC11SwerveDrive14UpdatePositionEf
                0x03807124        0x0 build/../../Common/MCEC_Objects.o