Archive member included because of file (symbol)

c:\Users\student\AppData\Roaming\Code\User\globalStorage\vexrobotics.vexcode\sdk\cpp\V5\V5_20240802_15_00_00/vexv5\libv5rt.a(v5_startup.c.obj)
                              (vexStartup)
c:\Users\student\AppData\Roaming\Code\User\globalStorage\vexrobotics.vexcode\sdk\cpp\V5\V5_20240802_15_00_00/vexv5\libv5rt.a(v5_util.c.obj)
                              c:\Users\student\AppData\Roaming\Code\User\globalStorage\vexrobotics.vexcode\sdk\cpp\V5\V5_20240802_15_00_00/vexv5\libv5rt.a(v5_startup.c.obj) (vexStdlibVersionLinked)
c:\Users\student\AppData\Roaming\Code\User\globalStorage\vexrobotics.vexcode\sdk\cpp\V5\V5_20240802_15_00_00/vexv5\libv5rt.a(v5_apijump.c.obj)
                              c:\Users\student\AppData\Roaming\Code\User\globalStorage\vexrobotics.vexcode\sdk\cpp\V5\V5_20240802_15_00_00/vexv5\libv5rt.a(v5_startup.c.obj) (vexPrivateApiEnable)
c:\Users\student\AppData\Roaming\Code\User\globalStorage\vexrobotics.vexcode\sdk\cpp\V5\V5_20240802_15_00_00/vexv5\libv5rt.a(v5_apiversions.c.obj)
                              c:\Users\student\AppData\Roaming\Code\User\globalStorage\vexrobotics.vexcode\sdk\cpp\V5\V5_20240802_15_00_00/vexv5\libv5rt.a(v5_apijump.c.obj) (vexSystemVersion)
c:\Users\student\AppData\Roaming\Code\User\globalStorage\vexrobotics.vexcode\sdk\cpp\V5\V5_20240802_15_00_00/vexv5\libv5rt.a(vex_global.cpp.obj)
                              build/src/main.o (vex::wait(double, vex::timeUnits))
c:\Users\student\AppData\Roaming\Code\User\globalStorage\vexrobotics.vexcode\sdk\cpp\V5\V5_20240802_15_00_00/vexv5\libv5rt.a(vex_motor.cpp.obj)
                              build/src/main.o (vex::motor::~motor())
c:\Users\student\AppData\Roaming\Code\User\globalStorage\vexrobotics.vexcode\sdk\cpp\V5\V5_20240802_15_00_00/vexv5\libv5rt.a(vex_imu.cpp.obj)
                              build/src/main.o (vex::inertial::setHeading(double, vex::rotationUnits))
c:\Users\student\AppData\Roaming\Code\User\globalStorage\vexrobotics.vexcode\sdk\cpp\V5\V5_20240802_15_00_00/vexv5\libv5rt.a(vex_rotation.cpp.obj)
                              build/src/main.o (vex::rotation::~rotation())
c:\Users\student\AppData\Roaming\Code\User\globalStorage\vexrobotics.vexcode\sdk\cpp\V5\V5_20240802_15_00_00/vexv5\libv5rt.a(vex_controller.cpp.obj)
                              build/src/main.o (vex::controller::~controller())
c:\Users\student\AppData\Roaming\Code\User\globalStorage\vexrobotics.vexcode\sdk\cpp\V5\V5_20240802_15_00_00/vexv5\libv5rt.a(vex_thread.cpp.obj)
                              build/src/main.o (vex::thread::thread(int (*)()))
c:\Users\student\AppData\Roaming\Code\User\globalStorage\vexrobotics.vexcode\sdk\cpp\V5\V5_20240802_15_00_00/vexv5\libv5rt.a(vex_event.cpp.obj)
                              c:\Users\student\AppData\Roaming\Code\User\globalStorage\vexrobotics.vexcode\sdk\cpp\V5\V5_20240802_15_00_00/vexv5\libv5rt.a(vex_imu.cpp.obj) (vex::event::init(unsigned long, unsigned long, void (*)()))
c:\Users\student\AppData\Roaming\Code\User\globalStorage\vexrobotics.vexcode\sdk\cpp\V5\V5_20240802_15_00_00/vexv5\libv5rt.a(vex_mevent.cpp.obj)
                              c:\Users\student\AppData\Roaming\Code\User\globalStorage\vexrobotics.vexcode\sdk\cpp\V5\V5_20240802_15_00_00/vexv5\libv5rt.a(vex_controller.cpp.obj) (vex::mevent::mevent(unsigned long, unsigned long))
c:\Users\student\AppData\Roaming\Code\User\globalStorage\vexrobotics.vexcode\sdk\cpp\V5\V5_20240802_15_00_00/vexv5\libv5rt.a(vex_brain.cpp.obj)
                              build/src/main.o (vex::brain::brain())
c:\Users\student\AppData\Roaming\Code\User\globalStorage\vexrobotics.vexcode\sdk\cpp\V5\V5_20240802_15_00_00/vexv5\libv5rt.a(vex_competition.cpp.obj)
                              build/src/main.o (vex::competition::competition())
c:\Users\student\AppData\Roaming\Code\User\globalStorage\vexrobotics.vexcode\sdk\cpp\V5\V5_20240802_15_00_00/vexv5\libv5rt.a(vex_triport.cpp.obj)
                              c:\Users\student\AppData\Roaming\Code\User\globalStorage\vexrobotics.vexcode\sdk\cpp\V5\V5_20240802_15_00_00/vexv5\libv5rt.a(vex_brain.cpp.obj) (vex::triport::~triport())
c:\Users\student\AppData\Roaming\Code\User\globalStorage\vexrobotics.vexcode\sdk\cpp\V5\V5_20240802_15_00_00/vexv5\libv5rt.a(vex_color.cpp.obj)
                              c:\Users\student\AppData\Roaming\Code\User\globalStorage\vexrobotics.vexcode\sdk\cpp\V5\V5_20240802_15_00_00/vexv5\libv5rt.a(vex_brain.cpp.obj) (vex::color::operator unsigned long() const)
c:\Users\student\AppData\Roaming\Code\User\globalStorage\vexrobotics.vexcode\sdk\cpp\V5\V5_20240802_15_00_00/vexv5\libv5rt.a(vex_timer.cpp.obj)
                              c:\Users\student\AppData\Roaming\Code\User\globalStorage\vexrobotics.vexcode\sdk\cpp\V5\V5_20240802_15_00_00/vexv5\libv5rt.a(vex_brain.cpp.obj) (vex::timer::~timer())
[...]
Memory Configuration

Name             Origin             Length             Attributes
ps7_ddr_0_S_AXI_BASEADDR 0x03800000         0x04800000
*default*        0x00000000         0xffffffff

Linker script and memory map

                0x00002000                _STACK_SIZE = DEFINED (_STACK_SIZE)?_STACK_SIZE:0x2000
                0x00100000                _HEAP_SIZE = DEFINED (_HEAP_SIZE)?_HEAP_SIZE:0x100000
                0x00000400                _ABORT_STACK_SIZE = DEFINED (_ABORT_STACK_SIZE)?_ABORT_STACK_SIZE:0x400
                0x00000800                _SUPERVISOR_STACK_SIZE = DEFINED (_SUPERVISOR_STACK_SIZE)?_SUPERVISOR_STACK_SIZE:0x800
                0x00000400                _IRQ_STACK_SIZE = DEFINED (_IRQ_STACK_SIZE)?_IRQ_STACK_SIZE:0x400
                0x00000400                _FIQ_STACK_SIZE = DEFINED (_FIQ_STACK_SIZE)?_FIQ_STACK_SIZE:0x400
                0x00000400                _UNDEF_STACK_SIZE = DEFINED (_UNDEF_STACK_SIZE)?_UNDEF_STACK_SIZE:0x400

.text           0x03800000     0x6f20
 *(.vectors)
 *(.boot_data)
 .boot_data     0x03800000       0x20 c:\Users\student\AppData\Roaming\Code\User\globalStorage\vexrobotics.vexcode\sdk\cpp\V5\V5_20240802_15_00_00/vexv5\libv5rt.a(v5_startup.c.obj)
                0x03800000                vexCodeSig
                0x00000020                . = 0x20
 *(.boot)
 .boot          0x03800020       0xbc c:\Users\student\AppData\Roaming\Code\User\globalStorage\vexrobotics.vexcode\sdk\cpp\V5\V5_20240802_15_00_00/vexv5\libv5rt.a(v5_startup.c.obj)
                0x03800020                vexStartup
                0x03800100                . = ALIGN (0x40)
 *fill*         0x038000dc       0x24 
 *(.freertos_vectors)
 *(.text)
 *(.text.*)
 .text._ZN4MCEC15DiffSwerveDriveC2ENS_21DiffSwervePodSettingsES1_S1_S1_7Vector2lS2_lfff
                0x03800100      0x220 build/src/main.o
                0x03800100                MCEC::DiffSwerveDrive::DiffSwerveDrive(MCEC::DiffSwervePodSettings, MCEC::DiffSwervePodSettings, MCEC::DiffSwervePodSettings, MCEC::DiffSwervePodSettings, Vector2, long, Vector2, long, float, float, float)
 .text._ZN4MCEC15DiffSwerveDriveD2Ev
                0x03800320       0x9c build/src/main.o
                0x03800320                MCEC::DiffSwerveDrive::~DiffSwerveDrive()
 .text._ZN4MCEC10ControllerC2Ef
                0x038003bc       0x94 build/src/main.o
                0x038003bc                MCEC::Controller::Controller(float)
 .text._ZN4MCEC10ControllerD2Ev
                0x03800450      0x32c build/src/main.o
                0x03800450                MCEC::Controller::~Controller()
 .text._Z9PosUpdatev
                0x0380077c       0x7c build/src/main.o
                0x0380077c                PosUpdate()
 .text._Z10DriverLoopv
                0x038007f8      0x160 build/src/main.o
                0x038007f8                DriverLoop()
 .text._Z8IntakeGov
                0x03800958       0xb0 build/src/main.o
                0x03800958                IntakeGo()
 .text._Z12IntakeGoSlowv
                0x03800a08       0x58 build/src/main.o
                0x03800a08                IntakeGoSlow()
 .text._Z11IntakeNotGov
                0x03800a60       0x98 build/src/main.o
                0x03800a60                IntakeNotGo()
 .text._Z10IntakeStopv
                0x03800af8       0x30 build/src/main.o
                0x03800af8                IntakeStop()
 .text._Z5Scorev
                0x03800b28       0xb8 build/src/main.o
                0x03800b28                Score()
 .text._Z8TurretUpv
                0x03800be0       0x2c build/src/main.o
                0x03800be0                TurretUp()
 .text._Z10TurretDownv
                0x03800c0c       0x2c build/src/main.o
                0x03800c0c                TurretDown()
 .text._Z6Driverv
                0x03800c38       0x68 build/src/main.o
                0x03800c38                Driver()
 .text._Z5Autonv
                0x03800ca0        0x4 build/src/main.o
                0x03800ca0                Auton()
 .text._Z13ResetPositionv
                0x03800ca4       0x2c build/src/main.o
                0x03800ca4                ResetPosition()
 .text._Z14DisableForwardv
                0x03800cd0       0x14 build/src/main.o
                0x03800cd0                DisableForward()
 .text._Z13EnableForwardv
                0x03800ce4       0x14 build/src/main.o
                0x03800ce4                EnableForward()
 .text._Z11SetControlsv
                0x03800cf8      0x35c build/src/main.o
                0x03800cf8                SetControls()
 .text._Z12InitInertialv
                0x03801054       0x84 build/src/main.o
                0x03801054                InitInertial()
 .text._Z17SetupFieldControlv
                0x038010d8       0x3c build/src/main.o
                0x038010d8                SetupFieldControl()
 *fill*         0x03801114        0x4 
 .text.main     0x03801118      0x238 build/src/main.o
                0x03801118                main
 .text._ZN4MCEC13DiffSwervePodC2ElllPNS_15DiffSwerveDriveE
                0x03801350       0xc0 build/src/main.o
                0x03801350                MCEC::DiffSwervePod::DiffSwervePod(long, long, long, MCEC::DiffSwerveDrive*)
 .text._ZN4MCEC7OdomPodC2E7Vector2if
                0x03801410       0x70 build/src/main.o
                0x03801410                MCEC::OdomPod::OdomPod(Vector2, int, float)
 .text._ZNSt8functionIFvvEEaSERKS1_
                0x03801480       0xa4 build/src/main.o
                0x03801480                std::function<void ()>::operator=(std::function<void ()> const&)
 .text._ZNSt17_Function_handlerIFvvEPS0_E9_M_invokeERKSt9_Any_data
                0x03801524        0x8 build/src/main.o
                0x03801524                std::_Function_handler<void (), void (*)()>::_M_invoke(std::_Any_data const&)
 .text._ZNSt14_Function_base13_Base_managerIPFvvEE10_M_managerERSt9_Any_dataRKS4_St18_Manager_operation
                0x0380152c       0x24 build/src/main.o
                0x0380152c                std::_Function_base::_Base_manager<void (*)()>::_M_manager(std::_Any_data&, std::_Any_data const&, std::_Manager_operation)
 .text._GLOBAL__sub_I_main.cpp
                0x03801550      0x494 build/src/main.o
 .text._ZN4MCEC9WrapAngleEf
                0x038019e4       0x64 build/../../Common/MCEC_Objects.o
                0x038019e4                MCEC::WrapAngle(float)
 .text._ZN4MCEC4abs2Ef
                0x03801a48       0x1c build/../../Common/MCEC_Objects.o
                0x03801a48                MCEC::abs2(float)
 *fill*         0x03801a64        0x4 
 .text._ZN4MCEC9AngleDiffEff
                0x03801a68       0x80 build/../../Common/MCEC_Objects.o
                0x03801a68                MCEC::AngleDiff(float, float)
 .text._ZN4MCEC8Joystick7isMovedEv
                0x03801ae8       0x5c build/../../Common/MCEC_Objects.o
                0x03801ae8                MCEC::Joystick::isMoved()
 .text._ZN4MCEC11RotationPID6UpdateEff
                0x03801b44       0x88 build/../../Common/MCEC_Objects.o
                0x03801b44                MCEC::RotationPID::Update(float, float)
 .text._ZN4MCEC11RotationPID12SetVariablesEfff
                0x03801bcc        0x8 build/../../Common/MCEC_Objects.o
                0x03801bcc                MCEC::RotationPID::SetVariables(float, float, float)
 .text._ZN4MCEC3PID12SetVariablesEfff
                0x03801bd4        0x8 build/../../Common/MCEC_Objects.o
                0x03801bd4                MCEC::PID::SetVariables(float, float, float)
 .text._ZN4MCEC10Controller3SetEv
                0x03801bdc      0x21c build/../../Common/MCEC_Objects.o
                0x03801bdc                MCEC::Controller::Set()
 .text._ZN4MCEC6Button3SetEb
                0x03801df8       0x60 build/../../Common/MCEC_Objects.o
                0x03801df8                MCEC::Button::Set(bool)
 .text._ZN4MCEC13DiffSwervePod10GoToVectorE7Vector2bf
                0x03801e58      0x34c build/../../Common/DiffSwerve.o
                0x03801e58                MCEC::DiffSwervePod::GoToVector(Vector2, bool, float)
 .text._ZN4MCEC13DiffSwervePod8GetAngleEv
                0x038021a4       0x8c build/../../Common/DiffSwerve.o
                0x038021a4                MCEC::DiffSwervePod::GetAngle()
 .text._ZN4MCEC13DiffSwervePod15SetPIDVariablesEfff
                0x03802230        0x8 build/../../Common/DiffSwerve.o
                0x03802230                MCEC::DiffSwervePod::SetPIDVariables(float, float, float)
 .text._ZN4MCEC15DiffSwerveDrive23UpdatePositionUsingOdomEf
                0x03802238      0x158 build/../../Common/DiffSwerve.o
                0x03802238                MCEC::DiffSwerveDrive::UpdatePositionUsingOdom(float)
 .text._ZN4MCEC7OdomPod16GetDeltaDistanceEv
                0x03802390       0x68 build/../../Common/DiffSwerve.o
                0x03802390                MCEC::OdomPod::GetDeltaDistance()
 .text._ZN4MCEC15DiffSwerveDrive14UpdatePositionEf
                0x038023f8        0x4 build/../../Common/DiffSwerve.o
                0x038023f8                MCEC::DiffSwerveDrive::UpdatePosition(float)
 .text._ZN4MCEC15DiffSwerveDrive5DriveE7Vector2f
                0x038023fc      0x458 build/../../Common/DiffSwerve.o
                0x038023fc                MCEC::DiffSwerveDrive::Drive(Vector2, float)
 .text._ZN4MCEC15DiffSwerveDrive4StopEN3vex9brakeTypeE
                0x03802854       0x70 build/../../Common/DiffSwerve.o
                0x03802854                MCEC::DiffSwerveDrive::Stop(vex::brakeType)
 .text._ZN4MCEC15DiffSwerveDrive18SetRotationOffsetsEffff
                0x038028c4       0x18 build/../../Common/DiffSwerve.o
                0x038028c4                MCEC::DiffSwerveDrive::SetRotationOffsets(float, float, float, float)
 .text._ZN4MCEC15DiffSwerveDrive20SetAutonPIDVariablesEffffff
                0x038028dc       0x28 build/../../Common/DiffSwerve.o
                0x038028dc                MCEC::DiffSwerveDrive::SetAutonPIDVariables(float, float, float, float, float, float)
 .text._ZN7Vector2mLEf
                0x03802904       0x20 build/../../Common/Vectors.o
                0x03802904                Vector2::operator*=(float)
 .text._ZN7Vector212GetMagnitudeEv
                0x03802924       0x80 build/../../Common/Vectors.o
                0x03802924                Vector2::GetMagnitude()
 *fill*         0x038029a4        0x4 
 .text._ZN7Vector28GetAngleEv
                0x038029a8       0x88 build/../../Common/Vectors.o
                0x038029a8                Vector2::GetAngle()
 .text._ZN7Vector26RotateEf
                0x03802a30       0xa0 build/../../Common/Vectors.o
                0x03802a30                Vector2::Rotate(float)
 .text._ZNK7Vector2mlEf
                0x03802ad0       0x34 build/../../Common/Vectors.o
                0x03802ad0                Vector2::operator*(float) const
 .text._ZN7Vector2pLES_
                0x03802b04       0x24 build/../../Common/Vectors.o
                0x03802b04                Vector2::operator+=(Vector2)
 .text.vexMain  0x03802b28       0xb0 c:\Users\student\AppData\Roaming\Code\User\globalStorage\vexrobotics.vexcode\sdk\cpp\V5\V5_20240802_15_00_00/vexv5\libv5rt.a(v5_startup.c.obj)
                0x03802b28                vexMain
 .text.__vex_function_prolog
                0x03802bd8       0x18 c:\Users\student\AppData\Roaming\Code\User\globalStorage\vexrobotics.vexcode\sdk\cpp\V5\V5_20240802_15_00_00/vexv5\libv5rt.a(v5_startup.c.obj)
                0x03802bd8                __vex_function_prolog
 .text._init    0x03802bf0        0x4 c:\Users\student\AppData\Roaming\Code\User\globalStorage\vexrobotics.vexcode\sdk\cpp\V5\V5_20240802_15_00_00/vexv5\libv5rt.a(v5_startup.c.obj)
                0x03802bf0                _init
 .text._fini    0x03802bf4        0x4 c:\Users\student\AppData\Roaming\Code\User\globalStorage\vexrobotics.vexcode\sdk\cpp\V5\V5_20240802_15_00_00/vexv5\libv5rt.a(v5_startup.c.obj)
                0x03802bf4                _fini
 .text.vexStdlibVersionLinked
                0x03802bf8        0xc c:\Users\student\AppData\Roaming\Code\User\globalStorage\vexrobotics.vexcode\sdk\cpp\V5\V5_20240802_15_00_00/vexv5\libv5rt.a(v5_util.c.obj)
                0x03802bf8                vexStdlibVersionLinked
 .text.vexStdlibVersionVerify
                0x03802c04       0x30 c:\Users\student\AppData\Roaming\Code\User\globalStorage\vexrobotics.vexcode\sdk\cpp\V5\V5_20240802_15_00_00/vexv5\libv5rt.a(v5_util.c.obj)
                0x03802c04                vexStdlibVersionVerify
 .text.vexPrivateApiEnable
                0x03802c34       0x10 c:\Users\student\AppData\Roaming\Code\User\globalStorage\vexrobotics.vexcode\sdk\cpp\V5\V5_20240802_15_00_00/vexv5\libv5rt.a(v5_apijump.c.obj)
                0x03802c34                vexPrivateApiEnable
 .text.vexStdlibMismatchError
                0x03802c44       0x3c c:\Users\student\AppData\Roaming\Code\User\globalStorage\vexrobotics.vexcode\sdk\cpp\V5\V5_20240802_15_00_00/vexv5\libv5rt.a(v5_apijump.c.obj)
                0x03802c44                vexStdlibMismatchError
 .text.vexTaskAdd
                0x03802c80       0x10 c:\Users\student\AppData\Roaming\Code\User\globalStorage\vexrobotics.vexcode\sdk\cpp\V5\V5_20240802_15_00_00/vexv5\libv5rt.a(v5_apijump.c.obj)
                0x03802c80                vexTaskAdd
 .text.vexTasksRun
                0x03802c90       0x10 c:\Users\student\AppData\Roaming\Code\User\globalStorage\vexrobotics.vexcode\sdk\cpp\V5\V5_20240802_15_00_00/vexv5\libv5rt.a(v5_apijump.c.obj)
                0x03802c90                vexTasksRun
 .text.vexTaskYield
                0x03802ca0       0x10 c:\Users\student\AppData\Roaming\Code\User\globalStorage\vexrobotics.vexcode\sdk\cpp\V5\V5_20240802_15_00_00/vexv5\libv5rt.a(v5_apijump.c.obj)
                0x03802ca0                vexTaskYield
 .text.vexTaskCheckTimeslice
                0x03802cb0       0x10 c:\Users\student\AppData\Roaming\Code\User\globalStorage\vexrobotics.vexcode\sdk\cpp\V5\V5_20240802_15_00_00/vexv5\libv5rt.a(v5_apijump.c.obj)
                0x03802cb0                vexTaskCheckTimeslice
 .text.vexTaskSleep
                0x03802cc0       0x10 c:\Users\student\AppData\Roaming\Code\User\globalStorage\vexrobotics.vexcode\sdk\cpp\V5\V5_20240802_15_00_00/vexv5\libv5rt.a(v5_apijump.c.obj)
                0x03802cc0                vexTaskSleep
 .text.vexSemaphoreInit
                0x03802cd0       0x24 c:\Users\student\AppData\Roaming\Code\User\globalStorage\vexrobotics.vexcode\sdk\cpp\V5\V5_20240802_15_00_00/vexv5\libv5rt.a(v5_apijump.c.obj)
                0x03802cd0                vexSemaphoreInit
 .text.vexTasksDump
                0x03802cf4       0x1c c:\Users\student\AppData\Roaming\Code\User\globalStorage\vexrobotics.vexcode\sdk\cpp\V5\V5_20240802_15_00_00/vexv5\libv5rt.a(v5_apijump.c.obj)
                0x03802cf4                vexTasksDump
 .text.vexTaskGetTaskIndex
                0x03802d10       0x10 c:\Users\student\AppData\Roaming\Code\User\globalStorage\vexrobotics.vexcode\sdk\cpp\V5\V5_20240802_15_00_00/vexv5\libv5rt.a(v5_apijump.c.obj)
                0x03802d10                vexTaskGetTaskIndex
 .text.vexTaskStopAll
                0x03802d20       0x10 c:\Users\student\AppData\Roaming\Code\User\globalStorage\vexrobotics.vexcode\sdk\cpp\V5\V5_20240802_15_00_00/vexv5\libv5rt.a(v5_apijump.c.obj)
                0x03802d20                vexTaskStopAll
 .text.vexTaskRemoveAllUser
                0x03802d30       0x34 c:\Users\student\AppData\Roaming\Code\User\globalStorage\vexrobotics.vexcode\sdk\cpp\V5\V5_20240802_15_00_00/vexv5\libv5rt.a(v5_apijump.c.obj)
                0x03802d30                vexTaskRemoveAllUser
 .text.vexTaskCompletionIdSet
                0x03802d64       0x10 c:\Users\student\AppData\Roaming\Code\User\globalStorage\vexrobotics.vexcode\sdk\cpp\V5\V5_20240802_15_00_00/vexv5\libv5rt.a(v5_apijump.c.obj)
                0x03802d64                vexTaskCompletionIdSet
 .text.vexTaskStopWithId
                0x03802d74       0x10 c:\Users\student\AppData\Roaming\Code\User\globalStorage\vexrobotics.vexcode\sdk\cpp\V5\V5_20240802_15_00_00/vexv5\libv5rt.a(v5_apijump.c.obj)
                0x03802d74                vexTaskStopWithId
 .text.vexCriticalSection
                0x03802d84       0x2c c:\Users\student\AppData\Roaming\Code\User\globalStorage\vexrobotics.vexcode\sdk\cpp\V5\V5_20240802_15_00_00/vexv5\libv5rt.a(v5_apijump.c.obj)
                0x03802d84                vexCriticalSection
 .text.vexEventAdd
                0x03802db0       0x34 c:\Users\student\AppData\Roaming\Code\User\globalStorage\vexrobotics.vexcode\sdk\cpp\V5\V5_20240802_15_00_00/vexv5\libv5rt.a(v5_apijump.c.obj)
                0x03802db0                vexEventAdd
 .text.vexEventUserIndexGet
                0x03802de4       0x1c c:\Users\student\AppData\Roaming\Code\User\globalStorage\vexrobotics.vexcode\sdk\cpp\V5\V5_20240802_15_00_00/vexv5\libv5rt.a(v5_apijump.c.obj)
                0x03802de4                vexEventUserIndexGet
 .text.vexEventAddWithArg
                0x03802e00       0x3c c:\Users\student\AppData\Roaming\Code\User\globalStorage\vexrobotics.vexcode\sdk\cpp\V5\V5_20240802_15_00_00/vexv5\libv5rt.a(v5_apijump.c.obj)
                0x03802e00                vexEventAddWithArg
 .text.vexEventsCleanup
                0x03802e3c       0x2c c:\Users\student\AppData\Roaming\Code\User\globalStorage\vexrobotics.vexcode\sdk\cpp\V5\V5_20240802_15_00_00/vexv5\libv5rt.a(v5_apijump.c.obj)
                0x03802e3c                vexEventsCleanup
 .text.vexDebug
                0x03802e68       0x38 c:\Users\student\AppData\Roaming\Code\User\globalStorage\vexrobotics.vexcode\sdk\cpp\V5\V5_20240802_15_00_00/vexv5\libv5rt.a(v5_apijump.c.obj)
                0x03802e68                vexDebug
 .text.vex_sprintf
                0x03802ea0       0x40 c:\Users\student\AppData\Roaming\Code\User\globalStorage\vexrobotics.vexcode\sdk\cpp\V5\V5_20240802_15_00_00/vexv5\libv5rt.a(v5_apijump.c.obj)
                0x03802ea0                vex_sprintf
 .text.vex_vsnprintf
                0x03802ee0       0x3c c:\Users\student\AppData\Roaming\Code\User\globalStorage\vexrobotics.vexcode\sdk\cpp\V5\V5_20240802_15_00_00/vexv5\libv5rt.a(v5_apijump.c.obj)
                0x03802ee0                vex_vsnprintf
 .text.vexSystemTimeGet
                0x03802f1c       0x1c c:\Users\student\AppData\Roaming\Code\User\globalStorage\vexrobotics.vexcode\sdk\cpp\V5\V5_20240802_15_00_00/vexv5\libv5rt.a(v5_apijump.c.obj)
                0x03802f1c                vexSystemTimeGet
 .text.vexSystemExitRequest
                0x03802f38       0x1c c:\Users\student\AppData\Roaming\Code\User\globalStorage\vexrobotics.vexcode\sdk\cpp\V5\V5_20240802_15_00_00/vexv5\libv5rt.a(v5_apijump.c.obj)
                0x03802f38                vexSystemExitRequest
 .text.vexDeviceGetByIndex
                0x03802f54       0x24 c:\Users\student\AppData\Roaming\Code\User\globalStorage\vexrobotics.vexcode\sdk\cpp\V5\V5_20240802_15_00_00/vexv5\libv5rt.a(v5_apijump.c.obj)
                0x03802f54                vexDeviceGetByIndex
 .text.vexControllerGet
                0x03802f78       0x2c c:\Users\student\AppData\Roaming\Code\User\globalStorage\vexrobotics.vexcode\sdk\cpp\V5\V5_20240802_15_00_00/vexv5\libv5rt.a(v5_apijump.c.obj)
                0x03802f78                vexControllerGet
 .text.vexControllerTextSet
                0x03802fa4       0x74 c:\Users\student\AppData\Roaming\Code\User\globalStorage\vexrobotics.vexcode\sdk\cpp\V5\V5_20240802_15_00_00/vexv5\libv5rt.a(v5_apijump.c.obj)
                0x03802fa4                vexControllerTextSet
 .text.vexDeviceAdiPortConfigSet
                0x03803018       0x34 c:\Users\student\AppData\Roaming\Code\User\globalStorage\vexrobotics.vexcode\sdk\cpp\V5\V5_20240802_15_00_00/vexv5\libv5rt.a(v5_apijump.c.obj)
                0x03803018                vexDeviceAdiPortConfigSet
 .text.vexDeviceAdiPortConfigGet
                0x0380304c       0x2c c:\Users\student\AppData\Roaming\Code\User\globalStorage\vexrobotics.vexcode\sdk\cpp\V5\V5_20240802_15_00_00/vexv5\libv5rt.a(v5_apijump.c.obj)
                0x0380304c                vexDeviceAdiPortConfigGet
 .text.vexDeviceAdiValueSet
                0x03803078       0x34 c:\Users\student\AppData\Roaming\Code\User\globalStorage\vexrobotics.vexcode\sdk\cpp\V5\V5_20240802_15_00_00/vexv5\libv5rt.a(v5_apijump.c.obj)
                0x03803078                vexDeviceAdiValueSet
 .text.vexDeviceMotorVelocitySet
                0x038030ac       0x2c c:\Users\student\AppData\Roaming\Code\User\globalStorage\vexrobotics.vexcode\sdk\cpp\V5\V5_20240802_15_00_00/vexv5\libv5rt.a(v5_apijump.c.obj)
                0x038030ac                vexDeviceMotorVelocitySet
 .text.vexDeviceMotorVelocityGet
                0x038030d8       0x24 c:\Users\student\AppData\Roaming\Code\User\globalStorage\vexrobotics.vexcode\sdk\cpp\V5\V5_20240802_15_00_00/vexv5\libv5rt.a(v5_apijump.c.obj)
                0x038030d8                vexDeviceMotorVelocityGet
 .text.vexDeviceMotorActualVelocityGet
                0x038030fc       0x24 c:\Users\student\AppData\Roaming\Code\User\globalStorage\vexrobotics.vexcode\sdk\cpp\V5\V5_20240802_15_00_00/vexv5\libv5rt.a(v5_apijump.c.obj)
                0x038030fc                vexDeviceMotorActualVelocityGet
 .text.vexDeviceMotorModeGet
                0x03803120       0x24 c:\Users\student\AppData\Roaming\Code\User\globalStorage\vexrobotics.vexcode\sdk\cpp\V5\V5_20240802_15_00_00/vexv5\libv5rt.a(v5_apijump.c.obj)
                0x03803120                vexDeviceMotorModeGet
 .text.vexDeviceMotorZeroPositionFlagGet
                0x03803144       0x24 c:\Users\student\AppData\Roaming\Code\User\globalStorage\vexrobotics.vexcode\sdk\cpp\V5\V5_20240802_15_00_00/vexv5\libv5rt.a(v5_apijump.c.obj)
                0x03803144                vexDeviceMotorZeroPositionFlagGet
 .text.vexDeviceMotorReverseFlagSet
                0x03803168       0x2c c:\Users\student\AppData\Roaming\Code\User\globalStorage\vexrobotics.vexcode\sdk\cpp\V5\V5_20240802_15_00_00/vexv5\libv5rt.a(v5_apijump.c.obj)
                0x03803168                vexDeviceMotorReverseFlagSet
 .text.vexDeviceMotorEncoderUnitsSet
                0x03803194       0x2c c:\Users\student\AppData\Roaming\Code\User\globalStorage\vexrobotics.vexcode\sdk\cpp\V5\V5_20240802_15_00_00/vexv5\libv5rt.a(v5_apijump.c.obj)
                0x03803194                vexDeviceMotorEncoderUnitsSet
 .text.vexDeviceMotorBrakeModeSet
                0x038031c0       0x2c c:\Users\student\AppData\Roaming\Code\User\globalStorage\vexrobotics.vexcode\sdk\cpp\V5\V5_20240802_15_00_00/vexv5\libv5rt.a(v5_apijump.c.obj)
                0x038031c0                vexDeviceMotorBrakeModeSet
 .text.vexDeviceMotorPositionSet
                0x038031ec       0x34 c:\Users\student\AppData\Roaming\Code\User\globalStorage\vexrobotics.vexcode\sdk\cpp\V5\V5_20240802_15_00_00/vexv5\libv5rt.a(v5_apijump.c.obj)
                0x038031ec                vexDeviceMotorPositionSet
 .text.vexDeviceMotorAbsoluteTargetSet
                0x03803220       0x3c c:\Users\student\AppData\Roaming\Code\User\globalStorage\vexrobotics.vexcode\sdk\cpp\V5\V5_20240802_15_00_00/vexv5\libv5rt.a(v5_apijump.c.obj)
                0x03803220                vexDeviceMotorAbsoluteTargetSet
 .text.vexDeviceMotorGearingGet
                0x0380325c       0x24 c:\Users\student\AppData\Roaming\Code\User\globalStorage\vexrobotics.vexcode\sdk\cpp\V5\V5_20240802_15_00_00/vexv5\libv5rt.a(v5_apijump.c.obj)
                0x0380325c                vexDeviceMotorGearingGet
 .text.vexDeviceImuReset
                0x03803280       0x24 c:\Users\student\AppData\Roaming\Code\User\globalStorage\vexrobotics.vexcode\sdk\cpp\V5\V5_20240802_15_00_00/vexv5\libv5rt.a(v5_apijump.c.obj)
                0x03803280                vexDeviceImuReset
 .text.vexDeviceImuHeadingGet
                0x038032a4       0x24 c:\Users\student\AppData\Roaming\Code\User\globalStorage\vexrobotics.vexcode\sdk\cpp\V5\V5_20240802_15_00_00/vexv5\libv5rt.a(v5_apijump.c.obj)
                0x038032a4                vexDeviceImuHeadingGet
 .text.vexDeviceImuDegreesGet
                0x038032c8       0x24 c:\Users\student\AppData\Roaming\Code\User\globalStorage\vexrobotics.vexcode\sdk\cpp\V5\V5_20240802_15_00_00/vexv5\libv5rt.a(v5_apijump.c.obj)
                0x038032c8                vexDeviceImuDegreesGet
 .text.vexDeviceImuStatusGet
                0x038032ec       0x24 c:\Users\student\AppData\Roaming\Code\User\globalStorage\vexrobotics.vexcode\sdk\cpp\V5\V5_20240802_15_00_00/vexv5\libv5rt.a(v5_apijump.c.obj)
                0x038032ec                vexDeviceImuStatusGet
 .text.vexDeviceAbsEncAngleGet
                0x03803310       0x24 c:\Users\student\AppData\Roaming\Code\User\globalStorage\vexrobotics.vexcode\sdk\cpp\V5\V5_20240802_15_00_00/vexv5\libv5rt.a(v5_apijump.c.obj)
                0x03803310                vexDeviceAbsEncAngleGet
 .text.vexDeviceAbsEncReverseFlagSet
                0x03803334       0x2c c:\Users\student\AppData\Roaming\Code\User\globalStorage\vexrobotics.vexcode\sdk\cpp\V5\V5_20240802_15_00_00/vexv5\libv5rt.a(v5_apijump.c.obj)
                0x03803334                vexDeviceAbsEncReverseFlagSet
 .text.vexDisplayForegroundColor
                0x03803360       0x24 c:\Users\student\AppData\Roaming\Code\User\globalStorage\vexrobotics.vexcode\sdk\cpp\V5\V5_20240802_15_00_00/vexv5\libv5rt.a(v5_apijump.c.obj)
                0x03803360                vexDisplayForegroundColor
 .text.vexDisplayBackgroundColor
                0x03803384       0x24 c:\Users\student\AppData\Roaming\Code\User\globalStorage\vexrobotics.vexcode\sdk\cpp\V5\V5_20240802_15_00_00/vexv5\libv5rt.a(v5_apijump.c.obj)
                0x03803384                vexDisplayBackgroundColor
 .text.vexDisplayTextReference
                0x038033a8       0x24 c:\Users\student\AppData\Roaming\Code\User\globalStorage\vexrobotics.vexcode\sdk\cpp\V5\V5_20240802_15_00_00/vexv5\libv5rt.a(v5_apijump.c.obj)
                0x038033a8                vexDisplayTextReference
 .text.vexDisplayTextSize
                0x038033cc       0x2c c:\Users\student\AppData\Roaming\Code\User\globalStorage\vexrobotics.vexcode\sdk\cpp\V5\V5_20240802_15_00_00/vexv5\libv5rt.a(v5_apijump.c.obj)
                0x038033cc                vexDisplayTextSize
 .text.vexDisplayFontNamedSet
                0x038033f8       0x24 c:\Users\student\AppData\Roaming\Code\User\globalStorage\vexrobotics.vexcode\sdk\cpp\V5\V5_20240802_15_00_00/vexv5\libv5rt.a(v5_apijump.c.obj)
                0x038033f8                vexDisplayFontNamedSet
 .text.vexSystemStdlibImpureDataAddr
                0x0380341c       0x28 c:\Users\student\AppData\Roaming\Code\User\globalStorage\vexrobotics.vexcode\sdk\cpp\V5\V5_20240802_15_00_00/vexv5\libv5rt.a(v5_apijump.c.obj)
                0x0380341c                vexSystemStdlibImpureDataAddr
 .text.vexSystemStdlibImpureDataSize
                0x03803444       0x28 c:\Users\student\AppData\Roaming\Code\User\globalStorage\vexrobotics.vexcode\sdk\cpp\V5\V5_20240802_15_00_00/vexv5\libv5rt.a(v5_apijump.c.obj)
                0x03803444                vexSystemStdlibImpureDataSize
 .text.vexSystemSaveUserData
                0x0380346c       0x3c c:\Users\student\AppData\Roaming\Code\User\globalStorage\vexrobotics.vexcode\sdk\cpp\V5\V5_20240802_15_00_00/vexv5\libv5rt.a(v5_apijump.c.obj)
                0x0380346c                vexSystemSaveUserData
 .text.vexDisplayThemeIdGet
                0x038034a8       0x38 c:\Users\student\AppData\Roaming\Code\User\globalStorage\vexrobotics.vexcode\sdk\cpp\V5\V5_20240802_15_00_00/vexv5\libv5rt.a(v5_apijump.c.obj)
                0x038034a8                vexDisplayThemeIdGet
 .text.vexCompetitionStatus
                0x038034e0       0x1c c:\Users\student\AppData\Roaming\Code\User\globalStorage\vexrobotics.vexcode\sdk\cpp\V5\V5_20240802_15_00_00/vexv5\libv5rt.a(v5_apijump.c.obj)
                0x038034e0                vexCompetitionStatus
 .text.vexDeviceEventMaskSet
                0x038034fc       0x48 c:\Users\student\AppData\Roaming\Code\User\globalStorage\vexrobotics.vexcode\sdk\cpp\V5\V5_20240802_15_00_00/vexv5\libv5rt.a(v5_apijump.c.obj)
                0x038034fc                vexDeviceEventMaskSet
 .text.vexDeviceEventMaskGet
                0x03803544       0x3c c:\Users\student\AppData\Roaming\Code\User\globalStorage\vexrobotics.vexcode\sdk\cpp\V5\V5_20240802_15_00_00/vexv5\libv5rt.a(v5_apijump.c.obj)
                0x03803544                vexDeviceEventMaskGet
 .text.vexSystemVersion
                0x03803580       0x10 c:\Users\student\AppData\Roaming\Code\User\globalStorage\vexrobotics.vexcode\sdk\cpp\V5\V5_20240802_15_00_00/vexv5\libv5rt.a(v5_apiversions.c.obj)
                0x03803580                vexSystemVersion
 .text.vexStdlibVersion
                0x03803590       0x10 c:\Users\student\AppData\Roaming\Code\User\globalStorage\vexrobotics.vexcode\sdk\cpp\V5\V5_20240802_15_00_00/vexv5\libv5rt.a(v5_apiversions.c.obj)
                0x03803590                vexStdlibVersion
 .text._ZN3vex4waitEdNS_9timeUnitsE
                0x038035a0       0x30 c:\Users\student\AppData\Roaming\Code\User\globalStorage\vexrobotics.vexcode\sdk\cpp\V5\V5_20240802_15_00_00/vexv5\libv5rt.a(vex_global.cpp.obj)
                0x038035a0                vex::wait(double, vex::timeUnits)
 .text._ZN3vex5motorD2Ev
                0x038035d0       0x20 c:\Users\student\AppData\Roaming\Code\User\globalStorage\vexrobotics.vexcode\sdk\cpp\V5\V5_20240802_15_00_00/vexv5\libv5rt.a(vex_motor.cpp.obj)
                0x038035d0                vex::motor::~motor()
                0x038035d0                vex::motor::~motor()
 .text._ZN3vex5motorD0Ev
                0x038035f0       0x1c c:\Users\student\AppData\Roaming\Code\User\globalStorage\vexrobotics.vexcode\sdk\cpp\V5\V5_20240802_15_00_00/vexv5\libv5rt.a(vex_motor.cpp.obj)
                0x038035f0                vex::motor::~motor()
 .text._ZN3vex5motor9installedEv
                0x0380360c       0x18 c:\Users\student\AppData\Roaming\Code\User\globalStorage\vexrobotics.vexcode\sdk\cpp\V5\V5_20240802_15_00_00/vexv5\libv5rt.a(vex_motor.cpp.obj)
                0x0380360c                vex::motor::installed()
 .text._ZN3vex5motor15defaultStoppingENS_9brakeTypeE
                0x03803624       0x30 c:\Users\student\AppData\Roaming\Code\User\globalStorage\vexrobotics.vexcode\sdk\cpp\V5\V5_20240802_15_00_00/vexv5\libv5rt.a(vex_motor.cpp.obj)
                0x03803624                vex::motor::defaultStopping(vex::brakeType)
 .text._ZN3vex5motorC2El
                0x03803654       0x78 c:\Users\student\AppData\Roaming\Code\User\globalStorage\vexrobotics.vexcode\sdk\cpp\V5\V5_20240802_15_00_00/vexv5\libv5rt.a(vex_motor.cpp.obj)
                0x03803654                vex::motor::motor(long)
                0x03803654                vex::motor::motor(long)
 .text._ZN3vex5motorC2Elb
                0x038036cc       0x24 c:\Users\student\AppData\Roaming\Code\User\globalStorage\vexrobotics.vexcode\sdk\cpp\V5\V5_20240802_15_00_00/vexv5\libv5rt.a(vex_motor.cpp.obj)
                0x038036cc                vex::motor::motor(long, bool)
                0x038036cc                vex::motor::motor(long, bool)
 .text._ZN3vex5motor14isSpinningModeEv
                0x038036f0       0x48 c:\Users\student\AppData\Roaming\Code\User\globalStorage\vexrobotics.vexcode\sdk\cpp\V5\V5_20240802_15_00_00/vexv5\libv5rt.a(vex_motor.cpp.obj)
                0x038036f0                vex::motor::isSpinningMode()
 .text._ZN3vex5motor4stopENS_9brakeTypeE
                0x03803738       0x30 c:\Users\student\AppData\Roaming\Code\User\globalStorage\vexrobotics.vexcode\sdk\cpp\V5\V5_20240802_15_00_00/vexv5\libv5rt.a(vex_motor.cpp.obj)
                0x03803738                vex::motor::stop(vex::brakeType)
 .text._ZN3vex5motor4stopEv
                0x03803768        0x8 c:\Users\student\AppData\Roaming\Code\User\globalStorage\vexrobotics.vexcode\sdk\cpp\V5\V5_20240802_15_00_00/vexv5\libv5rt.a(vex_motor.cpp.obj)
                0x03803768                vex::motor::stop()
 .text._ZN3vex5motor16velocityToScaledEdNS_13velocityUnitsE
                0x03803770       0x5c c:\Users\student\AppData\Roaming\Code\User\globalStorage\vexrobotics.vexcode\sdk\cpp\V5\V5_20240802_15_00_00/vexv5\libv5rt.a(vex_motor.cpp.obj)
                0x03803770                vex::motor::velocityToScaled(double, vex::velocityUnits)
 .text._ZN3vex5motor8velocityENS_13velocityUnitsE
                0x038037cc       0x30 c:\Users\student\AppData\Roaming\Code\User\globalStorage\vexrobotics.vexcode\sdk\cpp\V5\V5_20240802_15_00_00/vexv5\libv5rt.a(vex_motor.cpp.obj)
                0x038037cc                vex::motor::velocity(vex::velocityUnits)
 .text._ZN3vex5motor5valueEv
                0x038037fc       0x1c c:\Users\student\AppData\Roaming\Code\User\globalStorage\vexrobotics.vexcode\sdk\cpp\V5\V5_20240802_15_00_00/vexv5\libv5rt.a(vex_motor.cpp.obj)
                0x038037fc                vex::motor::value()
 .text._ZN3vex5motor16scaledToVelocityEdNS_13velocityUnitsE
                0x03803818       0xa4 c:\Users\student\AppData\Roaming\Code\User\globalStorage\vexrobotics.vexcode\sdk\cpp\V5\V5_20240802_15_00_00/vexv5\libv5rt.a(vex_motor.cpp.obj)
                0x03803818                vex::motor::scaledToVelocity(double, vex::velocityUnits)
 .text._ZN3vex5motor4spinENS_13directionTypeEdNS_13velocityUnitsE
                0x038038bc       0x5c c:\Users\student\AppData\Roaming\Code\User\globalStorage\vexrobotics.vexcode\sdk\cpp\V5\V5_20240802_15_00_00/vexv5\libv5rt.a(vex_motor.cpp.obj)
                0x038038bc                vex::motor::spin(vex::directionType, double, vex::velocityUnits)
 .text._ZN3vex5motor16setRotationUnitsENS_13rotationUnitsE
                0x03803918       0x1c c:\Users\student\AppData\Roaming\Code\User\globalStorage\vexrobotics.vexcode\sdk\cpp\V5\V5_20240802_15_00_00/vexv5\libv5rt.a(vex_motor.cpp.obj)
                0x03803918                vex::motor::setRotationUnits(vex::rotationUnits)
 .text._ZN3vex5motor11setPositionEdNS_13rotationUnitsE
                0x03803934       0x44 c:\Users\student\AppData\Roaming\Code\User\globalStorage\vexrobotics.vexcode\sdk\cpp\V5\V5_20240802_15_00_00/vexv5\libv5rt.a(vex_motor.cpp.obj)
                0x03803934                vex::motor::setPosition(double, vex::rotationUnits)
 .text._ZN3vex5motor6spinToEdNS_13rotationUnitsEdNS_13velocityUnitsEb
                0x03803978       0xe0 c:\Users\student\AppData\Roaming\Code\User\globalStorage\vexrobotics.vexcode\sdk\cpp\V5\V5_20240802_15_00_00/vexv5\libv5rt.a(vex_motor.cpp.obj)
                0x03803978                vex::motor::spinTo(double, vex::rotationUnits, double, vex::velocityUnits, bool)
 .text._ZN3vex5motor14spinToPositionEdNS_13rotationUnitsEb
                0x03803a58       0x34 c:\Users\student\AppData\Roaming\Code\User\globalStorage\vexrobotics.vexcode\sdk\cpp\V5\V5_20240802_15_00_00/vexv5\libv5rt.a(vex_motor.cpp.obj)
                0x03803a58                vex::motor::spinToPosition(double, vex::rotationUnits, bool)
 .text._ZN3vex8inertial11getTurnTypeEv
                0x03803a8c        0x8 c:\Users\student\AppData\Roaming\Code\User\globalStorage\vexrobotics.vexcode\sdk\cpp\V5\V5_20240802_15_00_00/vexv5\libv5rt.a(vex_imu.cpp.obj)
                0x03803a8c                vex::inertial::getTurnType()
 .text._ZThn16_N3vex8inertial11getTurnTypeEv
                0x03803a94        0x8 c:\Users\student\AppData\Roaming\Code\User\globalStorage\vexrobotics.vexcode\sdk\cpp\V5\V5_20240802_15_00_00/vexv5\libv5rt.a(vex_imu.cpp.obj)
                0x03803a94                non-virtual thunk to vex::inertial::getTurnType()
 *fill*         0x03803a9c        0x4 
 .text._ZN3vex8inertial10setHeadingEdNS_13rotationUnitsE
                0x03803aa0       0x58 c:\Users\student\AppData\Roaming\Code\User\globalStorage\vexrobotics.vexcode\sdk\cpp\V5\V5_20240802_15_00_00/vexv5\libv5rt.a(vex_imu.cpp.obj)
                0x03803aa0                vex::inertial::setHeading(double, vex::rotationUnits)
 .text._ZThn16_N3vex8inertial10setHeadingEdNS_13rotationUnitsE
                0x03803af8        0x8 c:\Users\student\AppData\Roaming\Code\User\globalStorage\vexrobotics.vexcode\sdk\cpp\V5\V5_20240802_15_00_00/vexv5\libv5rt.a(vex_imu.cpp.obj)
                0x03803af8                non-virtual thunk to vex::inertial::setHeading(double, vex::rotationUnits)
 .text._ZN3vex8inertial11setRotationEdNS_13rotationUnitsE
                0x03803b00       0x58 c:\Users\student\AppData\Roaming\Code\User\globalStorage\vexrobotics.vexcode\sdk\cpp\V5\V5_20240802_15_00_00/vexv5\libv5rt.a(vex_imu.cpp.obj)
                0x03803b00                vex::inertial::setRotation(double, vex::rotationUnits)
 .text._ZThn16_N3vex8inertial11setRotationEdNS_13rotationUnitsE
                0x03803b58        0x8 c:\Users\student\AppData\Roaming\Code\User\globalStorage\vexrobotics.vexcode\sdk\cpp\V5\V5_20240802_15_00_00/vexv5\libv5rt.a(vex_imu.cpp.obj)
                0x03803b58                non-virtual thunk to vex::inertial::setRotation(double, vex::rotationUnits)
 .text._ZN3vex8inertialD2Ev
                0x03803b60       0x20 c:\Users\student\AppData\Roaming\Code\User\globalStorage\vexrobotics.vexcode\sdk\cpp\V5\V5_20240802_15_00_00/vexv5\libv5rt.a(vex_imu.cpp.obj)
                0x03803b60                vex::inertial::~inertial()
                0x03803b60                vex::inertial::~inertial()
 .text._ZThn16_N3vex8inertialD1Ev
                0x03803b80        0x8 c:\Users\student\AppData\Roaming\Code\User\globalStorage\vexrobotics.vexcode\sdk\cpp\V5\V5_20240802_15_00_00/vexv5\libv5rt.a(vex_imu.cpp.obj)
                0x03803b80                non-virtual thunk to vex::inertial::~inertial()
 .text._ZN3vex8inertialD0Ev
                0x03803b88       0x1c c:\Users\student\AppData\Roaming\Code\User\globalStorage\vexrobotics.vexcode\sdk\cpp\V5\V5_20240802_15_00_00/vexv5\libv5rt.a(vex_imu.cpp.obj)
                0x03803b88                vex::inertial::~inertial()
 .text._ZThn16_N3vex8inertialD0Ev
                0x03803ba4        0x8 c:\Users\student\AppData\Roaming\Code\User\globalStorage\vexrobotics.vexcode\sdk\cpp\V5\V5_20240802_15_00_00/vexv5\libv5rt.a(vex_imu.cpp.obj)
                0x03803ba4                non-virtual thunk to vex::inertial::~inertial()
 .text._ZN3vex8inertial9installedEv
                0x03803bac       0x18 c:\Users\student\AppData\Roaming\Code\User\globalStorage\vexrobotics.vexcode\sdk\cpp\V5\V5_20240802_15_00_00/vexv5\libv5rt.a(vex_imu.cpp.obj)
                0x03803bac                vex::inertial::installed()
 .text._ZN3vex8inertial5angleENS_13rotationUnitsE
                0x03803bc4       0x6c c:\Users\student\AppData\Roaming\Code\User\globalStorage\vexrobotics.vexcode\sdk\cpp\V5\V5_20240802_15_00_00/vexv5\libv5rt.a(vex_imu.cpp.obj)
                0x03803bc4                vex::inertial::angle(vex::rotationUnits)
 .text._ZThn16_N3vex8inertial5angleENS_13rotationUnitsE
                0x03803c30        0x8 c:\Users\student\AppData\Roaming\Code\User\globalStorage\vexrobotics.vexcode\sdk\cpp\V5\V5_20240802_15_00_00/vexv5\libv5rt.a(vex_imu.cpp.obj)
                0x03803c30                non-virtual thunk to vex::inertial::angle(vex::rotationUnits)
 .text._ZN3vex8inertial7headingENS_13rotationUnitsE
                0x03803c38        0x4 c:\Users\student\AppData\Roaming\Code\User\globalStorage\vexrobotics.vexcode\sdk\cpp\V5\V5_20240802_15_00_00/vexv5\libv5rt.a(vex_imu.cpp.obj)
                0x03803c38                vex::inertial::heading(vex::rotationUnits)
 .text._ZThn16_N3vex8inertial7headingENS_13rotationUnitsE
                0x03803c3c        0x8 c:\Users\student\AppData\Roaming\Code\User\globalStorage\vexrobotics.vexcode\sdk\cpp\V5\V5_20240802_15_00_00/vexv5\libv5rt.a(vex_imu.cpp.obj)
                0x03803c3c                non-virtual thunk to vex::inertial::heading(vex::rotationUnits)
 .text._ZN3vex8inertial5valueEv
                0x03803c44       0x1c c:\Users\student\AppData\Roaming\Code\User\globalStorage\vexrobotics.vexcode\sdk\cpp\V5\V5_20240802_15_00_00/vexv5\libv5rt.a(vex_imu.cpp.obj)
                0x03803c44                vex::inertial::value()
 .text._ZN3vex8inertial8rotationENS_13rotationUnitsE
                0x03803c60       0x48 c:\Users\student\AppData\Roaming\Code\User\globalStorage\vexrobotics.vexcode\sdk\cpp\V5\V5_20240802_15_00_00/vexv5\libv5rt.a(vex_imu.cpp.obj)
                0x03803c60                vex::inertial::rotation(vex::rotationUnits)
 .text._ZThn16_N3vex8inertial8rotationENS_13rotationUnitsE
                0x03803ca8        0x8 c:\Users\student\AppData\Roaming\Code\User\globalStorage\vexrobotics.vexcode\sdk\cpp\V5\V5_20240802_15_00_00/vexv5\libv5rt.a(vex_imu.cpp.obj)
                0x03803ca8                non-virtual thunk to vex::inertial::rotation(vex::rotationUnits)
 .text._ZN3vex8inertial13isCalibratingEv
                0x03803cb0       0x38 c:\Users\student\AppData\Roaming\Code\User\globalStorage\vexrobotics.vexcode\sdk\cpp\V5\V5_20240802_15_00_00/vexv5\libv5rt.a(vex_imu.cpp.obj)
                0x03803cb0                vex::inertial::isCalibrating()
 .text._ZThn16_N3vex8inertial13isCalibratingEv
                0x03803ce8        0x8 c:\Users\student\AppData\Roaming\Code\User\globalStorage\vexrobotics.vexcode\sdk\cpp\V5\V5_20240802_15_00_00/vexv5\libv5rt.a(vex_imu.cpp.obj)
                0x03803ce8                non-virtual thunk to vex::inertial::isCalibrating()
 .text._ZN3vex8inertialC2ElNS_8turnTypeE
                0x03803cf0       0x4c c:\Users\student\AppData\Roaming\Code\User\globalStorage\vexrobotics.vexcode\sdk\cpp\V5\V5_20240802_15_00_00/vexv5\libv5rt.a(vex_imu.cpp.obj)
                0x03803cf0                vex::inertial::inertial(long, vex::turnType)
                0x03803cf0                vex::inertial::inertial(long, vex::turnType)
 .text._ZN3vex8inertial12resetHeadingEv
                0x03803d3c       0x20 c:\Users\student\AppData\Roaming\Code\User\globalStorage\vexrobotics.vexcode\sdk\cpp\V5\V5_20240802_15_00_00/vexv5\libv5rt.a(vex_imu.cpp.obj)
                0x03803d3c                vex::inertial::resetHeading()
 .text._ZN3vex8inertial16startCalibrationEl
                0x03803d5c       0x20 c:\Users\student\AppData\Roaming\Code\User\globalStorage\vexrobotics.vexcode\sdk\cpp\V5\V5_20240802_15_00_00/vexv5\libv5rt.a(vex_imu.cpp.obj)
                0x03803d5c                vex::inertial::startCalibration(long)
 .text._ZN3vex8inertial9calibrateEl
                0x03803d7c        0xc c:\Users\student\AppData\Roaming\Code\User\globalStorage\vexrobotics.vexcode\sdk\cpp\V5\V5_20240802_15_00_00/vexv5\libv5rt.a(vex_imu.cpp.obj)
                0x03803d7c                vex::inertial::calibrate(long)
                0x03803d80                non-virtual thunk to vex::inertial::calibrate(long)
 .text._ZN3vex8rotationD2Ev
                0x03803d88       0x20 c:\Users\student\AppData\Roaming\Code\User\globalStorage\vexrobotics.vexcode\sdk\cpp\V5\V5_20240802_15_00_00/vexv5\libv5rt.a(vex_rotation.cpp.obj)
                0x03803d88                vex::rotation::~rotation()
                0x03803d88                vex::rotation::~rotation()
 .text._ZN3vex8rotationD0Ev
                0x03803da8       0x1c c:\Users\student\AppData\Roaming\Code\User\globalStorage\vexrobotics.vexcode\sdk\cpp\V5\V5_20240802_15_00_00/vexv5\libv5rt.a(vex_rotation.cpp.obj)
                0x03803da8                vex::rotation::~rotation()
 .text._ZN3vex8rotation9installedEv
                0x03803dc4       0x18 c:\Users\student\AppData\Roaming\Code\User\globalStorage\vexrobotics.vexcode\sdk\cpp\V5\V5_20240802_15_00_00/vexv5\libv5rt.a(vex_rotation.cpp.obj)
                0x03803dc4                vex::rotation::installed()
 .text._ZN3vex8rotation5valueEv
                0x03803ddc        0x8 c:\Users\student\AppData\Roaming\Code\User\globalStorage\vexrobotics.vexcode\sdk\cpp\V5\V5_20240802_15_00_00/vexv5\libv5rt.a(vex_rotation.cpp.obj)
                0x03803ddc                vex::rotation::value()
 .text._ZN3vex8rotationC2Elb
                0x03803de4       0x30 c:\Users\student\AppData\Roaming\Code\User\globalStorage\vexrobotics.vexcode\sdk\cpp\V5\V5_20240802_15_00_00/vexv5\libv5rt.a(vex_rotation.cpp.obj)
                0x03803de4                vex::rotation::rotation(long, bool)
                0x03803de4                vex::rotation::rotation(long, bool)
 *fill*         0x03803e14        0x4 
 .text._ZN3vex8rotation5angleENS_13rotationUnitsE
                0x03803e18       0x50 c:\Users\student\AppData\Roaming\Code\User\globalStorage\vexrobotics.vexcode\sdk\cpp\V5\V5_20240802_15_00_00/vexv5\libv5rt.a(vex_rotation.cpp.obj)
                0x03803e18                vex::rotation::angle(vex::rotationUnits)
 .text._ZN3vex10controllerD2Ev
                0x03803e68        0x4 c:\Users\student\AppData\Roaming\Code\User\globalStorage\vexrobotics.vexcode\sdk\cpp\V5\V5_20240802_15_00_00/vexv5\libv5rt.a(vex_controller.cpp.obj)
                0x03803e68                vex::controller::~controller()
                0x03803e68                vex::controller::~controller()
 .text._ZN3vex10controller5valueE19_V5_ControllerIndex
                0x03803e6c        0x8 c:\Users\student\AppData\Roaming\Code\User\globalStorage\vexrobotics.vexcode\sdk\cpp\V5\V5_20240802_15_00_00/vexv5\libv5rt.a(vex_controller.cpp.obj)
                0x03803e6c                vex::controller::value(_V5_ControllerIndex)
 .text._ZN3vex10controller6rumbleEPKc
                0x03803e74       0x4c c:\Users\student\AppData\Roaming\Code\User\globalStorage\vexrobotics.vexcode\sdk\cpp\V5\V5_20240802_15_00_00/vexv5\libv5rt.a(vex_controller.cpp.obj)
                0x03803e74                vex::controller::rumble(char const*)
 .text._ZNK3vex10controller6button8pressingEv
                0x03803ec0       0xc8 c:\Users\student\AppData\Roaming\Code\User\globalStorage\vexrobotics.vexcode\sdk\cpp\V5\V5_20240802_15_00_00/vexv5\libv5rt.a(vex_controller.cpp.obj)
                0x03803ec0                vex::controller::button::pressing() const
 .text._ZNK3vex10controller6button21_buttonToPressedEventEv
                0x03803f88       0x20 c:\Users\student\AppData\Roaming\Code\User\globalStorage\vexrobotics.vexcode\sdk\cpp\V5\V5_20240802_15_00_00/vexv5\libv5rt.a(vex_controller.cpp.obj)
                0x03803f88                vex::controller::button::_buttonToPressedEvent() const
 .text._ZNK3vex10controller6button22_buttonToReleasedEventEv
                0x03803fa8       0x20 c:\Users\student\AppData\Roaming\Code\User\globalStorage\vexrobotics.vexcode\sdk\cpp\V5\V5_20240802_15_00_00/vexv5\libv5rt.a(vex_controller.cpp.obj)
                0x03803fa8                vex::controller::button::_buttonToReleasedEvent() const
 .text._ZN3vex10controller6buttonC2ENS0_11tButtonTypeEPS0_
                0x03803fc8       0x48 c:\Users\student\AppData\Roaming\Code\User\globalStorage\vexrobotics.vexcode\sdk\cpp\V5\V5_20240802_15_00_00/vexv5\libv5rt.a(vex_controller.cpp.obj)
                0x03803fc8                vex::controller::button::button(vex::controller::tButtonType, vex::controller*)
                0x03803fc8                vex::controller::button::button(vex::controller::tButtonType, vex::controller*)
 .text._ZNK3vex10controller4axis5valueEv
                0x03804010       0x58 c:\Users\student\AppData\Roaming\Code\User\globalStorage\vexrobotics.vexcode\sdk\cpp\V5\V5_20240802_15_00_00/vexv5\libv5rt.a(vex_controller.cpp.obj)
                0x03804010                vex::controller::axis::value() const
 .text._ZNK3vex10controller4axis8positionENS_12percentUnitsE
                0x03804068       0x1c c:\Users\student\AppData\Roaming\Code\User\globalStorage\vexrobotics.vexcode\sdk\cpp\V5\V5_20240802_15_00_00/vexv5\libv5rt.a(vex_controller.cpp.obj)
                0x03804068                vex::controller::axis::position(vex::percentUnits) const
 .text._ZNK3vex10controller4axis23_joystickToChangedEventEv
                0x03804084       0x20 c:\Users\student\AppData\Roaming\Code\User\globalStorage\vexrobotics.vexcode\sdk\cpp\V5\V5_20240802_15_00_00/vexv5\libv5rt.a(vex_controller.cpp.obj)
                0x03804084                vex::controller::axis::_joystickToChangedEvent() const
 .text._ZN3vex10controller4axisC2ENS0_9tAxisTypeEPS0_
                0x038040a4       0x2c c:\Users\student\AppData\Roaming\Code\User\globalStorage\vexrobotics.vexcode\sdk\cpp\V5\V5_20240802_15_00_00/vexv5\libv5rt.a(vex_controller.cpp.obj)
                0x038040a4                vex::controller::axis::axis(vex::controller::tAxisType, vex::controller*)
                0x038040a4                vex::controller::axis::axis(vex::controller::tAxisType, vex::controller*)
 .text._ZN3vex10controllerC2Ev
                0x038040d0      0x164 c:\Users\student\AppData\Roaming\Code\User\globalStorage\vexrobotics.vexcode\sdk\cpp\V5\V5_20240802_15_00_00/vexv5\libv5rt.a(vex_controller.cpp.obj)
                0x038040d0                vex::controller::controller()
                0x038040d0                vex::controller::controller()
 .text._ZN3vex10controller3lcd15getControllerIdEv
                0x03804234       0x10 c:\Users\student\AppData\Roaming\Code\User\globalStorage\vexrobotics.vexcode\sdk\cpp\V5\V5_20240802_15_00_00/vexv5\libv5rt.a(vex_controller.cpp.obj)
                0x03804234                vex::controller::lcd::getControllerId()
 .text._ZN3vex10controller3lcd9setCursorEll
                0x03804244       0x40 c:\Users\student\AppData\Roaming\Code\User\globalStorage\vexrobotics.vexcode\sdk\cpp\V5\V5_20240802_15_00_00/vexv5\libv5rt.a(vex_controller.cpp.obj)
                0x03804244                vex::controller::lcd::setCursor(long, long)
 .text._ZN3vex10controller3lcd5printEPKcz
                0x03804284       0x80 c:\Users\student\AppData\Roaming\Code\User\globalStorage\vexrobotics.vexcode\sdk\cpp\V5\V5_20240802_15_00_00/vexv5\libv5rt.a(vex_controller.cpp.obj)
                0x03804284                vex::controller::lcd::print(char const*, ...)
 .text._ZN3vex10controller3lcd9clearLineEi
                0x03804304       0x80 c:\Users\student\AppData\Roaming\Code\User\globalStorage\vexrobotics.vexcode\sdk\cpp\V5\V5_20240802_15_00_00/vexv5\libv5rt.a(vex_controller.cpp.obj)
                0x03804304                vex::controller::lcd::clearLine(int)
 .text._ZN3vex10controller3lcd11clearScreenEv
                0x03804384       0x5c c:\Users\student\AppData\Roaming\Code\User\globalStorage\vexrobotics.vexcode\sdk\cpp\V5\V5_20240802_15_00_00/vexv5\libv5rt.a(vex_controller.cpp.obj)
                0x03804384                vex::controller::lcd::clearScreen()
 .text._ZN3vex6threadC2EPFivE
                0x038043e0       0x5c c:\Users\student\AppData\Roaming\Code\User\globalStorage\vexrobotics.vexcode\sdk\cpp\V5\V5_20240802_15_00_00/vexv5\libv5rt.a(vex_thread.cpp.obj)
                0x038043e0                vex::thread::thread(int (*)())
                0x038043e0                vex::thread::thread(int (*)())
 .text._ZN3vex11this_thread9sleep_forEm
                0x0380443c        0x4 c:\Users\student\AppData\Roaming\Code\User\globalStorage\vexrobotics.vexcode\sdk\cpp\V5\V5_20240802_15_00_00/vexv5\libv5rt.a(vex_thread.cpp.obj)
                0x0380443c                vex::this_thread::sleep_for(unsigned long)
 .text._ZN3vex5mutexC2Ev
                0x03804440       0x1c c:\Users\student\AppData\Roaming\Code\User\globalStorage\vexrobotics.vexcode\sdk\cpp\V5\V5_20240802_15_00_00/vexv5\libv5rt.a(vex_thread.cpp.obj)
                0x03804440                vex::mutex::mutex()
                0x03804440                vex::mutex::mutex()
 .text._ZN3vex5mutexD2Ev
                0x0380445c        0x4 c:\Users\student\AppData\Roaming\Code\User\globalStorage\vexrobotics.vexcode\sdk\cpp\V5\V5_20240802_15_00_00/vexv5\libv5rt.a(vex_thread.cpp.obj)
                0x0380445c                vex::mutex::~mutex()
                0x0380445c                vex::mutex::~mutex()
 .text._ZN3vex5event4initEmmPFvvE
                0x03804460        0x4 c:\Users\student\AppData\Roaming\Code\User\globalStorage\vexrobotics.vexcode\sdk\cpp\V5\V5_20240802_15_00_00/vexv5\libv5rt.a(vex_event.cpp.obj)
                0x03804460                vex::event::init(unsigned long, unsigned long, void (*)())
 .text._ZN3vex5event4initEmmPFvPvES1_
                0x03804464        0x4 c:\Users\student\AppData\Roaming\Code\User\globalStorage\vexrobotics.vexcode\sdk\cpp\V5\V5_20240802_15_00_00/vexv5\libv5rt.a(vex_event.cpp.obj)
                0x03804464                vex::event::init(unsigned long, unsigned long, void (*)(void*), void*)
 .text._ZN3vex5event9userindexEv
                0x03804468        0x4 c:\Users\student\AppData\Roaming\Code\User\globalStorage\vexrobotics.vexcode\sdk\cpp\V5\V5_20240802_15_00_00/vexv5\libv5rt.a(vex_event.cpp.obj)
                0x03804468                vex::event::userindex()
 .text._ZZN3vex6meventC4EmmENUlvE_4_FUNEv
                0x0380446c        0x4 c:\Users\student\AppData\Roaming\Code\User\globalStorage\vexrobotics.vexcode\sdk\cpp\V5\V5_20240802_15_00_00/vexv5\libv5rt.a(vex_mevent.cpp.obj)
 .text._ZN3vex6meventC2Emm
                0x03804470       0x70 c:\Users\student\AppData\Roaming\Code\User\globalStorage\vexrobotics.vexcode\sdk\cpp\V5\V5_20240802_15_00_00/vexv5\libv5rt.a(vex_mevent.cpp.obj)
                0x03804470                vex::mevent::mevent(unsigned long, unsigned long)
                0x03804470                vex::mevent::mevent(unsigned long, unsigned long)
 .text._ZN3vex5brain9_getIndexEv
                0x038044e0       0x10 c:\Users\student\AppData\Roaming\Code\User\globalStorage\vexrobotics.vexcode\sdk\cpp\V5\V5_20240802_15_00_00/vexv5\libv5rt.a(vex_brain.cpp.obj)
                0x038044e0                vex::brain::_getIndex()
 .text._ZN3vex5brain3lcd9setCursorEll
                0x038044f0       0x44 c:\Users\student\AppData\Roaming\Code\User\globalStorage\vexrobotics.vexcode\sdk\cpp\V5\V5_20240802_15_00_00/vexv5\libv5rt.a(vex_brain.cpp.obj)
                0x038044f0                vex::brain::lcd::setCursor(long, long)
 .text._ZN3vex5brain3lcd7setFontENS_8fontTypeE
                0x03804534      0x23c c:\Users\student\AppData\Roaming\Code\User\globalStorage\vexrobotics.vexcode\sdk\cpp\V5\V5_20240802_15_00_00/vexv5\libv5rt.a(vex_brain.cpp.obj)
                0x03804534                vex::brain::lcd::setFont(vex::fontType)
 .text._ZN3vex5brain3lcdC2Ev
                0x03804770       0x94 c:\Users\student\AppData\Roaming\Code\User\globalStorage\vexrobotics.vexcode\sdk\cpp\V5\V5_20240802_15_00_00/vexv5\libv5rt.a(vex_brain.cpp.obj)
                0x03804770                vex::brain::lcd::lcd()
                0x03804770                vex::brain::lcd::lcd()
 .text._ZN3vex5brainC2Ev
                0x03804804       0x3c c:\Users\student\AppData\Roaming\Code\User\globalStorage\vexrobotics.vexcode\sdk\cpp\V5\V5_20240802_15_00_00/vexv5\libv5rt.a(vex_brain.cpp.obj)
                0x03804804                vex::brain::brain()
                0x03804804                vex::brain::brain()
 .text._ZN3vex5brainD2Ev
                0x03804840       0x20 c:\Users\student\AppData\Roaming\Code\User\globalStorage\vexrobotics.vexcode\sdk\cpp\V5\V5_20240802_15_00_00/vexv5\libv5rt.a(vex_brain.cpp.obj)
                0x03804840                vex::brain::~brain()
                0x03804840                vex::brain::~brain()
 .text._ZN3vex11competition8_disableEPv
                0x03804860       0xa4 c:\Users\student\AppData\Roaming\Code\User\globalStorage\vexrobotics.vexcode\sdk\cpp\V5\V5_20240802_15_00_00/vexv5\libv5rt.a(vex_competition.cpp.obj)
                0x03804860                vex::competition::_disable(void*)
 .text._ZN3vex11competition11_autonomousEv
                0x03804904       0x80 c:\Users\student\AppData\Roaming\Code\User\globalStorage\vexrobotics.vexcode\sdk\cpp\V5\V5_20240802_15_00_00/vexv5\libv5rt.a(vex_competition.cpp.obj)
                0x03804904                vex::competition::_autonomous()
 .text._ZN3vex11competition14_drivercontrolEv
                0x03804984       0x80 c:\Users\student\AppData\Roaming\Code\User\globalStorage\vexrobotics.vexcode\sdk\cpp\V5\V5_20240802_15_00_00/vexv5\libv5rt.a(vex_competition.cpp.obj)
                0x03804984                vex::competition::_drivercontrol()
 .text._ZN3vex11competitionC2Ev
                0x03804a04      0x13c c:\Users\student\AppData\Roaming\Code\User\globalStorage\vexrobotics.vexcode\sdk\cpp\V5\V5_20240802_15_00_00/vexv5\libv5rt.a(vex_competition.cpp.obj)
                0x03804a04                vex::competition::competition()
                0x03804a04                vex::competition::competition()
 .text._ZN3vex11competitionD2Ev
                0x03804b40        0x4 c:\Users\student\AppData\Roaming\Code\User\globalStorage\vexrobotics.vexcode\sdk\cpp\V5\V5_20240802_15_00_00/vexv5\libv5rt.a(vex_competition.cpp.obj)
                0x03804b40                vex::competition::~competition()
                0x03804b40                vex::competition::~competition()
 .text._ZN3vex11competition10autonomousEPFvvE
                0x03804b44       0x44 c:\Users\student\AppData\Roaming\Code\User\globalStorage\vexrobotics.vexcode\sdk\cpp\V5\V5_20240802_15_00_00/vexv5\libv5rt.a(vex_competition.cpp.obj)
                0x03804b44                vex::competition::autonomous(void (*)())
 .text._ZN3vex11competition13drivercontrolEPFvvE
                0x03804b88       0x44 c:\Users\student\AppData\Roaming\Code\User\globalStorage\vexrobotics.vexcode\sdk\cpp\V5\V5_20240802_15_00_00/vexv5\libv5rt.a(vex_competition.cpp.obj)
                0x03804b88                vex::competition::drivercontrol(void (*)())
 .text._ZN3vex11competition14isFieldControlEv
                0x03804bcc       0x10 c:\Users\student\AppData\Roaming\Code\User\globalStorage\vexrobotics.vexcode\sdk\cpp\V5\V5_20240802_15_00_00/vexv5\libv5rt.a(vex_competition.cpp.obj)
                0x03804bcc                vex::competition::isFieldControl()
 .text._ZN3vex7triportD2Ev
                0x03804bdc       0x38 c:\Users\student\AppData\Roaming\Code\User\globalStorage\vexrobotics.vexcode\sdk\cpp\V5\V5_20240802_15_00_00/vexv5\libv5rt.a(vex_triport.cpp.obj)
                0x03804bdc                vex::triport::~triport()
                0x03804bdc                vex::triport::~triport()
 .text._ZN3vex7triportD0Ev
                0x03804c14       0x1c c:\Users\student\AppData\Roaming\Code\User\globalStorage\vexrobotics.vexcode\sdk\cpp\V5\V5_20240802_15_00_00/vexv5\libv5rt.a(vex_triport.cpp.obj)
                0x03804c14                vex::triport::~triport()
 .text._ZN3vex7triport9installedEv
                0x03804c30       0x18 c:\Users\student\AppData\Roaming\Code\User\globalStorage\vexrobotics.vexcode\sdk\cpp\V5\V5_20240802_15_00_00/vexv5\libv5rt.a(vex_triport.cpp.obj)
                0x03804c30                vex::triport::installed()
 .text._ZN3vex7triport4portC2ElPS0_
                0x03804c48       0x74 c:\Users\student\AppData\Roaming\Code\User\globalStorage\vexrobotics.vexcode\sdk\cpp\V5\V5_20240802_15_00_00/vexv5\libv5rt.a(vex_triport.cpp.obj)
                0x03804c48                vex::triport::port::port(long, vex::triport*)
                0x03804c48                vex::triport::port::port(long, vex::triport*)
 .text._ZN3vex7triportC2El
                0x03804cbc       0xf0 c:\Users\student\AppData\Roaming\Code\User\globalStorage\vexrobotics.vexcode\sdk\cpp\V5\V5_20240802_15_00_00/vexv5\libv5rt.a(vex_triport.cpp.obj)
                0x03804cbc                vex::triport::triport(long)
                0x03804cbc                vex::triport::triport(long)
 .text._ZN3vex7triport4port4typeENS_11triportTypeE
                0x03804dac       0x30 c:\Users\student\AppData\Roaming\Code\User\globalStorage\vexrobotics.vexcode\sdk\cpp\V5\V5_20240802_15_00_00/vexv5\libv5rt.a(vex_triport.cpp.obj)
                0x03804dac                vex::triport::port::type(vex::triportType)
 .text._ZN3vex7triport4port4typeEv
                0x03804ddc       0x38 c:\Users\student\AppData\Roaming\Code\User\globalStorage\vexrobotics.vexcode\sdk\cpp\V5\V5_20240802_15_00_00/vexv5\libv5rt.a(vex_triport.cpp.obj)
                0x03804ddc                vex::triport::port::type()
 .text._ZN3vex7triport4port5valueEl
                0x03804e14       0x18 c:\Users\student\AppData\Roaming\Code\User\globalStorage\vexrobotics.vexcode\sdk\cpp\V5\V5_20240802_15_00_00/vexv5\libv5rt.a(vex_triport.cpp.obj)
                0x03804e14                vex::triport::port::value(long)
 .text._ZN3vex11__trideviceC2ERNS_7triport4portENS_11triportTypeE
                0x03804e2c       0x5c c:\Users\student\AppData\Roaming\Code\User\globalStorage\vexrobotics.vexcode\sdk\cpp\V5\V5_20240802_15_00_00/vexv5\libv5rt.a(vex_triport.cpp.obj)
                0x03804e2c                vex::__tridevice::__tridevice(vex::triport::port&, vex::triportType)
                0x03804e2c                vex::__tridevice::__tridevice(vex::triport::port&, vex::triportType)
 .text._ZN3vex11digital_outC2ERNS_7triport4portE
                0x03804e88       0x18 c:\Users\student\AppData\Roaming\Code\User\globalStorage\vexrobotics.vexcode\sdk\cpp\V5\V5_20240802_15_00_00/vexv5\libv5rt.a(vex_triport.cpp.obj)
                0x03804e88                vex::digital_out::digital_out(vex::triport::port&)
                0x03804e88                vex::digital_out::digital_out(vex::triport::port&)
 .text._ZN3vex11digital_outD2Ev
                0x03804ea0        0x4 c:\Users\student\AppData\Roaming\Code\User\globalStorage\vexrobotics.vexcode\sdk\cpp\V5\V5_20240802_15_00_00/vexv5\libv5rt.a(vex_triport.cpp.obj)
                0x03804ea0                vex::digital_out::~digital_out()
                0x03804ea0                vex::digital_out::~digital_out()
 .text._ZN3vex11digital_out3setEb
                0x03804ea4        0x8 c:\Users\student\AppData\Roaming\Code\User\globalStorage\vexrobotics.vexcode\sdk\cpp\V5\V5_20240802_15_00_00/vexv5\libv5rt.a(vex_triport.cpp.obj)
                0x03804ea4                vex::digital_out::set(bool)
 .text._ZN3vex5colorD2Ev
                0x03804eac        0x4 c:\Users\student\AppData\Roaming\Code\User\globalStorage\vexrobotics.vexcode\sdk\cpp\V5\V5_20240802_15_00_00/vexv5\libv5rt.a(vex_color.cpp.obj)
                0x03804eac                vex::color::~color()
                0x03804eac                vex::color::~color()
 .text.startup._GLOBAL__sub_I__ZN3vex5color5blackE
                0x03804eb0      0x164 c:\Users\student\AppData\Roaming\Code\User\globalStorage\vexrobotics.vexcode\sdk\cpp\V5\V5_20240802_15_00_00/vexv5\libv5rt.a(vex_color.cpp.obj)
 .text._ZN3vex5timerD2Ev
                0x03805014        0x4 c:\Users\student\AppData\Roaming\Code\User\globalStorage\vexrobotics.vexcode\sdk\cpp\V5\V5_20240802_15_00_00/vexv5\libv5rt.a(vex_timer.cpp.obj)
                0x03805014                vex::timer::~timer()
                0x03805014                vex::timer::~timer()
 .text._ZN3vex5timer5clearEv
                0x03805018       0x1c c:\Users\student\AppData\Roaming\Code\User\globalStorage\vexrobotics.vexcode\sdk\cpp\V5\V5_20240802_15_00_00/vexv5\libv5rt.a(vex_timer.cpp.obj)
                0x03805018                vex::timer::clear()
 .text._ZN3vex5timerC2Ev
                0x03805034       0x14 c:\Users\student\AppData\Roaming\Code\User\globalStorage\vexrobotics.vexcode\sdk\cpp\V5\V5_20240802_15_00_00/vexv5\libv5rt.a(vex_timer.cpp.obj)
                0x03805034                vex::timer::timer()
                0x03805034                vex::timer::timer()
 .text._ZN3vex5timer6systemEv
                0x03805048        0x4 c:\Users\student\AppData\Roaming\Code\User\globalStorage\vexrobotics.vexcode\sdk\cpp\V5\V5_20240802_15_00_00/vexv5\libv5rt.a(vex_timer.cpp.obj)
                0x03805048                vex::timer::system()
 .text.vexAdiPortConfigSet
                0x0380504c       0x28 c:\Users\student\AppData\Roaming\Code\User\globalStorage\vexrobotics.vexcode\sdk\cpp\V5\V5_20240802_15_00_00/vexv5\libv5rt.a(v5_apiuser.c.obj)
                0x0380504c                vexAdiPortConfigSet
 .text.vexAdiPortConfigGet
                0x03805074       0x28 c:\Users\student\AppData\Roaming\Code\User\globalStorage\vexrobotics.vexcode\sdk\cpp\V5\V5_20240802_15_00_00/vexv5\libv5rt.a(v5_apiuser.c.obj)
                0x03805074                vexAdiPortConfigGet
 .text.vexAdiValueSet
                0x0380509c       0x28 c:\Users\student\AppData\Roaming\Code\User\globalStorage\vexrobotics.vexcode\sdk\cpp\V5\V5_20240802_15_00_00/vexv5\libv5rt.a(v5_apiuser.c.obj)
                0x0380509c                vexAdiValueSet
 .text.vexMotorVelocitySet
                0x038050c4       0x20 c:\Users\student\AppData\Roaming\Code\User\globalStorage\vexrobotics.vexcode\sdk\cpp\V5\V5_20240802_15_00_00/vexv5\libv5rt.a(v5_apiuser.c.obj)
                0x038050c4                vexMotorVelocitySet
 .text.vexMotorVelocityGet
                0x038050e4       0x18 c:\Users\student\AppData\Roaming\Code\User\globalStorage\vexrobotics.vexcode\sdk\cpp\V5\V5_20240802_15_00_00/vexv5\libv5rt.a(v5_apiuser.c.obj)
                0x038050e4                vexMotorVelocityGet
 .text.vexMotorActualVelocityGet
                0x038050fc       0x24 c:\Users\student\AppData\Roaming\Code\User\globalStorage\vexrobotics.vexcode\sdk\cpp\V5\V5_20240802_15_00_00/vexv5\libv5rt.a(v5_apiuser.c.obj)
                0x038050fc                vexMotorActualVelocityGet
 .text.vexMotorModeGet
                0x03805120       0x18 c:\Users\student\AppData\Roaming\Code\User\globalStorage\vexrobotics.vexcode\sdk\cpp\V5\V5_20240802_15_00_00/vexv5\libv5rt.a(v5_apiuser.c.obj)
                0x03805120                vexMotorModeGet
 .text.vexMotorZeroPositionFlagGet
                0x03805138       0x18 c:\Users\student\AppData\Roaming\Code\User\globalStorage\vexrobotics.vexcode\sdk\cpp\V5\V5_20240802_15_00_00/vexv5\libv5rt.a(v5_apiuser.c.obj)
                0x03805138                vexMotorZeroPositionFlagGet
 .text.vexMotorReverseFlagSet
                0x03805150       0x20 c:\Users\student\AppData\Roaming\Code\User\globalStorage\vexrobotics.vexcode\sdk\cpp\V5\V5_20240802_15_00_00/vexv5\libv5rt.a(v5_apiuser.c.obj)
                0x03805150                vexMotorReverseFlagSet
 .text.vexMotorEncoderUnitsSet
                0x03805170       0x20 c:\Users\student\AppData\Roaming\Code\User\globalStorage\vexrobotics.vexcode\sdk\cpp\V5\V5_20240802_15_00_00/vexv5\libv5rt.a(v5_apiuser.c.obj)
                0x03805170                vexMotorEncoderUnitsSet
 .text.vexMotorBrakeModeSet
                0x03805190       0x20 c:\Users\student\AppData\Roaming\Code\User\globalStorage\vexrobotics.vexcode\sdk\cpp\V5\V5_20240802_15_00_00/vexv5\libv5rt.a(v5_apiuser.c.obj)
                0x03805190                vexMotorBrakeModeSet
 .text.vexMotorPositionSet
                0x038051b0       0x28 c:\Users\student\AppData\Roaming\Code\User\globalStorage\vexrobotics.vexcode\sdk\cpp\V5\V5_20240802_15_00_00/vexv5\libv5rt.a(v5_apiuser.c.obj)
                0x038051b0                vexMotorPositionSet
 .text.vexMotorAbsoluteTargetSet
                0x038051d8       0x30 c:\Users\student\AppData\Roaming\Code\User\globalStorage\vexrobotics.vexcode\sdk\cpp\V5\V5_20240802_15_00_00/vexv5\libv5rt.a(v5_apiuser.c.obj)
                0x038051d8                vexMotorAbsoluteTargetSet
 .text.vexMotorGearingGet
                0x03805208       0x18 c:\Users\student\AppData\Roaming\Code\User\globalStorage\vexrobotics.vexcode\sdk\cpp\V5\V5_20240802_15_00_00/vexv5\libv5rt.a(v5_apiuser.c.obj)
                0x03805208                vexMotorGearingGet
 .text.vexImuReset
                0x03805220       0x10 c:\Users\student\AppData\Roaming\Code\User\globalStorage\vexrobotics.vexcode\sdk\cpp\V5\V5_20240802_15_00_00/vexv5\libv5rt.a(v5_apiuser.c.obj)
                0x03805220                vexImuReset
 .text.vexImuHeadingGet
                0x03805230       0x10 c:\Users\student\AppData\Roaming\Code\User\globalStorage\vexrobotics.vexcode\sdk\cpp\V5\V5_20240802_15_00_00/vexv5\libv5rt.a(v5_apiuser.c.obj)
                0x03805230                vexImuHeadingGet
 .text.vexImuDegreesGet
                0x03805240       0x10 c:\Users\student\AppData\Roaming\Code\User\globalStorage\vexrobotics.vexcode\sdk\cpp\V5\V5_20240802_15_00_00/vexv5\libv5rt.a(v5_apiuser.c.obj)
                0x03805240                vexImuDegreesGet
 .text.vexImuStatusGet
                0x03805250       0x10 c:\Users\student\AppData\Roaming\Code\User\globalStorage\vexrobotics.vexcode\sdk\cpp\V5\V5_20240802_15_00_00/vexv5\libv5rt.a(v5_apiuser.c.obj)
                0x03805250                vexImuStatusGet
 .text.vexAbsEncAngleGet
                0x03805260       0x10 c:\Users\student\AppData\Roaming\Code\User\globalStorage\vexrobotics.vexcode\sdk\cpp\V5\V5_20240802_15_00_00/vexv5\libv5rt.a(v5_apiuser.c.obj)
                0x03805260                vexAbsEncAngleGet
 .text.vexAbsEncReverseFlagSet
                0x03805270       0x18 c:\Users\student\AppData\Roaming\Code\User\globalStorage\vexrobotics.vexcode\sdk\cpp\V5\V5_20240802_15_00_00/vexv5\libv5rt.a(v5_apiuser.c.obj)
                0x03805270                vexAbsEncReverseFlagSet
 .text.vexEventMaskSet
                0x03805288       0x28 c:\Users\student\AppData\Roaming\Code\User\globalStorage\vexrobotics.vexcode\sdk\cpp\V5\V5_20240802_15_00_00/vexv5\libv5rt.a(v5_apiuser.c.obj)
                0x03805288                vexEventMaskSet
 .text.vexEventMaskGet
                0x038052b0       0x18 c:\Users\student\AppData\Roaming\Code\User\globalStorage\vexrobotics.vexcode\sdk\cpp\V5\V5_20240802_15_00_00/vexv5\libv5rt.a(v5_apiuser.c.obj)
                0x038052b0                vexEventMaskGet
 .text._ZN3vex6deviceD2Ev
                0x038052c8        0x4 c:\Users\student\AppData\Roaming\Code\User\globalStorage\vexrobotics.vexcode\sdk\cpp\V5\V5_20240802_15_00_00/vexv5\libv5rt.a(vex_device.cpp.obj)
                0x038052c8                vex::device::~device()
                0x038052c8                vex::device::~device()
 .text._ZN3vex6device5valueEv
                0x038052cc        0x8 c:\Users\student\AppData\Roaming\Code\User\globalStorage\vexrobotics.vexcode\sdk\cpp\V5\V5_20240802_15_00_00/vexv5\libv5rt.a(vex_device.cpp.obj)
                0x038052cc                vex::device::value()
 .text._ZN3vex6deviceD0Ev
                0x038052d4       0x14 c:\Users\student\AppData\Roaming\Code\User\globalStorage\vexrobotics.vexcode\sdk\cpp\V5\V5_20240802_15_00_00/vexv5\libv5rt.a(vex_device.cpp.obj)
                0x038052d4                vex::device::~device()
 .text._ZN3vex6device4initEl
                0x038052e8       0x30 c:\Users\student\AppData\Roaming\Code\User\globalStorage\vexrobotics.vexcode\sdk\cpp\V5\V5_20240802_15_00_00/vexv5\libv5rt.a(vex_device.cpp.obj)
                0x038052e8                vex::device::init(long)
 .text._ZN3vex6deviceC2El
                0x03805318       0x20 c:\Users\student\AppData\Roaming\Code\User\globalStorage\vexrobotics.vexcode\sdk\cpp\V5\V5_20240802_15_00_00/vexv5\libv5rt.a(vex_device.cpp.obj)
                0x03805318                vex::device::device(long)
                0x03805318                vex::device::device(long)
 .text._ZN3vex6device4typeEv
                0x03805338       0x10 c:\Users\student\AppData\Roaming\Code\User\globalStorage\vexrobotics.vexcode\sdk\cpp\V5\V5_20240802_15_00_00/vexv5\libv5rt.a(vex_device.cpp.obj)
                0x03805338                vex::device::type()
 .text._ZN3vex6device9installedEv
                0x03805348       0x14 c:\Users\student\AppData\Roaming\Code\User\globalStorage\vexrobotics.vexcode\sdk\cpp\V5\V5_20240802_15_00_00/vexv5\libv5rt.a(vex_device.cpp.obj)
                0x03805348                vex::device::installed()
 .text._ZN3vex4taskC2EPFivE
                0x0380535c       0x5c c:\Users\student\AppData\Roaming\Code\User\globalStorage\vexrobotics.vexcode\sdk\cpp\V5\V5_20240802_15_00_00/vexv5\libv5rt.a(vex_task.cpp.obj)
                0x0380535c                vex::task::task(int (*)())
                0x0380535c                vex::task::task(int (*)())
 .text._ZN3vex4taskD2Ev
                0x038053b8        0x4 c:\Users\student\AppData\Roaming\Code\User\globalStorage\vexrobotics.vexcode\sdk\cpp\V5\V5_20240802_15_00_00/vexv5\libv5rt.a(vex_task.cpp.obj)
                0x038053b8                vex::task::~task()
                0x038053b8                vex::task::~task()
 .text._ZN3vex4task4stopEPvi
                0x038053bc       0x1c c:\Users\student\AppData\Roaming\Code\User\globalStorage\vexrobotics.vexcode\sdk\cpp\V5\V5_20240802_15_00_00/vexv5\libv5rt.a(vex_task.cpp.obj)
                0x038053bc                vex::task::stop(void*, int)
 .text._ZN3vex4task6_indexEPFivE
                0x038053d8       0x14 c:\Users\student\AppData\Roaming\Code\User\globalStorage\vexrobotics.vexcode\sdk\cpp\V5\V5_20240802_15_00_00/vexv5\libv5rt.a(vex_task.cpp.obj)
                0x038053d8                vex::task::_index(int (*)())
 .text._ZN3vex4task8_stopAllEv
                0x038053ec       0x3c c:\Users\student\AppData\Roaming\Code\User\globalStorage\vexrobotics.vexcode\sdk\cpp\V5\V5_20240802_15_00_00/vexv5\libv5rt.a(vex_task.cpp.obj)
                0x038053ec                vex::task::_stopAll()
 .text.__libc_fini_array
                0x03805428       0x30 c:\Users\student\AppData\Roaming\Code\User\globalStorage\vexrobotics.vexcode\sdk\cpp\V5\V5_20240802_15_00_00/vexv5/gcc/libs\libc.a(lib_a-fini.o)
                0x03805428                __libc_fini_array
 .text.__libc_init_array
                0x03805458       0x58 c:\Users\student\AppData\Roaming\Code\User\globalStorage\vexrobotics.vexcode\sdk\cpp\V5\V5_20240802_15_00_00/vexv5/gcc/libs\libc.a(lib_a-init.o)
                0x03805458                __libc_init_array
 .text.cosf     0x038054b0       0x94 c:\Users\student\AppData\Roaming\Code\User\globalStorage\vexrobotics.vexcode\sdk\cpp\V5\V5_20240802_15_00_00/vexv5/gcc/libs\libm.a(lib_a-sf_cos.o)
                0x038054b0                cosf
 .text.fmaxf    0x03805544       0x4c c:\Users\student\AppData\Roaming\Code\User\globalStorage\vexrobotics.vexcode\sdk\cpp\V5\V5_20240802_15_00_00/vexv5/gcc/libs\libm.a(lib_a-sf_fmax.o)
                0x03805544                fmaxf
 .text.sinf     0x03805590       0xa0 c:\Users\student\AppData\Roaming\Code\User\globalStorage\vexrobotics.vexcode\sdk\cpp\V5\V5_20240802_15_00_00/vexv5/gcc/libs\libm.a(lib_a-sf_sin.o)
                0x03805590                sinf
 .text.atan2f   0x03805630        0x4 c:\Users\student\AppData\Roaming\Code\User\globalStorage\vexrobotics.vexcode\sdk\cpp\V5\V5_20240802_15_00_00/vexv5/gcc/libs\libm.a(lib_a-wf_atan2.o)
                0x03805630                atan2f
 *fill*         0x03805634        0x4 
 .text.powf     0x03805638      0x350 c:\Users\student\AppData\Roaming\Code\User\globalStorage\vexrobotics.vexcode\sdk\cpp\V5\V5_20240802_15_00_00/vexv5/gcc/libs\libm.a(lib_a-wf_pow.o)
                0x03805638                powf
 .text.__ieee754_atan2f
                0x03805988      0x188 c:\Users\student\AppData\Roaming\Code\User\globalStorage\vexrobotics.vexcode\sdk\cpp\V5\V5_20240802_15_00_00/vexv5/gcc/libs\libm.a(lib_a-ef_atan2.o)
                0x03805988                __ieee754_atan2f
 .text.__ieee754_powf
                0x03805b10      0x610 c:\Users\student\AppData\Roaming\Code\User\globalStorage\vexrobotics.vexcode\sdk\cpp\V5\V5_20240802_15_00_00/vexv5/gcc/libs\libm.a(lib_a-ef_pow.o)
                0x03805b10                __ieee754_powf
 .text.__ieee754_rem_pio2f
                0x03806120      0x278 c:\Users\student\AppData\Roaming\Code\User\globalStorage\vexrobotics.vexcode\sdk\cpp\V5\V5_20240802_15_00_00/vexv5/gcc/libs\libm.a(lib_a-ef_rem_pio2.o)
                0x03806120                __ieee754_rem_pio2f
 .text.__kernel_cosf
                0x03806398      0x118 c:\Users\student\AppData\Roaming\Code\User\globalStorage\vexrobotics.vexcode\sdk\cpp\V5\V5_20240802_15_00_00/vexv5/gcc/libs\libm.a(lib_a-kf_cos.o)
                0x03806398                __kernel_cosf
 .text.__kernel_rem_pio2f
                0x038064b0      0x628 c:\Users\student\AppData\Roaming\Code\User\globalStorage\vexrobotics.vexcode\sdk\cpp\V5\V5_20240802_15_00_00/vexv5/gcc/libs\libm.a(lib_a-kf_rem_pio2.o)
                0x038064b0                __kernel_rem_pio2f
 .text.__kernel_sinf
                0x03806ad8       0x98 c:\Users\student\AppData\Roaming\Code\User\globalStorage\vexrobotics.vexcode\sdk\cpp\V5\V5_20240802_15_00_00/vexv5/gcc/libs\libm.a(lib_a-kf_sin.o)
                0x03806ad8                __kernel_sinf
 .text.atanf    0x03806b70      0x1c0 c:\Users\student\AppData\Roaming\Code\User\globalStorage\vexrobotics.vexcode\sdk\cpp\V5\V5_20240802_15_00_00/vexv5/gcc/libs\libm.a(lib_a-sf_atan.o)
                0x03806b70                atanf
 .text.fabsf    0x03806d30        0x8 c:\Users\student\AppData\Roaming\Code\User\globalStorage\vexrobotics.vexcode\sdk\cpp\V5\V5_20240802_15_00_00/vexv5/gcc/libs\libm.a(lib_a-sf_fabs.o)
                0x03806d30                fabsf
 .text.finitef  0x03806d38       0x10 c:\Users\student\AppData\Roaming\Code\User\globalStorage\vexrobotics.vexcode\sdk\cpp\V5\V5_20240802_15_00_00/vexv5/gcc/libs\libm.a(lib_a-sf_finite.o)
                0x03806d38                finitef
 .text.floorf   0x03806d48       0xb4 c:\Users\student\AppData\Roaming\Code\User\globalStorage\vexrobotics.vexcode\sdk\cpp\V5\V5_20240802_15_00_00/vexv5/gcc/libs\libm.a(lib_a-sf_floor.o)
                0x03806d48                floorf
 .text.scalbnf  0x03806dfc      0x100 c:\Users\student\AppData\Roaming\Code\User\globalStorage\vexrobotics.vexcode\sdk\cpp\V5\V5_20240802_15_00_00/vexv5/gcc/libs\libm.a(lib_a-sf_scalbn.o)
                0x03806dfc                scalbnf
 .text.copysignf
                0x03806efc        0xc c:\Users\student\AppData\Roaming\Code\User\globalStorage\vexrobotics.vexcode\sdk\cpp\V5\V5_20240802_15_00_00/vexv5/gcc/libs\libm.a(lib_a-sf_copysign.o)
                0x03806efc                copysignf
 .text.copysignf.__stub
                0x03806f08       0x18 linker stubs
 *(.gnu.linkonce.t.*)
 *(.plt)
 *(.gnu_warning)
 *(.gcc_except_table)
 *(.glue_7)
 .glue_7        0x00000000        0x0 linker stubs
 *(.glue_7t)
 .glue_7t       0x00000000        0x0 linker stubs
 *(.vfp11_veneer)
 .vfp11_veneer  0x00000000        0x0 linker stubs
 *(.ARM.extab)
 *(.gnu.linkonce.armextab.*)

.v4_bx          0x03806f20        0x0
 .v4_bx         0x00000000        0x0 linker stubs

.iplt           0x03806f20        0x0
 .iplt          0x00000000        0x0 build/src/main.o

.init
 *(.init)

.fini
 *(.fini)

.rodata         0x03806f20      0x668
                0x03806f20                __rodata_start = .
 *(.rodata)
 *(.rodata.*)
 .rodata.str1.1
                0x03806f20       0x14 build/src/main.o
 .rodata._ZN7Vector24zeroE
                0x03806f34       0x24 build/../../Common/Vectors.o
                0x03806f34                Vector2::zero
 .rodata.str1.1
                0x03806f58       0x2e c:\Users\student\AppData\Roaming\Code\User\globalStorage\vexrobotics.vexcode\sdk\cpp\V5\V5_20240802_15_00_00/vexv5\libv5rt.a(v5_startup.c.obj)
 *fill*         0x03806f86        0x2 
 .rodata._ZN3vex6PORT20E
                0x03806f88        0x4 c:\Users\student\AppData\Roaming\Code\User\globalStorage\vexrobotics.vexcode\sdk\cpp\V5\V5_20240802_15_00_00/vexv5\libv5rt.a(vex_global.cpp.obj)
                0x03806f88                vex::PORT20
 .rodata._ZN3vex5PORT3E
                0x03806f8c        0x4 c:\Users\student\AppData\Roaming\Code\User\globalStorage\vexrobotics.vexcode\sdk\cpp\V5\V5_20240802_15_00_00/vexv5\libv5rt.a(vex_global.cpp.obj)
                0x03806f8c                vex::PORT3
 .rodata._ZN3vex5PORT1E
                0x03806f90        0x4 c:\Users\student\AppData\Roaming\Code\User\globalStorage\vexrobotics.vexcode\sdk\cpp\V5\V5_20240802_15_00_00/vexv5\libv5rt.a(vex_global.cpp.obj)
                0x03806f90                vex::PORT1
 .rodata._ZN3vex7reverseE
                0x03806f94        0x4 c:\Users\student\AppData\Roaming\Code\User\globalStorage\vexrobotics.vexcode\sdk\cpp\V5\V5_20240802_15_00_00/vexv5\libv5rt.a(vex_global.cpp.obj)
                0x03806f94                vex::reverse
 .rodata._ZN3vex6PORT10E
                0x03806f98        0x4 c:\Users\student\AppData\Roaming\Code\User\globalStorage\vexrobotics.vexcode\sdk\cpp\V5\V5_20240802_15_00_00/vexv5\libv5rt.a(vex_global.cpp.obj)
                0x03806f98                vex::PORT10
 .rodata._ZN3vex5PORT5E
                0x03806f9c        0x4 c:\Users\student\AppData\Roaming\Code\User\globalStorage\vexrobotics.vexcode\sdk\cpp\V5\V5_20240802_15_00_00/vexv5\libv5rt.a(vex_global.cpp.obj)
                0x03806f9c                vex::PORT5
 .rodata._ZN3vex7forwardE
                0x03806fa0        0x4 c:\Users\student\AppData\Roaming\Code\User\globalStorage\vexrobotics.vexcode\sdk\cpp\V5\V5_20240802_15_00_00/vexv5\libv5rt.a(vex_global.cpp.obj)
                0x03806fa0                vex::forward
 .rodata._ZN3vex6PORT14E
                0x03806fa4        0x4 c:\Users\student\AppData\Roaming\Code\User\globalStorage\vexrobotics.vexcode\sdk\cpp\V5\V5_20240802_15_00_00/vexv5\libv5rt.a(vex_global.cpp.obj)
                0x03806fa4                vex::PORT14
 .rodata._ZN3vex3pctE
                0x03806fa8        0x4 c:\Users\student\AppData\Roaming\Code\User\globalStorage\vexrobotics.vexcode\sdk\cpp\V5\V5_20240802_15_00_00/vexv5\libv5rt.a(vex_global.cpp.obj)
                0x03806fa8                vex::pct
 .rodata._ZN3vex4msecE
                0x03806fac        0x4 c:\Users\student\AppData\Roaming\Code\User\globalStorage\vexrobotics.vexcode\sdk\cpp\V5\V5_20240802_15_00_00/vexv5\libv5rt.a(vex_global.cpp.obj)
                0x03806fac                vex::msec
 .rodata._ZN3vex6PORT18E
                0x03806fb0        0x4 c:\Users\student\AppData\Roaming\Code\User\globalStorage\vexrobotics.vexcode\sdk\cpp\V5\V5_20240802_15_00_00/vexv5\libv5rt.a(vex_global.cpp.obj)
                0x03806fb0                vex::PORT18
 .rodata._ZN3vex5PORT9E
                0x03806fb4        0x4 c:\Users\student\AppData\Roaming\Code\User\globalStorage\vexrobotics.vexcode\sdk\cpp\V5\V5_20240802_15_00_00/vexv5\libv5rt.a(vex_global.cpp.obj)
                0x03806fb4                vex::PORT9
 .rodata._ZN3vex5PORT2E
                0x03806fb8        0x4 c:\Users\student\AppData\Roaming\Code\User\globalStorage\vexrobotics.vexcode\sdk\cpp\V5\V5_20240802_15_00_00/vexv5\libv5rt.a(vex_global.cpp.obj)
                0x03806fb8                vex::PORT2
 .rodata._ZN3vex6PORT11E
                0x03806fbc        0x4 c:\Users\student\AppData\Roaming\Code\User\globalStorage\vexrobotics.vexcode\sdk\cpp\V5\V5_20240802_15_00_00/vexv5\libv5rt.a(vex_global.cpp.obj)
                0x03806fbc                vex::PORT11
 .rodata._ZN3vex5PORT6E
                0x03806fc0        0x4 c:\Users\student\AppData\Roaming\Code\User\globalStorage\vexrobotics.vexcode\sdk\cpp\V5\V5_20240802_15_00_00/vexv5\libv5rt.a(vex_global.cpp.obj)
                0x03806fc0                vex::PORT6
 .rodata._ZN3vex3degE
                0x03806fc4        0x4 c:\Users\student\AppData\Roaming\Code\User\globalStorage\vexrobotics.vexcode\sdk\cpp\V5\V5_20240802_15_00_00/vexv5\libv5rt.a(vex_global.cpp.obj)
                0x03806fc4                vex::deg
 .rodata._ZN3vex6PORT15E
                0x03806fc8        0x4 c:\Users\student\AppData\Roaming\Code\User\globalStorage\vexrobotics.vexcode\sdk\cpp\V5\V5_20240802_15_00_00/vexv5\libv5rt.a(vex_global.cpp.obj)
                0x03806fc8                vex::PORT15
 .rodata._ZN3vex6PORT19E
                0x03806fcc        0x4 c:\Users\student\AppData\Roaming\Code\User\globalStorage\vexrobotics.vexcode\sdk\cpp\V5\V5_20240802_15_00_00/vexv5\libv5rt.a(vex_global.cpp.obj)
                0x03806fcc                vex::PORT19
 .rodata._ZN3vex7degreesE
                0x03806fd0        0x4 c:\Users\student\AppData\Roaming\Code\User\globalStorage\vexrobotics.vexcode\sdk\cpp\V5\V5_20240802_15_00_00/vexv5\libv5rt.a(vex_global.cpp.obj)
                0x03806fd0                vex::degrees
 .rodata._ZN3vex6PORT22E
                0x03806fd4        0x4 c:\Users\student\AppData\Roaming\Code\User\globalStorage\vexrobotics.vexcode\sdk\cpp\V5\V5_20240802_15_00_00/vexv5\libv5rt.a(vex_global.cpp.obj)
                0x03806fd4                vex::PORT22
 .rodata._ZN3vex6PORT12E
                0x03806fd8        0x4 c:\Users\student\AppData\Roaming\Code\User\globalStorage\vexrobotics.vexcode\sdk\cpp\V5\V5_20240802_15_00_00/vexv5\libv5rt.a(vex_global.cpp.obj)
                0x03806fd8                vex::PORT12
 .rodata._ZN3vex5PORT7E
                0x03806fdc        0x4 c:\Users\student\AppData\Roaming\Code\User\globalStorage\vexrobotics.vexcode\sdk\cpp\V5\V5_20240802_15_00_00/vexv5\libv5rt.a(vex_global.cpp.obj)
                0x03806fdc                vex::PORT7
 .rodata._ZN3vex6PORT16E
                0x03806fe0        0x4 c:\Users\student\AppData\Roaming\Code\User\globalStorage\vexrobotics.vexcode\sdk\cpp\V5\V5_20240802_15_00_00/vexv5\libv5rt.a(vex_global.cpp.obj)
                0x03806fe0                vex::PORT16
 .rodata._ZN3vex5PORT4E
                0x03806fe4        0x4 c:\Users\student\AppData\Roaming\Code\User\globalStorage\vexrobotics.vexcode\sdk\cpp\V5\V5_20240802_15_00_00/vexv5\libv5rt.a(vex_global.cpp.obj)
                0x03806fe4                vex::PORT4
 .rodata._ZN3vex6PORT13E
                0x03806fe8        0x4 c:\Users\student\AppData\Roaming\Code\User\globalStorage\vexrobotics.vexcode\sdk\cpp\V5\V5_20240802_15_00_00/vexv5\libv5rt.a(vex_global.cpp.obj)
                0x03806fe8                vex::PORT13
 .rodata._ZN3vex5PORT8E
                0x03806fec        0x4 c:\Users\student\AppData\Roaming\Code\User\globalStorage\vexrobotics.vexcode\sdk\cpp\V5\V5_20240802_15_00_00/vexv5\libv5rt.a(vex_global.cpp.obj)
                0x03806fec                vex::PORT8
 .rodata._ZN3vex6PORT17E
                0x03806ff0        0x4 c:\Users\student\AppData\Roaming\Code\User\globalStorage\vexrobotics.vexcode\sdk\cpp\V5\V5_20240802_15_00_00/vexv5\libv5rt.a(vex_global.cpp.obj)
                0x03806ff0                vex::PORT17
 *fill*         0x03806ff4        0x4 
 .rodata._ZTVN3vex5motorE
                0x03806ff8       0x18 c:\Users\student\AppData\Roaming\Code\User\globalStorage\vexrobotics.vexcode\sdk\cpp\V5\V5_20240802_15_00_00/vexv5\libv5rt.a(vex_motor.cpp.obj)
                0x03806ff8                vtable for vex::motor
 .rodata._ZTVN3vex8inertialE
                0x03807010       0x68 c:\Users\student\AppData\Roaming\Code\User\globalStorage\vexrobotics.vexcode\sdk\cpp\V5\V5_20240802_15_00_00/vexv5\libv5rt.a(vex_imu.cpp.obj)
                0x03807010                vtable for vex::inertial
 .rodata._ZTVN3vex8rotationE
                0x03807078       0x18 c:\Users\student\AppData\Roaming\Code\User\globalStorage\vexrobotics.vexcode\sdk\cpp\V5\V5_20240802_15_00_00/vexv5\libv5rt.a(vex_rotation.cpp.obj)
                0x03807078                vtable for vex::rotation
 .rodata.str1.1
                0x03807090       0x1f c:\Users\student\AppData\Roaming\Code\User\globalStorage\vexrobotics.vexcode\sdk\cpp\V5\V5_20240802_15_00_00/vexv5\libv5rt.a(vex_controller.cpp.obj)
                                 0x20 (size before relaxing)
 .rodata.CSWTCH.16
                0x038070af        0xb c:\Users\student\AppData\Roaming\Code\User\globalStorage\vexrobotics.vexcode\sdk\cpp\V5\V5_20240802_15_00_00/vexv5\libv5rt.a(vex_controller.cpp.obj)
 .rodata.CSWTCH.18
                0x038070ba        0xb c:\Users\student\AppData\Roaming\Code\User\globalStorage\vexrobotics.vexcode\sdk\cpp\V5\V5_20240802_15_00_00/vexv5\libv5rt.a(vex_controller.cpp.obj)
 .rodata.CSWTCH.24
                0x038070c5        0x3 c:\Users\student\AppData\Roaming\Code\User\globalStorage\vexrobotics.vexcode\sdk\cpp\V5\V5_20240802_15_00_00/vexv5\libv5rt.a(vex_controller.cpp.obj)
 .rodata.str1.1
                0x038070c8       0x14 c:\Users\student\AppData\Roaming\Code\User\globalStorage\vexrobotics.vexcode\sdk\cpp\V5\V5_20240802_15_00_00/vexv5\libv5rt.a(vex_thread.cpp.obj)
 .rodata.str1.1
                0x038070dc       0x2d c:\Users\student\AppData\Roaming\Code\User\globalStorage\vexrobotics.vexcode\sdk\cpp\V5\V5_20240802_15_00_00/vexv5\libv5rt.a(vex_brain.cpp.obj)
 *fill*         0x03807109        0x7 
 .rodata._ZTVN3vex7triportE
                0x03807110       0x18 c:\Users\student\AppData\Roaming\Code\User\globalStorage\vexrobotics.vexcode\sdk\cpp\V5\V5_20240802_15_00_00/vexv5\libv5rt.a(vex_triport.cpp.obj)
                0x03807110                vtable for vex::triport
 .rodata.CSWTCH.39
                0x03807128        0xe c:\Users\student\AppData\Roaming\Code\User\globalStorage\vexrobotics.vexcode\sdk\cpp\V5\V5_20240802_15_00_00/vexv5\libv5rt.a(vex_triport.cpp.obj)
 .rodata.CSWTCH.44
                0x03807136       0x10 c:\Users\student\AppData\Roaming\Code\User\globalStorage\vexrobotics.vexcode\sdk\cpp\V5\V5_20240802_15_00_00/vexv5\libv5rt.a(vex_triport.cpp.obj)
 *fill*         0x03807146        0x2 
 .rodata._ZTVN3vex6deviceE
                0x03807148       0x18 c:\Users\student\AppData\Roaming\Code\User\globalStorage\vexrobotics.vexcode\sdk\cpp\V5\V5_20240802_15_00_00/vexv5\libv5rt.a(vex_device.cpp.obj)
                0x03807148                vtable for vex::device
 .rodata.str1.1
                0x03807160       0x14 c:\Users\student\AppData\Roaming\Code\User\globalStorage\vexrobotics.vexcode\sdk\cpp\V5\V5_20240802_15_00_00/vexv5\libv5rt.a(vex_task.cpp.obj)
 .rodata.str1.4
                0x03807174        0x2 c:\Users\student\AppData\Roaming\Code\User\globalStorage\vexrobotics.vexcode\sdk\cpp\V5\V5_20240802_15_00_00/vexv5/gcc/libs\libc.a(lib_a-impure.o)
 *fill*         0x03807176        0x2 
 .rodata.str1.4
                0x03807178        0x5 c:\Users\student\AppData\Roaming\Code\User\globalStorage\vexrobotics.vexcode\sdk\cpp\V5\V5_20240802_15_00_00/vexv5/gcc/libs\libm.a(lib_a-wf_pow.o)
 *fill*         0x0380717d        0x3 
 .rodata.dp_h   0x03807180        0x8 c:\Users\student\AppData\Roaming\Code\User\globalStorage\vexrobotics.vexcode\sdk\cpp\V5\V5_20240802_15_00_00/vexv5/gcc/libs\libm.a(lib_a-ef_pow.o)
 .rodata.dp_l   0x03807188        0x8 c:\Users\student\AppData\Roaming\Code\User\globalStorage\vexrobotics.vexcode\sdk\cpp\V5\V5_20240802_15_00_00/vexv5/gcc/libs\libm.a(lib_a-ef_pow.o)
 .rodata.bp     0x03807190        0x8 c:\Users\student\AppData\Roaming\Code\User\globalStorage\vexrobotics.vexcode\sdk\cpp\V5\V5_20240802_15_00_00/vexv5/gcc/libs\libm.a(lib_a-ef_pow.o)
 .rodata.str1.4
                0x00000000        0x8 c:\Users\student\AppData\Roaming\Code\User\globalStorage\vexrobotics.vexcode\sdk\cpp\V5\V5_20240802_15_00_00/vexv5/gcc/libs\libm.a(lib_a-ef_pow.o)
                                  0x1 (size before relaxing)
 .rodata.npio2_hw
                0x03807198       0x80 c:\Users\student\AppData\Roaming\Code\User\globalStorage\vexrobotics.vexcode\sdk\cpp\V5\V5_20240802_15_00_00/vexv5/gcc/libs\libm.a(lib_a-ef_rem_pio2.o)
 .rodata.two_over_pi
                0x03807218      0x318 c:\Users\student\AppData\Roaming\Code\User\globalStorage\vexrobotics.vexcode\sdk\cpp\V5\V5_20240802_15_00_00/vexv5/gcc/libs\libm.a(lib_a-ef_rem_pio2.o)
 .rodata.init_jk
                0x03807530        0xc c:\Users\student\AppData\Roaming\Code\User\globalStorage\vexrobotics.vexcode\sdk\cpp\V5\V5_20240802_15_00_00/vexv5/gcc/libs\libm.a(lib_a-kf_rem_pio2.o)
 .rodata.PIo2   0x0380753c       0x2c c:\Users\student\AppData\Roaming\Code\User\globalStorage\vexrobotics.vexcode\sdk\cpp\V5\V5_20240802_15_00_00/vexv5/gcc/libs\libm.a(lib_a-kf_rem_pio2.o)
 .rodata.atanlo
                0x03807568       0x10 c:\Users\student\AppData\Roaming\Code\User\globalStorage\vexrobotics.vexcode\sdk\cpp\V5\V5_20240802_15_00_00/vexv5/gcc/libs\libm.a(lib_a-sf_atan.o)
 .rodata.atanhi
                0x03807578       0x10 c:\Users\student\AppData\Roaming\Code\User\globalStorage\vexrobotics.vexcode\sdk\cpp\V5\V5_20240802_15_00_00/vexv5/gcc/libs\libm.a(lib_a-sf_atan.o)
 *(.gnu.linkonce.r.*)
                0x03807588                __rodata_end = .

.rodata1        0x03807588        0x0
                0x03807588                __rodata1_start = .
 *(.rodata1)
 *(.rodata1.*)
                0x03807588                __rodata1_end = .

.sdata2         0x03807588        0x0
                0x03807588                __sdata2_start = .
 *(.sdata2)
 *(.sdata2.*)
 *(.gnu.linkonce.s2.*)
                0x03807588                __sdata2_end = .

.sbss2          0x03807588        0x0
                0x03807588                __sbss2_start = .
 *(.sbss2)
 *(.sbss2.*)
 *(.gnu.linkonce.sb2.*)
                0x03807588                __sbss2_end = .

.data           0x03807588      0x435
                0x03807588                __data_start = .
 *(.data)
 *(.data.*)
 .data.appRunning
                0x03807588        0x4 c:\Users\student\AppData\Roaming\Code\User\globalStorage\vexrobotics.vexcode\sdk\cpp\V5\V5_20240802_15_00_00/vexv5\libv5rt.a(v5_startup.c.obj)
                0x03807588                appRunning
 .data._ZN3vex24__default_motor_velocityE